******************************************************************************
                  MSP430 Linker PC v21.6.1                     
******************************************************************************
>> Linked Wed Apr 10 17:51:17 2024

OUTPUT FILE NAME:   <CarReorganised.out>
ENTRY POINT SYMBOL: "_c_int00_noargs"  address: 0000d092


MEMORY CONFIGURATION

         name            origin    length      used     unused   attr    fill
----------------------  --------  ---------  --------  --------  ----  --------
  SFR                   00000000   00000010  00000000  00000010  RWIX
  PERIPHERALS_8BIT      00000010   000000f0  00000000  000000f0  RWIX
  PERIPHERALS_16BIT     00000100   00000100  00000000  00000100  RWIX
  RAM                   00000200   00000200  00000155  000000ab  RWIX
  INFOD                 00001000   00000040  00000000  00000040  RWIX
  INFOC                 00001040   00000040  00000000  00000040  RWIX
  INFOB                 00001080   00000040  00000000  00000040  RWIX
  INFOA                 000010c0   00000040  00000000  00000040  RWIX
  FLASH                 0000c000   00003fde  00001248  00002d96  RWIX
  BSLSIGNATURE          0000ffde   00000002  00000002  00000000  RWIX  ffff 
  INT00                 0000ffe0   00000002  00000002  00000000  RWIX
  INT01                 0000ffe2   00000002  00000000  00000002  RWIX
  INT02                 0000ffe4   00000002  00000002  00000000  RWIX
  INT03                 0000ffe6   00000002  00000002  00000000  RWIX
  INT04                 0000ffe8   00000002  00000000  00000002  RWIX
  INT05                 0000ffea   00000002  00000002  00000000  RWIX
  INT06                 0000ffec   00000002  00000002  00000000  RWIX
  INT07                 0000ffee   00000002  00000002  00000000  RWIX
  INT08                 0000fff0   00000002  00000002  00000000  RWIX
  INT09                 0000fff2   00000002  00000002  00000000  RWIX
  INT10                 0000fff4   00000002  00000002  00000000  RWIX
  INT11                 0000fff6   00000002  00000002  00000000  RWIX
  INT12                 0000fff8   00000002  00000002  00000000  RWIX
  INT13                 0000fffa   00000002  00000002  00000000  RWIX
  INT14                 0000fffc   00000002  00000002  00000000  RWIX
  RESET                 0000fffe   00000002  00000002  00000000  RWIX


SECTION ALLOCATION MAP

 output                                  attributes/
section   page    origin      length       input sections
--------  ----  ----------  ----------   ----------------
.data      0    00000200    00000101     UNINITIALIZED
                  00000200    00000020     main.obj (.data)
                  00000220    0000001e     main.obj (.data:RADARAtEachAngle)
                  0000023e    0000001c     main.obj (.data:Schedule)
                  0000025a    00000010     main.obj (.data:motorDrive)
                  0000026a    00000010     main.obj (.data:motorSteer)
                  0000027a    0000000f     main.obj (.data:anomalyEnd)
                  00000289    00000001     --HOLE--
                  0000028a    0000000f     main.obj (.data:anomalyPositions)
                  00000299    00000001     --HOLE--
                  0000029a    0000000f     main.obj (.data:anomalyStart)
                  000002a9    00000001     --HOLE--
                  000002aa    0000000a     main.obj (.data:RADARDistances)
                  000002b4    0000000a     main.obj (.data:ultraLeft)
                  000002be    0000000a     main.obj (.data:ultraRADAR)
                  000002c8    0000000a     main.obj (.data:ultraRight)
                  000002d2    0000000a     main.obj (.data:wallDistancesLeft)
                  000002dc    0000000a     main.obj (.data:wallDistancesRight)
                  000002e6    00000009     main.obj (.data:flag)
                  000002ef    00000001     --HOLE--
                  000002f0    00000006     main.obj (.data:servoRADAR)
                  000002f6    00000004     main.obj (.data:LEDTop)
                  000002fa    00000004     main.obj (.data:currentTime)
                  000002fe    00000003     main.obj (.data:IR)

.bss       0    00000302    00000004     UNINITIALIZED
                  00000302    00000002     (.common:leftWall)
                  00000304    00000002     (.common:newAngle)

.stack     0    000003b0    00000050     UNINITIALIZED
                  000003b0    00000002     rts430_eabi.lib : boot.c.obj (.stack)
                  000003b2    0000004e     --HOLE--

.text      0    0000c000    000011ea     
                  0000c000    00000340     main.obj (.text:checkFlags)
                  0000c340    000002f6     main.obj (.text:stateControl)
                  0000c636    00000258     main.obj (.text:RADAR)
                  0000c88e    0000014e     main.obj (.text:checkSchedule)
                  0000c9dc    000000d8     main.obj (.text:main)
                  0000cab4    000000b8     main.obj (.text:Timer1_A1_ISR)
                  0000cb6c    000000a0     main.obj (.text:alignToWall)
                  0000cc0c    00000082     Ultrasonic.obj (.text:ultrasonicSetup)
                  0000cc8e    0000007c     rts430_eabi.lib : copy_decompress_lzss.c.obj (.text:decompress:lzss:__TI_decompress_lzss)
                  0000cd0a    00000070     Ultrasonic.obj (.text:ultrasonicTrigger)
                  0000cd7a    0000005e     main.obj (.text:Timer0_A1_ISR)
                  0000cdd8    0000004c     DCMotor.obj (.text:motorOutput)
                  0000ce24    0000004c     rts430_eabi.lib : lsr16.asm.obj (.text)
                  0000ce70    00000048     main.obj (.text:timeIncrement)
                  0000ceb8    00000042     rts430_eabi.lib : autoinit.c.obj (.text:__TI_auto_init_nobinit_nopinit:__TI_auto_init_nobinit_nopinit)
                  0000cefa    0000003e     main.obj (.text:Timer0_A0_ISR)
                  0000cf38    0000003c     Infrared.obj (.text:IRRead)
                  0000cf74    00000034     main.obj (.text:findDistanceAverage)
                  0000cfa8    00000034     Servo.obj (.text:servoTurn)
                  0000cfdc    0000002c     rts430_eabi.lib : lsl16.asm.obj (.text)
                  0000d008    0000002c     main.obj (.text:setupTimerRADAR)
                  0000d034    00000022     Servo.obj (.text:servoSetup)
                  0000d056    00000020     main.obj (.text:setupTimerSchedule)
                  0000d076    0000001c     Infrared.obj (.text:IRSetup)
                  0000d092    0000001c     rts430_eabi.lib : boot.c.obj (.text:_c_int00_noargs)
                  0000d0ae    0000001c     IndicatorLED.obj (.text:indicatorLEDOff)
                  0000d0ca    0000001c     IndicatorLED.obj (.text:indicatorLEDOn)
                  0000d0e6    0000001c     IndicatorLED.obj (.text:indicatorLEDSetup)
                  0000d102    0000001c     IndicatorLED.obj (.text:indicatorLEDToggle)
                  0000d11e    0000001a     main.obj (.text:Timer1_A0_ISR)
                  0000d138    0000001a     main.obj (.text:setupButton)
                  0000d152    00000016     rts430_eabi.lib : div16u.asm.obj (.text)
                  0000d168    00000014                     : copy_zero_init.c.obj (.text:decompress:ZI:__TI_zero_init_nomemset:__TI_zero_init_nomemset)
                  0000d17c    00000012                     : copy_decompress_none.c.obj (.text:decompress:none:__TI_decompress_none)
                  0000d18e    00000012                     : memcpy.c.obj (.text:memcpy)
                  0000d1a0    00000010     main.obj (.text:Port1_ISR)
                  0000d1b0    00000010     rts430_eabi.lib : epilog.asm.obj (.text)
                  0000d1c0    0000000e     DCMotor.obj (.text:motorSetup)
                  0000d1ce    00000008     rts430_eabi.lib : isr_trap.asm.obj (.text:_isr:__TI_ISR_TRAP)
                  0000d1d6    00000008     Servo.obj (.text:servoCenter)
                  0000d1de    00000006     rts430_eabi.lib : exit.c.obj (.text:abort)
                  0000d1e4    00000004                     : pre_init.c.obj (.text:_system_pre_init)
                  0000d1e8    00000002                     : startup.c.obj (.text:_system_post_cinit)

.cinit     0    0000d1ea    0000005e     
                  0000d1ea    0000004c     (.cinit..data.load) [load image, compression = lzss]
                  0000d236    00000006     (__TI_handler_table)
                  0000d23c    00000004     (.cinit..bss.load) [load image, compression = zero_init]
                  0000d240    00000008     (__TI_cinit_table)

.binit     0    0000c000    00000000     

.init_array 
*          0    0000c000    00000000     UNINITIALIZED

TRAPINT    0    0000ffe0    00000002     
                  0000ffe0    00000002     rts430_eabi.lib : int00.asm.obj (.int00)

PORT1      0    0000ffe4    00000002     
                  0000ffe4    00000002     main.obj (.int02)

PORT2      0    0000ffe6    00000002     
                  0000ffe6    00000002     rts430_eabi.lib : int03.asm.obj (.int03)

ADC10      0    0000ffea    00000002     
                  0000ffea    00000002     rts430_eabi.lib : int05.asm.obj (.int05)

USCIAB0TX 
*          0    0000ffec    00000002     
                  0000ffec    00000002     rts430_eabi.lib : int06.asm.obj (.int06)

USCIAB0RX 
*          0    0000ffee    00000002     
                  0000ffee    00000002     rts430_eabi.lib : int07.asm.obj (.int07)

TIMER0_A1 
*          0    0000fff0    00000002     
                  0000fff0    00000002     main.obj (.int08)

TIMER0_A0 
*          0    0000fff2    00000002     
                  0000fff2    00000002     main.obj (.int09)

WDT        0    0000fff4    00000002     
                  0000fff4    00000002     rts430_eabi.lib : int10.asm.obj (.int10)

COMPARATORA 
*          0    0000fff6    00000002     
                  0000fff6    00000002     rts430_eabi.lib : int11.asm.obj (.int11)

TIMER1_A1 
*          0    0000fff8    00000002     
                  0000fff8    00000002     main.obj (.int12)

TIMER1_A0 
*          0    0000fffa    00000002     
                  0000fffa    00000002     main.obj (.int13)

NMI        0    0000fffc    00000002     
                  0000fffc    00000002     rts430_eabi.lib : int14.asm.obj (.int14)

.reset     0    0000fffe    00000002     
                  0000fffe    00000002     rts430_eabi.lib : boot.c.obj (.reset)

$fill000   0    0000ffde    00000002     
                  0000ffde    00000002     --HOLE-- [fill = ffff]

MODULE SUMMARY

       Module                       code   ro data   rw data
       ------                       ----   -------   -------
    .\
       main.obj                     3508   10        257    
       Ultrasonic.obj               242    0         0      
       IndicatorLED.obj             112    0         0      
       Servo.obj                    94     0         0      
       DCMotor.obj                  90     0         0      
       Infrared.obj                 88     0         0      
    +--+----------------------------+------+---------+---------+
       Total:                       4134   10        257    
                                                            
    C:\ti\ccs1240\ccs\tools\compiler\ti-cgt-msp430_21.6.1.LTS\lib\rts430_eabi.lib
       copy_decompress_lzss.c.obj   124    0         0      
       lsr16.asm.obj                76     0         0      
       autoinit.c.obj               66     0         0      
       lsl16.asm.obj                44     0         0      
       boot.c.obj                   28     2         0      
       div16u.asm.obj               22     0         0      
       copy_zero_init.c.obj         20     0         0      
       copy_decompress_none.c.obj   18     0         0      
       memcpy.c.obj                 18     0         0      
       epilog.asm.obj               16     0         0      
       isr_trap.asm.obj             8      0         0      
       exit.c.obj                   6      0         0      
       pre_init.c.obj               4      0         0      
       int00.asm.obj                0      2         0      
       int03.asm.obj                0      2         0      
       int05.asm.obj                0      2         0      
       int06.asm.obj                0      2         0      
       int07.asm.obj                0      2         0      
       int10.asm.obj                0      2         0      
       int11.asm.obj                0      2         0      
       int14.asm.obj                0      2         0      
       startup.c.obj                2      0         0      
    +--+----------------------------+------+---------+---------+
       Total:                       452    18        0      
                                                            
       Stack:                       0      0         80     
       Linker Generated:            0      94        0      
    +--+----------------------------+------+---------+---------+
       Grand Total:                 4586   122       337    


LINKER GENERATED COPY TABLES

__TI_cinit_table @ 0000d240 records: 2, size/record: 4, table size: 8
	.data: load addr=0000d1ea, load size=0000004c bytes, run addr=00000200, run size=00000101 bytes, compression=lzss
	.bss: load addr=0000d23c, load size=00000004 bytes, run addr=00000302, run size=00000004 bytes, compression=zero_init


LINKER GENERATED HANDLER TABLE

__TI_handler_table @ 0000d236 records: 3, size/record: 2, table size: 6
	index: 0, handler: __TI_zero_init
	index: 1, handler: __TI_decompress_lzss
	index: 2, handler: __TI_decompress_none


GLOBAL SYMBOLS: SORTED ALPHABETICALLY BY Name 

address   name                          
-------   ----                          
0000004a  ADC10AE0                      
000001b0  ADC10CTL0                     
000001b2  ADC10CTL1                     
00000048  ADC10DTC0                     
00000049  ADC10DTC1                     
000001b4  ADC10MEM                      
000001bc  ADC10SA                       
00000057  BCSCTL1                       
00000058  BCSCTL2                       
00000053  BCSCTL3                       
0000d1de  C$$EXIT                       
00000059  CACTL1                        
0000005a  CACTL2                        
000010fb  CALBC1_12MHZ                  
000010f9  CALBC1_16MHZ                  
000010ff  CALBC1_1MHZ                   
000010fd  CALBC1_8MHZ                   
000010fa  CALDCO_12MHZ                  
000010f8  CALDCO_16MHZ                  
000010fe  CALDCO_1MHZ                   
000010fc  CALDCO_8MHZ                   
0000005b  CAPD                          
00000056  DCOCTL                        
00000128  FCTL1                         
0000012a  FCTL2                         
0000012c  FCTL3                         
00000000  IE1                           
00000001  IE2                           
00000002  IFG1                          
00000003  IFG2                          
000002fe  IR                            
0000cf38  IRRead                        
0000d076  IRSetup                       
000002f6  LEDTop                        
00000022  P1DIR                         
00000025  P1IE                          
00000024  P1IES                         
00000023  P1IFG                         
00000020  P1IN                          
00000021  P1OUT                         
00000027  P1REN                         
00000026  P1SEL                         
00000041  P1SEL2                        
0000002a  P2DIR                         
0000002d  P2IE                          
0000002c  P2IES                         
0000002b  P2IFG                         
00000028  P2IN                          
00000029  P2OUT                         
0000002f  P2REN                         
0000002e  P2SEL                         
00000042  P2SEL2                        
0000001a  P3DIR                         
00000018  P3IN                          
00000019  P3OUT                         
00000010  P3REN                         
0000001b  P3SEL                         
00000043  P3SEL2                        
0000d1a0  Port1_ISR                     
0000c636  RADAR                         
00000220  RADARAtEachAngle              
000002aa  RADARDistances                
0000023e  Schedule                      
00000172  TA0CCR0                       
00000174  TA0CCR1                       
00000176  TA0CCR2                       
00000162  TA0CCTL0                      
00000164  TA0CCTL1                      
00000166  TA0CCTL2                      
00000160  TA0CTL                        
0000012e  TA0IV                         
00000170  TA0R                          
00000192  TA1CCR0                       
00000194  TA1CCR1                       
00000196  TA1CCR2                       
00000182  TA1CCTL0                      
00000184  TA1CCTL1                      
00000186  TA1CCTL2                      
00000180  TA1CTL                        
0000011e  TA1IV                         
00000190  TA1R                          
000010db  TLV_ADC10_1_LEN               
000010da  TLV_ADC10_1_TAG               
000010c0  TLV_CHECKSUM                  
000010f7  TLV_DCO_30_LEN                
000010f6  TLV_DCO_30_TAG                
0000cefa  Timer0_A0_ISR                 
0000cd7a  Timer0_A1_ISR                 
0000d11e  Timer1_A0_ISR                 
0000cab4  Timer1_A1_ISR                 
0000005d  UCA0ABCTL                     
00000062  UCA0BR0                       
00000063  UCA0BR1                       
00000060  UCA0CTL0                      
00000061  UCA0CTL1                      
0000005f  UCA0IRRCTL                    
0000005e  UCA0IRTCTL                    
00000064  UCA0MCTL                      
00000066  UCA0RXBUF                     
00000065  UCA0STAT                      
00000067  UCA0TXBUF                     
0000006a  UCB0BR0                       
0000006b  UCB0BR1                       
00000068  UCB0CTL0                      
00000069  UCB0CTL1                      
0000006c  UCB0I2CIE                     
00000118  UCB0I2COA                     
0000011a  UCB0I2CSA                     
0000006e  UCB0RXBUF                     
0000006d  UCB0STAT                      
0000006f  UCB0TXBUF                     
00000120  WDTCTL                        
00000400  __STACK_END                   
00000050  __STACK_SIZE                  
0000d240  __TI_CINIT_Base               
0000d248  __TI_CINIT_Limit              
0000d248  __TI_CINIT_Warm               
0000d236  __TI_Handler_Table_Base       
0000d23c  __TI_Handler_Table_Limit      
0000d1ce  __TI_ISR_TRAP                 
0000ceb8  __TI_auto_init_nobinit_nopinit
0000cc8e  __TI_decompress_lzss          
0000d17c  __TI_decompress_none          
0000ffe0  __TI_int00                    
0000ffe4  __TI_int02                    
0000ffe6  __TI_int03                    
0000ffea  __TI_int05                    
0000ffec  __TI_int06                    
0000ffee  __TI_int07                    
0000fff0  __TI_int08                    
0000fff2  __TI_int09                    
0000fff4  __TI_int10                    
0000fff6  __TI_int11                    
0000fff8  __TI_int12                    
0000fffa  __TI_int13                    
0000fffc  __TI_int14                    
ffffffff  __TI_pprof_out_hndl           
ffffffff  __TI_prof_data_size           
ffffffff  __TI_prof_data_start          
0000d168  __TI_zero_init_nomemset       
ffffffff  __c_args__                    
0000d152  __mspabi_divu                 
0000d1bc  __mspabi_func_epilog_1        
0000d1ba  __mspabi_func_epilog_2        
0000d1b8  __mspabi_func_epilog_3        
0000d1b6  __mspabi_func_epilog_4        
0000d1b4  __mspabi_func_epilog_5        
0000d1b2  __mspabi_func_epilog_6        
0000d1b0  __mspabi_func_epilog_7        
0000d152  __mspabi_remu                 
0000cfdc  __mspabi_slli                 
0000d004  __mspabi_slli_1               
0000cff2  __mspabi_slli_10              
0000cff0  __mspabi_slli_11              
0000cfee  __mspabi_slli_12              
0000cfec  __mspabi_slli_13              
0000cfea  __mspabi_slli_14              
0000cfe8  __mspabi_slli_15              
0000d002  __mspabi_slli_2               
0000d000  __mspabi_slli_3               
0000cffe  __mspabi_slli_4               
0000cffc  __mspabi_slli_5               
0000cffa  __mspabi_slli_6               
0000cff8  __mspabi_slli_7               
0000cff6  __mspabi_slli_8               
0000cff4  __mspabi_slli_9               
0000ce24  __mspabi_srli                 
0000ce6a  __mspabi_srli_1               
0000ce46  __mspabi_srli_10              
0000ce42  __mspabi_srli_11              
0000ce3e  __mspabi_srli_12              
0000ce3a  __mspabi_srli_13              
0000ce36  __mspabi_srli_14              
0000ce32  __mspabi_srli_15              
0000ce66  __mspabi_srli_2               
0000ce62  __mspabi_srli_3               
0000ce5e  __mspabi_srli_4               
0000ce5a  __mspabi_srli_5               
0000ce56  __mspabi_srli_6               
0000ce52  __mspabi_srli_7               
0000ce4e  __mspabi_srli_8               
0000ce4a  __mspabi_srli_9               
0000d092  _c_int00_noargs               
0000fffe  _reset_vector                 
000003b0  _stack                        
0000d1e8  _system_post_cinit            
0000d1e4  _system_pre_init              
0000d1de  abort                         
0000cb6c  alignToWall                   
00000212  anglesChecked                 
0000027a  anomalyEnd                    
00000213  anomalyNumber                 
0000028a  anomalyPositions              
0000029a  anomalyStart                  
00000216  avgAnomalyDistance            
0000021a  avgNewAnomalyDistance         
0000020a  avgNewReading                 
00000208  avgOldReading                 
00000206  avgReading                    
0000021c  buttonPressed                 
00000214  canAnomaly                    
0000c000  checkFlags                    
0000c88e  checkSchedule                 
000002fa  currentTime                   
00000218  expectedCanDistance           
00000210  fillBufferCount               
0000cf74  findDistanceAverage           
000002e6  flag                          
0000020c  i                             
0000d0ae  indicatorLEDOff               
0000d0ca  indicatorLEDOn                
0000d0e6  indicatorLEDSetup             
0000d102  indicatorLEDToggle            
0000020e  j                             
00000302  leftWall                      
00000215  lostCan                       
0000c9dc  main                          
0000d18e  memcpy                        
0000025a  motorDrive                    
0000cdd8  motorOutput                   
0000d1c0  motorSetup                    
0000026a  motorSteer                    
00000304  newAngle                      
00000202  nextState                     
00000200  previousState                 
00000211  readingsOnAngle               
0000d1d6  servoCenter                   
000002f0  servoRADAR                    
0000d034  servoSetup                    
0000cfa8  servoTurn                     
0000d138  setupButton                   
0000d008  setupTimerRADAR               
0000d056  setupTimerSchedule            
00000201  state                         
0000c340  stateControl                  
0000ce70  timeIncrement                 
00000203  turnState                     
00000204  turnStateTime                 
000002b4  ultraLeft                     
000002be  ultraRADAR                    
0000021f  ultraRADARRead                
0000021d  ultraReadLeft                 
0000021e  ultraReadRight                
000002c8  ultraRight                    
0000cc0c  ultrasonicSetup               
0000cd0a  ultrasonicTrigger             
000002d2  wallDistancesLeft             
000002dc  wallDistancesRight            


GLOBAL SYMBOLS: SORTED BY Symbol Address 

address   name                          
-------   ----                          
00000000  IE1                           
00000001  IE2                           
00000002  IFG1                          
00000003  IFG2                          
00000010  P3REN                         
00000018  P3IN                          
00000019  P3OUT                         
0000001a  P3DIR                         
0000001b  P3SEL                         
00000020  P1IN                          
00000021  P1OUT                         
00000022  P1DIR                         
00000023  P1IFG                         
00000024  P1IES                         
00000025  P1IE                          
00000026  P1SEL                         
00000027  P1REN                         
00000028  P2IN                          
00000029  P2OUT                         
0000002a  P2DIR                         
0000002b  P2IFG                         
0000002c  P2IES                         
0000002d  P2IE                          
0000002e  P2SEL                         
0000002f  P2REN                         
00000041  P1SEL2                        
00000042  P2SEL2                        
00000043  P3SEL2                        
00000048  ADC10DTC0                     
00000049  ADC10DTC1                     
0000004a  ADC10AE0                      
00000050  __STACK_SIZE                  
00000053  BCSCTL3                       
00000056  DCOCTL                        
00000057  BCSCTL1                       
00000058  BCSCTL2                       
00000059  CACTL1                        
0000005a  CACTL2                        
0000005b  CAPD                          
0000005d  UCA0ABCTL                     
0000005e  UCA0IRTCTL                    
0000005f  UCA0IRRCTL                    
00000060  UCA0CTL0                      
00000061  UCA0CTL1                      
00000062  UCA0BR0                       
00000063  UCA0BR1                       
00000064  UCA0MCTL                      
00000065  UCA0STAT                      
00000066  UCA0RXBUF                     
00000067  UCA0TXBUF                     
00000068  UCB0CTL0                      
00000069  UCB0CTL1                      
0000006a  UCB0BR0                       
0000006b  UCB0BR1                       
0000006c  UCB0I2CIE                     
0000006d  UCB0STAT                      
0000006e  UCB0RXBUF                     
0000006f  UCB0TXBUF                     
00000118  UCB0I2COA                     
0000011a  UCB0I2CSA                     
0000011e  TA1IV                         
00000120  WDTCTL                        
00000128  FCTL1                         
0000012a  FCTL2                         
0000012c  FCTL3                         
0000012e  TA0IV                         
00000160  TA0CTL                        
00000162  TA0CCTL0                      
00000164  TA0CCTL1                      
00000166  TA0CCTL2                      
00000170  TA0R                          
00000172  TA0CCR0                       
00000174  TA0CCR1                       
00000176  TA0CCR2                       
00000180  TA1CTL                        
00000182  TA1CCTL0                      
00000184  TA1CCTL1                      
00000186  TA1CCTL2                      
00000190  TA1R                          
00000192  TA1CCR0                       
00000194  TA1CCR1                       
00000196  TA1CCR2                       
000001b0  ADC10CTL0                     
000001b2  ADC10CTL1                     
000001b4  ADC10MEM                      
000001bc  ADC10SA                       
00000200  previousState                 
00000201  state                         
00000202  nextState                     
00000203  turnState                     
00000204  turnStateTime                 
00000206  avgReading                    
00000208  avgOldReading                 
0000020a  avgNewReading                 
0000020c  i                             
0000020e  j                             
00000210  fillBufferCount               
00000211  readingsOnAngle               
00000212  anglesChecked                 
00000213  anomalyNumber                 
00000214  canAnomaly                    
00000215  lostCan                       
00000216  avgAnomalyDistance            
00000218  expectedCanDistance           
0000021a  avgNewAnomalyDistance         
0000021c  buttonPressed                 
0000021d  ultraReadLeft                 
0000021e  ultraReadRight                
0000021f  ultraRADARRead                
00000220  RADARAtEachAngle              
0000023e  Schedule                      
0000025a  motorDrive                    
0000026a  motorSteer                    
0000027a  anomalyEnd                    
0000028a  anomalyPositions              
0000029a  anomalyStart                  
000002aa  RADARDistances                
000002b4  ultraLeft                     
000002be  ultraRADAR                    
000002c8  ultraRight                    
000002d2  wallDistancesLeft             
000002dc  wallDistancesRight            
000002e6  flag                          
000002f0  servoRADAR                    
000002f6  LEDTop                        
000002fa  currentTime                   
000002fe  IR                            
00000302  leftWall                      
00000304  newAngle                      
000003b0  _stack                        
00000400  __STACK_END                   
000010c0  TLV_CHECKSUM                  
000010da  TLV_ADC10_1_TAG               
000010db  TLV_ADC10_1_LEN               
000010f6  TLV_DCO_30_TAG                
000010f7  TLV_DCO_30_LEN                
000010f8  CALDCO_16MHZ                  
000010f9  CALBC1_16MHZ                  
000010fa  CALDCO_12MHZ                  
000010fb  CALBC1_12MHZ                  
000010fc  CALDCO_8MHZ                   
000010fd  CALBC1_8MHZ                   
000010fe  CALDCO_1MHZ                   
000010ff  CALBC1_1MHZ                   
0000c000  checkFlags                    
0000c340  stateControl                  
0000c636  RADAR                         
0000c88e  checkSchedule                 
0000c9dc  main                          
0000cab4  Timer1_A1_ISR                 
0000cb6c  alignToWall                   
0000cc0c  ultrasonicSetup               
0000cc8e  __TI_decompress_lzss          
0000cd0a  ultrasonicTrigger             
0000cd7a  Timer0_A1_ISR                 
0000cdd8  motorOutput                   
0000ce24  __mspabi_srli                 
0000ce32  __mspabi_srli_15              
0000ce36  __mspabi_srli_14              
0000ce3a  __mspabi_srli_13              
0000ce3e  __mspabi_srli_12              
0000ce42  __mspabi_srli_11              
0000ce46  __mspabi_srli_10              
0000ce4a  __mspabi_srli_9               
0000ce4e  __mspabi_srli_8               
0000ce52  __mspabi_srli_7               
0000ce56  __mspabi_srli_6               
0000ce5a  __mspabi_srli_5               
0000ce5e  __mspabi_srli_4               
0000ce62  __mspabi_srli_3               
0000ce66  __mspabi_srli_2               
0000ce6a  __mspabi_srli_1               
0000ce70  timeIncrement                 
0000ceb8  __TI_auto_init_nobinit_nopinit
0000cefa  Timer0_A0_ISR                 
0000cf38  IRRead                        
0000cf74  findDistanceAverage           
0000cfa8  servoTurn                     
0000cfdc  __mspabi_slli                 
0000cfe8  __mspabi_slli_15              
0000cfea  __mspabi_slli_14              
0000cfec  __mspabi_slli_13              
0000cfee  __mspabi_slli_12              
0000cff0  __mspabi_slli_11              
0000cff2  __mspabi_slli_10              
0000cff4  __mspabi_slli_9               
0000cff6  __mspabi_slli_8               
0000cff8  __mspabi_slli_7               
0000cffa  __mspabi_slli_6               
0000cffc  __mspabi_slli_5               
0000cffe  __mspabi_slli_4               
0000d000  __mspabi_slli_3               
0000d002  __mspabi_slli_2               
0000d004  __mspabi_slli_1               
0000d008  setupTimerRADAR               
0000d034  servoSetup                    
0000d056  setupTimerSchedule            
0000d076  IRSetup                       
0000d092  _c_int00_noargs               
0000d0ae  indicatorLEDOff               
0000d0ca  indicatorLEDOn                
0000d0e6  indicatorLEDSetup             
0000d102  indicatorLEDToggle            
0000d11e  Timer1_A0_ISR                 
0000d138  setupButton                   
0000d152  __mspabi_divu                 
0000d152  __mspabi_remu                 
0000d168  __TI_zero_init_nomemset       
0000d17c  __TI_decompress_none          
0000d18e  memcpy                        
0000d1a0  Port1_ISR                     
0000d1b0  __mspabi_func_epilog_7        
0000d1b2  __mspabi_func_epilog_6        
0000d1b4  __mspabi_func_epilog_5        
0000d1b6  __mspabi_func_epilog_4        
0000d1b8  __mspabi_func_epilog_3        
0000d1ba  __mspabi_func_epilog_2        
0000d1bc  __mspabi_func_epilog_1        
0000d1c0  motorSetup                    
0000d1ce  __TI_ISR_TRAP                 
0000d1d6  servoCenter                   
0000d1de  C$$EXIT                       
0000d1de  abort                         
0000d1e4  _system_pre_init              
0000d1e8  _system_post_cinit            
0000d236  __TI_Handler_Table_Base       
0000d23c  __TI_Handler_Table_Limit      
0000d240  __TI_CINIT_Base               
0000d248  __TI_CINIT_Limit              
0000d248  __TI_CINIT_Warm               
0000ffe0  __TI_int00                    
0000ffe4  __TI_int02                    
0000ffe6  __TI_int03                    
0000ffea  __TI_int05                    
0000ffec  __TI_int06                    
0000ffee  __TI_int07                    
0000fff0  __TI_int08                    
0000fff2  __TI_int09                    
0000fff4  __TI_int10                    
0000fff6  __TI_int11                    
0000fff8  __TI_int12                    
0000fffa  __TI_int13                    
0000fffc  __TI_int14                    
0000fffe  _reset_vector                 
ffffffff  __TI_pprof_out_hndl           
ffffffff  __TI_prof_data_size           
ffffffff  __TI_prof_data_start          
ffffffff  __c_args__                    

[248 symbols]
