******************************************************************************
                  MSP430 Linker PC v21.6.1                     
******************************************************************************
>> Linked Tue Apr 16 15:28:32 2024

OUTPUT FILE NAME:   <CarReorganised.out>
ENTRY POINT SYMBOL: "_c_int00_noargs"  address: 0000d7ae


MEMORY CONFIGURATION

         name            origin    length      used     unused   attr    fill
----------------------  --------  ---------  --------  --------  ----  --------
  SFR                   00000000   00000010  00000000  00000010  RWIX
  PERIPHERALS_8BIT      00000010   000000f0  00000000  000000f0  RWIX
  PERIPHERALS_16BIT     00000100   00000100  00000000  00000100  RWIX
  RAM                   00000200   00000200  0000017b  00000085  RWIX
  INFOD                 00001000   00000040  00000000  00000040  RWIX
  INFOC                 00001040   00000040  00000000  00000040  RWIX
  INFOB                 00001080   00000040  00000000  00000040  RWIX
  INFOA                 000010c0   00000040  00000000  00000040  RWIX
  FLASH                 0000c000   00003fde  0000194c  00002692  RWIX
  BSLSIGNATURE          0000ffde   00000002  00000002  00000000  RWIX  ffff 
  INT00                 0000ffe0   00000002  00000002  00000000  RWIX
  INT01                 0000ffe2   00000002  00000000  00000002  RWIX
  INT02                 0000ffe4   00000002  00000002  00000000  RWIX
  INT03                 0000ffe6   00000002  00000002  00000000  RWIX
  INT04                 0000ffe8   00000002  00000000  00000002  RWIX
  INT05                 0000ffea   00000002  00000002  00000000  RWIX
  INT06                 0000ffec   00000002  00000002  00000000  RWIX
  INT07                 0000ffee   00000002  00000002  00000000  RWIX
  INT08                 0000fff0   00000002  00000002  00000000  RWIX
  INT09                 0000fff2   00000002  00000002  00000000  RWIX
  INT10                 0000fff4   00000002  00000002  00000000  RWIX
  INT11                 0000fff6   00000002  00000002  00000000  RWIX
  INT12                 0000fff8   00000002  00000002  00000000  RWIX
  INT13                 0000fffa   00000002  00000002  00000000  RWIX
  INT14                 0000fffc   00000002  00000002  00000000  RWIX
  RESET                 0000fffe   00000002  00000002  00000000  RWIX


SECTION ALLOCATION MAP

 output                                  attributes/
section   page    origin      length       input sections
--------  ----  ----------  ----------   ----------------
.data      0    00000200    00000127     UNINITIALIZED
                  00000200    00000036     main.obj (.data)
                  00000236    00000028     main.obj (.data:Schedule)
                  0000025e    0000001e     main.obj (.data:RADARAtEachAngle)
                  0000027c    00000010     main.obj (.data:motorDrive)
                  0000028c    00000010     main.obj (.data:motorSteer)
                  0000029c    0000000f     main.obj (.data:anomalyEnd)
                  000002ab    00000001     --HOLE--
                  000002ac    0000000f     main.obj (.data:anomalyPositions)
                  000002bb    00000001     --HOLE--
                  000002bc    0000000f     main.obj (.data:anomalyStart)
                  000002cb    00000001     --HOLE--
                  000002cc    0000000a     main.obj (.data:RADARDistances)
                  000002d6    0000000a     main.obj (.data:ultraLeft)
                  000002e0    0000000a     main.obj (.data:ultraRADAR)
                  000002ea    0000000a     main.obj (.data:ultraRight)
                  000002f4    0000000a     main.obj (.data:wallDistancesLeft)
                  000002fe    0000000a     main.obj (.data:wallDistancesRight)
                  00000308    00000009     main.obj (.data:flag)
                  00000311    00000001     --HOLE--
                  00000312    00000006     main.obj (.data:servoRADAR)
                  00000318    00000004     main.obj (.data:LEDBlue)
                  0000031c    00000004     main.obj (.data:LEDRed)
                  00000320    00000004     main.obj (.data:currentTime)
                  00000324    00000003     main.obj (.data:IR)

.bss       0    00000328    00000004     UNINITIALIZED
                  00000328    00000002     (.common:leftWall)
                  0000032a    00000002     (.common:newAngle)

.stack     0    000003b0    00000050     UNINITIALIZED
                  000003b0    00000002     rts430_eabi.lib : boot.c.obj (.stack)
                  000003b2    0000004e     --HOLE--

.text      0    0000c000    000018ea     
                  0000c000    0000051c     main.obj (.text:stateControl)
                  0000c51c    00000278     main.obj (.text:RADAR)
                  0000c794    0000022a     main.obj (.text:checkFlags)
                  0000c9be    00000208     main.obj (.text:changingState)
                  0000cbc6    000001f8     main.obj (.text:canLock)
                  0000cdbe    000001a8     main.obj (.text:checkSchedule)
                  0000cf66    00000100     main.obj (.text:main)
                  0000d066    000000cc     main.obj (.text:circumnavigate)
                  0000d132    000000be     main.obj (.text:alignToWall)
                  0000d1f0    000000b8     main.obj (.text:Timer1_A1_ISR)
                  0000d2a8    00000082     Ultrasonic.obj (.text:ultrasonicSetup)
                  0000d32a    0000007c     rts430_eabi.lib : copy_decompress_lzss.c.obj (.text:decompress:lzss:__TI_decompress_lzss)
                  0000d3a6    00000070     Ultrasonic.obj (.text:ultrasonicTrigger)
                  0000d416    0000005e     main.obj (.text:Timer0_A1_ISR)
                  0000d474    0000004c     DCMotor.obj (.text:motorOutput)
                  0000d4c0    0000004c     rts430_eabi.lib : lsr16.asm.obj (.text)
                  0000d50c    0000004c     main.obj (.text:updateCarHeading)
                  0000d558    00000048     main.obj (.text:timeIncrement)
                  0000d5a0    00000042     rts430_eabi.lib : autoinit.c.obj (.text:__TI_auto_init_nobinit_nopinit:__TI_auto_init_nobinit_nopinit)
                  0000d5e2    0000003e     main.obj (.text:Timer0_A0_ISR)
                  0000d620    0000003c     Infrared.obj (.text:IRRead)
                  0000d65c    00000034     main.obj (.text:findDistanceAverage)
                  0000d690    00000034     IndicatorLED.obj (.text:indicatorLEDSetup)
                  0000d6c4    00000034     Servo.obj (.text:servoTurn)
                  0000d6f8    0000002c     rts430_eabi.lib : lsl16.asm.obj (.text)
                  0000d724    0000002c     main.obj (.text:setupTimerRADAR)
                  0000d750    00000022     Servo.obj (.text:servoSetup)
                  0000d772    00000020     main.obj (.text:setupTimerSchedule)
                  0000d792    0000001c     Infrared.obj (.text:IRSetup)
                  0000d7ae    0000001c     rts430_eabi.lib : boot.c.obj (.text:_c_int00_noargs)
                  0000d7ca    0000001c     IndicatorLED.obj (.text:indicatorLEDOff)
                  0000d7e6    0000001c     IndicatorLED.obj (.text:indicatorLEDOn)
                  0000d802    0000001c     IndicatorLED.obj (.text:indicatorLEDToggle)
                  0000d81e    0000001a     main.obj (.text:Timer1_A0_ISR)
                  0000d838    0000001a     main.obj (.text:setupButton)
                  0000d852    00000016     rts430_eabi.lib : div16u.asm.obj (.text)
                  0000d868    00000014                     : copy_zero_init.c.obj (.text:decompress:ZI:__TI_zero_init_nomemset:__TI_zero_init_nomemset)
                  0000d87c    00000012                     : copy_decompress_none.c.obj (.text:decompress:none:__TI_decompress_none)
                  0000d88e    00000012                     : memcpy.c.obj (.text:memcpy)
                  0000d8a0    00000010     main.obj (.text:Port1_ISR)
                  0000d8b0    00000010     rts430_eabi.lib : epilog.asm.obj (.text)
                  0000d8c0    0000000e     DCMotor.obj (.text:motorSetup)
                  0000d8ce    00000008     rts430_eabi.lib : isr_trap.asm.obj (.text:_isr:__TI_ISR_TRAP)
                  0000d8d6    00000008     Servo.obj (.text:servoCenter)
                  0000d8de    00000006     rts430_eabi.lib : exit.c.obj (.text:abort)
                  0000d8e4    00000004                     : pre_init.c.obj (.text:_system_pre_init)
                  0000d8e8    00000002                     : startup.c.obj (.text:_system_post_cinit)

.cinit     0    0000d8ea    00000062     
                  0000d8ea    0000004f     (.cinit..data.load) [load image, compression = lzss]
                  0000d939    00000001     --HOLE-- [fill = 0]
                  0000d93a    00000006     (__TI_handler_table)
                  0000d940    00000004     (.cinit..bss.load) [load image, compression = zero_init]
                  0000d944    00000008     (__TI_cinit_table)

.binit     0    0000c000    00000000     

.init_array 
*          0    0000c000    00000000     UNINITIALIZED

TRAPINT    0    0000ffe0    00000002     
                  0000ffe0    00000002     rts430_eabi.lib : int00.asm.obj (.int00)

PORT1      0    0000ffe4    00000002     
                  0000ffe4    00000002     main.obj (.int02)

PORT2      0    0000ffe6    00000002     
                  0000ffe6    00000002     rts430_eabi.lib : int03.asm.obj (.int03)

ADC10      0    0000ffea    00000002     
                  0000ffea    00000002     rts430_eabi.lib : int05.asm.obj (.int05)

USCIAB0TX 
*          0    0000ffec    00000002     
                  0000ffec    00000002     rts430_eabi.lib : int06.asm.obj (.int06)

USCIAB0RX 
*          0    0000ffee    00000002     
                  0000ffee    00000002     rts430_eabi.lib : int07.asm.obj (.int07)

TIMER0_A1 
*          0    0000fff0    00000002     
                  0000fff0    00000002     main.obj (.int08)

TIMER0_A0 
*          0    0000fff2    00000002     
                  0000fff2    00000002     main.obj (.int09)

WDT        0    0000fff4    00000002     
                  0000fff4    00000002     rts430_eabi.lib : int10.asm.obj (.int10)

COMPARATORA 
*          0    0000fff6    00000002     
                  0000fff6    00000002     rts430_eabi.lib : int11.asm.obj (.int11)

TIMER1_A1 
*          0    0000fff8    00000002     
                  0000fff8    00000002     main.obj (.int12)

TIMER1_A0 
*          0    0000fffa    00000002     
                  0000fffa    00000002     main.obj (.int13)

NMI        0    0000fffc    00000002     
                  0000fffc    00000002     rts430_eabi.lib : int14.asm.obj (.int14)

.reset     0    0000fffe    00000002     
                  0000fffe    00000002     rts430_eabi.lib : boot.c.obj (.reset)

$fill000   0    0000ffde    00000002     
                  0000ffde    00000002     --HOLE-- [fill = ffff]

MODULE SUMMARY

       Module                       code   ro data   rw data
       ------                       ----   -------   -------
    .\
       main.obj                     5276   10        295    
       Ultrasonic.obj               242    0         0      
       IndicatorLED.obj             136    0         0      
       Servo.obj                    94     0         0      
       DCMotor.obj                  90     0         0      
       Infrared.obj                 88     0         0      
    +--+----------------------------+------+---------+---------+
       Total:                       5926   10        295    
                                                            
    C:\ti\ccs1240\ccs\tools\compiler\ti-cgt-msp430_21.6.1.LTS\lib\rts430_eabi.lib
       copy_decompress_lzss.c.obj   124    0         0      
       lsr16.asm.obj                76     0         0      
       autoinit.c.obj               66     0         0      
       lsl16.asm.obj                44     0         0      
       boot.c.obj                   28     2         0      
       div16u.asm.obj               22     0         0      
       copy_zero_init.c.obj         20     0         0      
       copy_decompress_none.c.obj   18     0         0      
       memcpy.c.obj                 18     0         0      
       epilog.asm.obj               16     0         0      
       isr_trap.asm.obj             8      0         0      
       exit.c.obj                   6      0         0      
       pre_init.c.obj               4      0         0      
       int00.asm.obj                0      2         0      
       int03.asm.obj                0      2         0      
       int05.asm.obj                0      2         0      
       int06.asm.obj                0      2         0      
       int07.asm.obj                0      2         0      
       int10.asm.obj                0      2         0      
       int11.asm.obj                0      2         0      
       int14.asm.obj                0      2         0      
       startup.c.obj                2      0         0      
    +--+----------------------------+------+---------+---------+
       Total:                       452    18        0      
                                                            
       Stack:                       0      0         80     
       Linker Generated:            0      97        0      
    +--+----------------------------+------+---------+---------+
       Grand Total:                 6378   125       375    


LINKER GENERATED COPY TABLES

__TI_cinit_table @ 0000d944 records: 2, size/record: 4, table size: 8
	.data: load addr=0000d8ea, load size=0000004f bytes, run addr=00000200, run size=00000127 bytes, compression=lzss
	.bss: load addr=0000d940, load size=00000004 bytes, run addr=00000328, run size=00000004 bytes, compression=zero_init


LINKER GENERATED HANDLER TABLE

__TI_handler_table @ 0000d93a records: 3, size/record: 2, table size: 6
	index: 0, handler: __TI_zero_init
	index: 1, handler: __TI_decompress_lzss
	index: 2, handler: __TI_decompress_none


GLOBAL SYMBOLS: SORTED ALPHABETICALLY BY Name 

address   name                          
-------   ----                          
0000004a  ADC10AE0                      
000001b0  ADC10CTL0                     
000001b2  ADC10CTL1                     
00000048  ADC10DTC0                     
00000049  ADC10DTC1                     
000001b4  ADC10MEM                      
000001bc  ADC10SA                       
00000057  BCSCTL1                       
00000058  BCSCTL2                       
00000053  BCSCTL3                       
0000d8de  C$$EXIT                       
00000059  CACTL1                        
0000005a  CACTL2                        
000010fb  CALBC1_12MHZ                  
000010f9  CALBC1_16MHZ                  
000010ff  CALBC1_1MHZ                   
000010fd  CALBC1_8MHZ                   
000010fa  CALDCO_12MHZ                  
000010f8  CALDCO_16MHZ                  
000010fe  CALDCO_1MHZ                   
000010fc  CALDCO_8MHZ                   
0000005b  CAPD                          
00000056  DCOCTL                        
00000128  FCTL1                         
0000012a  FCTL2                         
0000012c  FCTL3                         
00000000  IE1                           
00000001  IE2                           
00000002  IFG1                          
00000003  IFG2                          
00000324  IR                            
0000d620  IRRead                        
0000d792  IRSetup                       
00000318  LEDBlue                       
0000031c  LEDRed                        
00000022  P1DIR                         
00000025  P1IE                          
00000024  P1IES                         
00000023  P1IFG                         
00000020  P1IN                          
00000021  P1OUT                         
00000027  P1REN                         
00000026  P1SEL                         
00000041  P1SEL2                        
0000002a  P2DIR                         
0000002d  P2IE                          
0000002c  P2IES                         
0000002b  P2IFG                         
00000028  P2IN                          
00000029  P2OUT                         
0000002f  P2REN                         
0000002e  P2SEL                         
00000042  P2SEL2                        
0000001a  P3DIR                         
00000018  P3IN                          
00000019  P3OUT                         
00000010  P3REN                         
0000001b  P3SEL                         
00000043  P3SEL2                        
0000d8a0  Port1_ISR                     
0000c51c  RADAR                         
0000025e  RADARAtEachAngle              
000002cc  RADARDistances                
00000236  Schedule                      
00000172  TA0CCR0                       
00000174  TA0CCR1                       
00000176  TA0CCR2                       
00000162  TA0CCTL0                      
00000164  TA0CCTL1                      
00000166  TA0CCTL2                      
00000160  TA0CTL                        
0000012e  TA0IV                         
00000170  TA0R                          
00000192  TA1CCR0                       
00000194  TA1CCR1                       
00000196  TA1CCR2                       
00000182  TA1CCTL0                      
00000184  TA1CCTL1                      
00000186  TA1CCTL2                      
00000180  TA1CTL                        
0000011e  TA1IV                         
00000190  TA1R                          
000010db  TLV_ADC10_1_LEN               
000010da  TLV_ADC10_1_TAG               
000010c0  TLV_CHECKSUM                  
000010f7  TLV_DCO_30_LEN                
000010f6  TLV_DCO_30_TAG                
0000d5e2  Timer0_A0_ISR                 
0000d416  Timer0_A1_ISR                 
0000d81e  Timer1_A0_ISR                 
0000d1f0  Timer1_A1_ISR                 
0000005d  UCA0ABCTL                     
00000062  UCA0BR0                       
00000063  UCA0BR1                       
00000060  UCA0CTL0                      
00000061  UCA0CTL1                      
0000005f  UCA0IRRCTL                    
0000005e  UCA0IRTCTL                    
00000064  UCA0MCTL                      
00000066  UCA0RXBUF                     
00000065  UCA0STAT                      
00000067  UCA0TXBUF                     
0000006a  UCB0BR0                       
0000006b  UCB0BR1                       
00000068  UCB0CTL0                      
00000069  UCB0CTL1                      
0000006c  UCB0I2CIE                     
00000118  UCB0I2COA                     
0000011a  UCB0I2CSA                     
0000006e  UCB0RXBUF                     
0000006d  UCB0STAT                      
0000006f  UCB0TXBUF                     
00000120  WDTCTL                        
00000400  __STACK_END                   
00000050  __STACK_SIZE                  
0000d944  __TI_CINIT_Base               
0000d94c  __TI_CINIT_Limit              
0000d94c  __TI_CINIT_Warm               
0000d93a  __TI_Handler_Table_Base       
0000d940  __TI_Handler_Table_Limit      
0000d8ce  __TI_ISR_TRAP                 
0000d5a0  __TI_auto_init_nobinit_nopinit
0000d32a  __TI_decompress_lzss          
0000d87c  __TI_decompress_none          
0000ffe0  __TI_int00                    
0000ffe4  __TI_int02                    
0000ffe6  __TI_int03                    
0000ffea  __TI_int05                    
0000ffec  __TI_int06                    
0000ffee  __TI_int07                    
0000fff0  __TI_int08                    
0000fff2  __TI_int09                    
0000fff4  __TI_int10                    
0000fff6  __TI_int11                    
0000fff8  __TI_int12                    
0000fffa  __TI_int13                    
0000fffc  __TI_int14                    
ffffffff  __TI_pprof_out_hndl           
ffffffff  __TI_prof_data_size           
ffffffff  __TI_prof_data_start          
0000d868  __TI_zero_init_nomemset       
ffffffff  __c_args__                    
0000d852  __mspabi_divu                 
0000d8bc  __mspabi_func_epilog_1        
0000d8ba  __mspabi_func_epilog_2        
0000d8b8  __mspabi_func_epilog_3        
0000d8b6  __mspabi_func_epilog_4        
0000d8b4  __mspabi_func_epilog_5        
0000d8b2  __mspabi_func_epilog_6        
0000d8b0  __mspabi_func_epilog_7        
0000d852  __mspabi_remu                 
0000d6f8  __mspabi_slli                 
0000d720  __mspabi_slli_1               
0000d70e  __mspabi_slli_10              
0000d70c  __mspabi_slli_11              
0000d70a  __mspabi_slli_12              
0000d708  __mspabi_slli_13              
0000d706  __mspabi_slli_14              
0000d704  __mspabi_slli_15              
0000d71e  __mspabi_slli_2               
0000d71c  __mspabi_slli_3               
0000d71a  __mspabi_slli_4               
0000d718  __mspabi_slli_5               
0000d716  __mspabi_slli_6               
0000d714  __mspabi_slli_7               
0000d712  __mspabi_slli_8               
0000d710  __mspabi_slli_9               
0000d4c0  __mspabi_srli                 
0000d506  __mspabi_srli_1               
0000d4e2  __mspabi_srli_10              
0000d4de  __mspabi_srli_11              
0000d4da  __mspabi_srli_12              
0000d4d6  __mspabi_srli_13              
0000d4d2  __mspabi_srli_14              
0000d4ce  __mspabi_srli_15              
0000d502  __mspabi_srli_2               
0000d4fe  __mspabi_srli_3               
0000d4fa  __mspabi_srli_4               
0000d4f6  __mspabi_srli_5               
0000d4f2  __mspabi_srli_6               
0000d4ee  __mspabi_srli_7               
0000d4ea  __mspabi_srli_8               
0000d4e6  __mspabi_srli_9               
0000d7ae  _c_int00_noargs               
0000fffe  _reset_vector                 
000003b0  _stack                        
0000d8e8  _system_post_cinit            
0000d8e4  _system_pre_init              
0000d8de  abort                         
0000d132  alignToWall                   
0000021f  anglesChecked                 
0000029c  anomalyEnd                    
00000220  anomalyNumber                 
000002ac  anomalyPositions              
000002bc  anomalyStart                  
00000226  avgAnomalyDistance            
0000022a  avgNewAnomalyDistance         
00000208  avgNewReading                 
00000206  avgOldReading                 
00000204  avgReading                    
00000232  buttonPressed                 
00000221  canAnomaly                    
0000cbc6  canLock                       
00000215  canPosition                   
0000020e  cansDealtWith                 
0000c9be  changingState                 
0000c794  checkFlags                    
0000cdbe  checkSchedule                 
0000022f  checkStraightness             
0000d066  circumnavigate                
00000218  closestWallLeft               
00000320  currentTime                   
00000228  expectedCanDistance           
00000212  fillBufferCount               
0000d65c  findDistanceAverage           
00000308  flag                          
0000020a  i                             
0000d7ca  indicatorLEDOff               
0000d7e6  indicatorLEDOn                
0000d690  indicatorLEDSetup             
0000d802  indicatorLEDToggle            
0000020c  j                             
00000328  leftWall                      
00000222  lostCan                       
00000224  lostCount                     
0000cf66  main                          
0000d88e  memcpy                        
0000022e  minAngle                      
0000027c  motorDrive                    
0000d474  motorOutput                   
0000d8c0  motorSetup                    
0000028c  motorSteer                    
0000022c  movement                      
0000032a  newAngle                      
00000211  nextState                     
0000022d  onAngle                       
0000020f  previousState                 
0000021e  readingsOnAngle               
00000216  search                        
0000d8d6  servoCenter                   
00000312  servoRADAR                    
0000d750  servoSetup                    
0000d6c4  servoTurn                     
0000d838  setupButton                   
0000d724  setupTimerRADAR               
0000d772  setupTimerSchedule            
00000210  state                         
0000c000  stateControl                  
0000d558  timeIncrement                 
0000021c  timeToCanAlignMs              
0000021a  timeToCanAlignSec             
00000213  turnState                     
00000214  turnStateTime                 
000002d6  ultraLeft                     
000002e0  ultraRADAR                    
00000235  ultraRADARRead                
00000233  ultraReadLeft                 
00000234  ultraReadRight                
000002ea  ultraRight                    
0000d2a8  ultrasonicSetup               
0000d3a6  ultrasonicTrigger             
0000d50c  updateCarHeading              
00000230  useNumber                     
00000200  wallAlignTolerance            
00000202  wallChangeThreshold           
000002f4  wallDistancesLeft             
000002fe  wallDistancesRight            


GLOBAL SYMBOLS: SORTED BY Symbol Address 

address   name                          
-------   ----                          
00000000  IE1                           
00000001  IE2                           
00000002  IFG1                          
00000003  IFG2                          
00000010  P3REN                         
00000018  P3IN                          
00000019  P3OUT                         
0000001a  P3DIR                         
0000001b  P3SEL                         
00000020  P1IN                          
00000021  P1OUT                         
00000022  P1DIR                         
00000023  P1IFG                         
00000024  P1IES                         
00000025  P1IE                          
00000026  P1SEL                         
00000027  P1REN                         
00000028  P2IN                          
00000029  P2OUT                         
0000002a  P2DIR                         
0000002b  P2IFG                         
0000002c  P2IES                         
0000002d  P2IE                          
0000002e  P2SEL                         
0000002f  P2REN                         
00000041  P1SEL2                        
00000042  P2SEL2                        
00000043  P3SEL2                        
00000048  ADC10DTC0                     
00000049  ADC10DTC1                     
0000004a  ADC10AE0                      
00000050  __STACK_SIZE                  
00000053  BCSCTL3                       
00000056  DCOCTL                        
00000057  BCSCTL1                       
00000058  BCSCTL2                       
00000059  CACTL1                        
0000005a  CACTL2                        
0000005b  CAPD                          
0000005d  UCA0ABCTL                     
0000005e  UCA0IRTCTL                    
0000005f  UCA0IRRCTL                    
00000060  UCA0CTL0                      
00000061  UCA0CTL1                      
00000062  UCA0BR0                       
00000063  UCA0BR1                       
00000064  UCA0MCTL                      
00000065  UCA0STAT                      
00000066  UCA0RXBUF                     
00000067  UCA0TXBUF                     
00000068  UCB0CTL0                      
00000069  UCB0CTL1                      
0000006a  UCB0BR0                       
0000006b  UCB0BR1                       
0000006c  UCB0I2CIE                     
0000006d  UCB0STAT                      
0000006e  UCB0RXBUF                     
0000006f  UCB0TXBUF                     
00000118  UCB0I2COA                     
0000011a  UCB0I2CSA                     
0000011e  TA1IV                         
00000120  WDTCTL                        
00000128  FCTL1                         
0000012a  FCTL2                         
0000012c  FCTL3                         
0000012e  TA0IV                         
00000160  TA0CTL                        
00000162  TA0CCTL0                      
00000164  TA0CCTL1                      
00000166  TA0CCTL2                      
00000170  TA0R                          
00000172  TA0CCR0                       
00000174  TA0CCR1                       
00000176  TA0CCR2                       
00000180  TA1CTL                        
00000182  TA1CCTL0                      
00000184  TA1CCTL1                      
00000186  TA1CCTL2                      
00000190  TA1R                          
00000192  TA1CCR0                       
00000194  TA1CCR1                       
00000196  TA1CCR2                       
000001b0  ADC10CTL0                     
000001b2  ADC10CTL1                     
000001b4  ADC10MEM                      
000001bc  ADC10SA                       
00000200  wallAlignTolerance            
00000202  wallChangeThreshold           
00000204  avgReading                    
00000206  avgOldReading                 
00000208  avgNewReading                 
0000020a  i                             
0000020c  j                             
0000020e  cansDealtWith                 
0000020f  previousState                 
00000210  state                         
00000211  nextState                     
00000212  fillBufferCount               
00000213  turnState                     
00000214  turnStateTime                 
00000215  canPosition                   
00000216  search                        
00000218  closestWallLeft               
0000021a  timeToCanAlignSec             
0000021c  timeToCanAlignMs              
0000021e  readingsOnAngle               
0000021f  anglesChecked                 
00000220  anomalyNumber                 
00000221  canAnomaly                    
00000222  lostCan                       
00000224  lostCount                     
00000226  avgAnomalyDistance            
00000228  expectedCanDistance           
0000022a  avgNewAnomalyDistance         
0000022c  movement                      
0000022d  onAngle                       
0000022e  minAngle                      
0000022f  checkStraightness             
00000230  useNumber                     
00000232  buttonPressed                 
00000233  ultraReadLeft                 
00000234  ultraReadRight                
00000235  ultraRADARRead                
00000236  Schedule                      
0000025e  RADARAtEachAngle              
0000027c  motorDrive                    
0000028c  motorSteer                    
0000029c  anomalyEnd                    
000002ac  anomalyPositions              
000002bc  anomalyStart                  
000002cc  RADARDistances                
000002d6  ultraLeft                     
000002e0  ultraRADAR                    
000002ea  ultraRight                    
000002f4  wallDistancesLeft             
000002fe  wallDistancesRight            
00000308  flag                          
00000312  servoRADAR                    
00000318  LEDBlue                       
0000031c  LEDRed                        
00000320  currentTime                   
00000324  IR                            
00000328  leftWall                      
0000032a  newAngle                      
000003b0  _stack                        
00000400  __STACK_END                   
000010c0  TLV_CHECKSUM                  
000010da  TLV_ADC10_1_TAG               
000010db  TLV_ADC10_1_LEN               
000010f6  TLV_DCO_30_TAG                
000010f7  TLV_DCO_30_LEN                
000010f8  CALDCO_16MHZ                  
000010f9  CALBC1_16MHZ                  
000010fa  CALDCO_12MHZ                  
000010fb  CALBC1_12MHZ                  
000010fc  CALDCO_8MHZ                   
000010fd  CALBC1_8MHZ                   
000010fe  CALDCO_1MHZ                   
000010ff  CALBC1_1MHZ                   
0000c000  stateControl                  
0000c51c  RADAR                         
0000c794  checkFlags                    
0000c9be  changingState                 
0000cbc6  canLock                       
0000cdbe  checkSchedule                 
0000cf66  main                          
0000d066  circumnavigate                
0000d132  alignToWall                   
0000d1f0  Timer1_A1_ISR                 
0000d2a8  ultrasonicSetup               
0000d32a  __TI_decompress_lzss          
0000d3a6  ultrasonicTrigger             
0000d416  Timer0_A1_ISR                 
0000d474  motorOutput                   
0000d4c0  __mspabi_srli                 
0000d4ce  __mspabi_srli_15              
0000d4d2  __mspabi_srli_14              
0000d4d6  __mspabi_srli_13              
0000d4da  __mspabi_srli_12              
0000d4de  __mspabi_srli_11              
0000d4e2  __mspabi_srli_10              
0000d4e6  __mspabi_srli_9               
0000d4ea  __mspabi_srli_8               
0000d4ee  __mspabi_srli_7               
0000d4f2  __mspabi_srli_6               
0000d4f6  __mspabi_srli_5               
0000d4fa  __mspabi_srli_4               
0000d4fe  __mspabi_srli_3               
0000d502  __mspabi_srli_2               
0000d506  __mspabi_srli_1               
0000d50c  updateCarHeading              
0000d558  timeIncrement                 
0000d5a0  __TI_auto_init_nobinit_nopinit
0000d5e2  Timer0_A0_ISR                 
0000d620  IRRead                        
0000d65c  findDistanceAverage           
0000d690  indicatorLEDSetup             
0000d6c4  servoTurn                     
0000d6f8  __mspabi_slli                 
0000d704  __mspabi_slli_15              
0000d706  __mspabi_slli_14              
0000d708  __mspabi_slli_13              
0000d70a  __mspabi_slli_12              
0000d70c  __mspabi_slli_11              
0000d70e  __mspabi_slli_10              
0000d710  __mspabi_slli_9               
0000d712  __mspabi_slli_8               
0000d714  __mspabi_slli_7               
0000d716  __mspabi_slli_6               
0000d718  __mspabi_slli_5               
0000d71a  __mspabi_slli_4               
0000d71c  __mspabi_slli_3               
0000d71e  __mspabi_slli_2               
0000d720  __mspabi_slli_1               
0000d724  setupTimerRADAR               
0000d750  servoSetup                    
0000d772  setupTimerSchedule            
0000d792  IRSetup                       
0000d7ae  _c_int00_noargs               
0000d7ca  indicatorLEDOff               
0000d7e6  indicatorLEDOn                
0000d802  indicatorLEDToggle            
0000d81e  Timer1_A0_ISR                 
0000d838  setupButton                   
0000d852  __mspabi_divu                 
0000d852  __mspabi_remu                 
0000d868  __TI_zero_init_nomemset       
0000d87c  __TI_decompress_none          
0000d88e  memcpy                        
0000d8a0  Port1_ISR                     
0000d8b0  __mspabi_func_epilog_7        
0000d8b2  __mspabi_func_epilog_6        
0000d8b4  __mspabi_func_epilog_5        
0000d8b6  __mspabi_func_epilog_4        
0000d8b8  __mspabi_func_epilog_3        
0000d8ba  __mspabi_func_epilog_2        
0000d8bc  __mspabi_func_epilog_1        
0000d8c0  motorSetup                    
0000d8ce  __TI_ISR_TRAP                 
0000d8d6  servoCenter                   
0000d8de  C$$EXIT                       
0000d8de  abort                         
0000d8e4  _system_pre_init              
0000d8e8  _system_post_cinit            
0000d93a  __TI_Handler_Table_Base       
0000d940  __TI_Handler_Table_Limit      
0000d944  __TI_CINIT_Base               
0000d94c  __TI_CINIT_Limit              
0000d94c  __TI_CINIT_Warm               
0000ffe0  __TI_int00                    
0000ffe4  __TI_int02                    
0000ffe6  __TI_int03                    
0000ffea  __TI_int05                    
0000ffec  __TI_int06                    
0000ffee  __TI_int07                    
0000fff0  __TI_int08                    
0000fff2  __TI_int09                    
0000fff4  __TI_int10                    
0000fff6  __TI_int11                    
0000fff8  __TI_int12                    
0000fffa  __TI_int13                    
0000fffc  __TI_int14                    
0000fffe  _reset_vector                 
ffffffff  __TI_pprof_out_hndl           
ffffffff  __TI_prof_data_size           
ffffffff  __TI_prof_data_start          
ffffffff  __c_args__                    

[267 symbols]
