******************************************************************************
                  MSP430 Linker PC v21.6.1                     
******************************************************************************
>> Linked Tue Apr  9 13:56:24 2024

OUTPUT FILE NAME:   <CarReorganised.out>
ENTRY POINT SYMBOL: "_c_int00_noargs"  address: 0000cdf4


MEMORY CONFIGURATION

         name            origin    length      used     unused   attr    fill
----------------------  --------  ---------  --------  --------  ----  --------
  SFR                   00000000   00000010  00000000  00000010  RWIX
  PERIPHERALS_8BIT      00000010   000000f0  00000000  000000f0  RWIX
  PERIPHERALS_16BIT     00000100   00000100  00000000  00000100  RWIX
  RAM                   00000200   00000200  00000128  000000d8  RWIX
  INFOD                 00001000   00000040  00000000  00000040  RWIX
  INFOC                 00001040   00000040  00000000  00000040  RWIX
  INFOB                 00001080   00000040  00000000  00000040  RWIX
  INFOA                 000010c0   00000040  00000000  00000040  RWIX
  FLASH                 0000c000   00003fde  00000f1a  000030c4  RWIX
  BSLSIGNATURE          0000ffde   00000002  00000002  00000000  RWIX  ffff 
  INT00                 0000ffe0   00000002  00000002  00000000  RWIX
  INT01                 0000ffe2   00000002  00000000  00000002  RWIX
  INT02                 0000ffe4   00000002  00000002  00000000  RWIX
  INT03                 0000ffe6   00000002  00000002  00000000  RWIX
  INT04                 0000ffe8   00000002  00000000  00000002  RWIX
  INT05                 0000ffea   00000002  00000002  00000000  RWIX
  INT06                 0000ffec   00000002  00000002  00000000  RWIX
  INT07                 0000ffee   00000002  00000002  00000000  RWIX
  INT08                 0000fff0   00000002  00000002  00000000  RWIX
  INT09                 0000fff2   00000002  00000002  00000000  RWIX
  INT10                 0000fff4   00000002  00000002  00000000  RWIX
  INT11                 0000fff6   00000002  00000002  00000000  RWIX
  INT12                 0000fff8   00000002  00000002  00000000  RWIX
  INT13                 0000fffa   00000002  00000002  00000000  RWIX
  INT14                 0000fffc   00000002  00000002  00000000  RWIX
  RESET                 0000fffe   00000002  00000002  00000000  RWIX


SECTION ALLOCATION MAP

 output                                  attributes/
section   page    origin      length       input sections
--------  ----  ----------  ----------   ----------------
.data      0    00000200    000000d4     UNINITIALIZED
                  00000200    0000001e     main.obj (.data:RADARAtEachAngle)
                  0000021e    00000018     main.obj (.data:Schedule)
                  00000236    00000016     main.obj (.data)
                  0000024c    00000010     main.obj (.data:motorDrive)
                  0000025c    00000010     main.obj (.data:motorSteer)
                  0000026c    0000000f     main.obj (.data:anomalyEnd)
                  0000027b    00000001     --HOLE--
                  0000027c    0000000f     main.obj (.data:anomalyPositions)
                  0000028b    00000001     --HOLE--
                  0000028c    0000000f     main.obj (.data:anomalyStart)
                  0000029b    00000001     --HOLE--
                  0000029c    0000000a     main.obj (.data:RADARDistances)
                  000002a6    0000000a     main.obj (.data:ultraLeft)
                  000002b0    0000000a     main.obj (.data:ultraRADAR)
                  000002ba    00000008     main.obj (.data:flag)
                  000002c2    00000008     main.obj (.data:wallDistances)
                  000002ca    00000006     main.obj (.data:servoA)
                  000002d0    00000004     main.obj (.data:currentTime)

.bss       0    000002d4    00000004     UNINITIALIZED
                  000002d4    00000002     (.common:leftWall)
                  000002d6    00000002     (.common:newAngle)

.stack     0    000003b0    00000050     UNINITIALIZED
                  000003b0    00000002     rts430_eabi.lib : boot.c.obj (.stack)
                  000003b2    0000004e     --HOLE--

.text      0    0000c000    00000ed0     
                  0000c000    000002be     main.obj (.text:stateControl)
                  0000c2be    000001f2     main.obj (.text:RADAR)
                  0000c4b0    000001e0     main.obj (.text:checkFlags)
                  0000c690    0000012e     main.obj (.text:checkSchedule)
                  0000c7be    000000c8     main.obj (.text:main)
                  0000c886    000000ba     main.obj (.text:alignToWall)
                  0000c940    00000082     Ultrasonic.obj (.text:ultrasonicSetup)
                  0000c9c2    0000007c     rts430_eabi.lib : copy_decompress_lzss.c.obj (.text:decompress:lzss:__TI_decompress_lzss)
                  0000ca3e    00000072     main.obj (.text:Timer1_A1_ISR)
                  0000cab0    0000005e     main.obj (.text:Timer0_A1_ISR)
                  0000cb0e    0000004c     DCMotor.obj (.text:motorOutput)
                  0000cb5a    0000004c     rts430_eabi.lib : lsr16.asm.obj (.text)
                  0000cba6    0000004a     Ultrasonic.obj (.text:ultrasonicTrigger)
                  0000cbf0    00000048     main.obj (.text:timeIncrement)
                  0000cc38    00000042     rts430_eabi.lib : autoinit.c.obj (.text:__TI_auto_init_nobinit_nopinit:__TI_auto_init_nobinit_nopinit)
                  0000cc7a    00000042     main.obj (.text:findAverage)
                  0000ccbc    0000003e     main.obj (.text:Timer0_A0_ISR)
                  0000ccfa    00000034     Servo.obj (.text:servoTurn)
                  0000cd2e    0000002c     rts430_eabi.lib : div16s.asm.obj (.text)
                  0000cd5a    0000002c                     : lsl16.asm.obj (.text)
                  0000cd86    0000002c     main.obj (.text:setupTimerRADAR)
                  0000cdb2    00000022     Servo.obj (.text:servoSetup)
                  0000cdd4    00000020     main.obj (.text:setupTimerSchedule)
                  0000cdf4    0000001c     rts430_eabi.lib : boot.c.obj (.text:_c_int00_noargs)
                  0000ce10    0000001a     main.obj (.text:setupButton)
                  0000ce2a    00000016     rts430_eabi.lib : div16u.asm.obj (.text)
                  0000ce40    00000014                     : copy_zero_init.c.obj (.text:decompress:ZI:__TI_zero_init_nomemset:__TI_zero_init_nomemset)
                  0000ce54    00000012                     : copy_decompress_none.c.obj (.text:decompress:none:__TI_decompress_none)
                  0000ce66    00000012                     : memcpy.c.obj (.text:memcpy)
                  0000ce78    00000010     main.obj (.text:Port1_ISR)
                  0000ce88    00000010     rts430_eabi.lib : epilog.asm.obj (.text)
                  0000ce98    0000000e     main.obj (.text:Timer1_A0_ISR)
                  0000cea6    0000000e     DCMotor.obj (.text:motorSetup)
                  0000ceb4    00000008     rts430_eabi.lib : isr_trap.asm.obj (.text:_isr:__TI_ISR_TRAP)
                  0000cebc    00000008     Servo.obj (.text:servoCenter)
                  0000cec4    00000006     rts430_eabi.lib : exit.c.obj (.text:abort)
                  0000ceca    00000004                     : pre_init.c.obj (.text:_system_pre_init)
                  0000cece    00000002                     : startup.c.obj (.text:_system_post_cinit)

.cinit     0    0000ced0    0000004a     
                  0000ced0    00000038     (.cinit..data.load) [load image, compression = lzss]
                  0000cf08    00000006     (__TI_handler_table)
                  0000cf0e    00000004     (.cinit..bss.load) [load image, compression = zero_init]
                  0000cf12    00000008     (__TI_cinit_table)

.binit     0    0000c000    00000000     

.init_array 
*          0    0000c000    00000000     UNINITIALIZED

TRAPINT    0    0000ffe0    00000002     
                  0000ffe0    00000002     rts430_eabi.lib : int00.asm.obj (.int00)

PORT1      0    0000ffe4    00000002     
                  0000ffe4    00000002     main.obj (.int02)

PORT2      0    0000ffe6    00000002     
                  0000ffe6    00000002     rts430_eabi.lib : int03.asm.obj (.int03)

ADC10      0    0000ffea    00000002     
                  0000ffea    00000002     rts430_eabi.lib : int05.asm.obj (.int05)

USCIAB0TX 
*          0    0000ffec    00000002     
                  0000ffec    00000002     rts430_eabi.lib : int06.asm.obj (.int06)

USCIAB0RX 
*          0    0000ffee    00000002     
                  0000ffee    00000002     rts430_eabi.lib : int07.asm.obj (.int07)

TIMER0_A1 
*          0    0000fff0    00000002     
                  0000fff0    00000002     main.obj (.int08)

TIMER0_A0 
*          0    0000fff2    00000002     
                  0000fff2    00000002     main.obj (.int09)

WDT        0    0000fff4    00000002     
                  0000fff4    00000002     rts430_eabi.lib : int10.asm.obj (.int10)

COMPARATORA 
*          0    0000fff6    00000002     
                  0000fff6    00000002     rts430_eabi.lib : int11.asm.obj (.int11)

TIMER1_A1 
*          0    0000fff8    00000002     
                  0000fff8    00000002     main.obj (.int12)

TIMER1_A0 
*          0    0000fffa    00000002     
                  0000fffa    00000002     main.obj (.int13)

NMI        0    0000fffc    00000002     
                  0000fffc    00000002     rts430_eabi.lib : int14.asm.obj (.int14)

.reset     0    0000fffe    00000002     
                  0000fffe    00000002     rts430_eabi.lib : boot.c.obj (.reset)

$fill000   0    0000ffde    00000002     
                  0000ffde    00000002     --HOLE-- [fill = ffff]

MODULE SUMMARY

       Module                       code   ro data   rw data
       ------                       ----   -------   -------
    .\
       main.obj                     2908   10        213    
       Ultrasonic.obj               204    0         0      
       Servo.obj                    94     0         0      
       DCMotor.obj                  90     0         0      
    +--+----------------------------+------+---------+---------+
       Total:                       3296   10        213    
                                                            
    C:\ti\ccs1240\ccs\tools\compiler\ti-cgt-msp430_21.6.1.LTS\lib\rts430_eabi.lib
       copy_decompress_lzss.c.obj   124    0         0      
       lsr16.asm.obj                76     0         0      
       autoinit.c.obj               66     0         0      
       div16s.asm.obj               44     0         0      
       lsl16.asm.obj                44     0         0      
       boot.c.obj                   28     2         0      
       div16u.asm.obj               22     0         0      
       copy_zero_init.c.obj         20     0         0      
       copy_decompress_none.c.obj   18     0         0      
       memcpy.c.obj                 18     0         0      
       epilog.asm.obj               16     0         0      
       isr_trap.asm.obj             8      0         0      
       exit.c.obj                   6      0         0      
       pre_init.c.obj               4      0         0      
       int00.asm.obj                0      2         0      
       int03.asm.obj                0      2         0      
       int05.asm.obj                0      2         0      
       int06.asm.obj                0      2         0      
       int07.asm.obj                0      2         0      
       int10.asm.obj                0      2         0      
       int11.asm.obj                0      2         0      
       int14.asm.obj                0      2         0      
       startup.c.obj                2      0         0      
    +--+----------------------------+------+---------+---------+
       Total:                       496    18        0      
                                                            
       Stack:                       0      0         80     
       Linker Generated:            0      74        0      
    +--+----------------------------+------+---------+---------+
       Grand Total:                 3792   102       293    


LINKER GENERATED COPY TABLES

__TI_cinit_table @ 0000cf12 records: 2, size/record: 4, table size: 8
	.data: load addr=0000ced0, load size=00000038 bytes, run addr=00000200, run size=000000d4 bytes, compression=lzss
	.bss: load addr=0000cf0e, load size=00000004 bytes, run addr=000002d4, run size=00000004 bytes, compression=zero_init


LINKER GENERATED HANDLER TABLE

__TI_handler_table @ 0000cf08 records: 3, size/record: 2, table size: 6
	index: 0, handler: __TI_zero_init
	index: 1, handler: __TI_decompress_lzss
	index: 2, handler: __TI_decompress_none


GLOBAL SYMBOLS: SORTED ALPHABETICALLY BY Name 

address   name                          
-------   ----                          
0000004a  ADC10AE0                      
000001b0  ADC10CTL0                     
000001b2  ADC10CTL1                     
00000048  ADC10DTC0                     
00000049  ADC10DTC1                     
000001b4  ADC10MEM                      
000001bc  ADC10SA                       
00000057  BCSCTL1                       
00000058  BCSCTL2                       
00000053  BCSCTL3                       
0000cec4  C$$EXIT                       
00000059  CACTL1                        
0000005a  CACTL2                        
000010fb  CALBC1_12MHZ                  
000010f9  CALBC1_16MHZ                  
000010ff  CALBC1_1MHZ                   
000010fd  CALBC1_8MHZ                   
000010fa  CALDCO_12MHZ                  
000010f8  CALDCO_16MHZ                  
000010fe  CALDCO_1MHZ                   
000010fc  CALDCO_8MHZ                   
0000005b  CAPD                          
00000056  DCOCTL                        
00000128  FCTL1                         
0000012a  FCTL2                         
0000012c  FCTL3                         
00000000  IE1                           
00000001  IE2                           
00000002  IFG1                          
00000003  IFG2                          
00000022  P1DIR                         
00000025  P1IE                          
00000024  P1IES                         
00000023  P1IFG                         
00000020  P1IN                          
00000021  P1OUT                         
00000027  P1REN                         
00000026  P1SEL                         
00000041  P1SEL2                        
0000002a  P2DIR                         
0000002d  P2IE                          
0000002c  P2IES                         
0000002b  P2IFG                         
00000028  P2IN                          
00000029  P2OUT                         
0000002f  P2REN                         
0000002e  P2SEL                         
00000042  P2SEL2                        
0000001a  P3DIR                         
00000018  P3IN                          
00000019  P3OUT                         
00000010  P3REN                         
0000001b  P3SEL                         
00000043  P3SEL2                        
0000ce78  Port1_ISR                     
0000c2be  RADAR                         
00000200  RADARAtEachAngle              
0000029c  RADARDistances                
0000021e  Schedule                      
00000172  TA0CCR0                       
00000174  TA0CCR1                       
00000176  TA0CCR2                       
00000162  TA0CCTL0                      
00000164  TA0CCTL1                      
00000166  TA0CCTL2                      
00000160  TA0CTL                        
0000012e  TA0IV                         
00000170  TA0R                          
00000192  TA1CCR0                       
00000194  TA1CCR1                       
00000196  TA1CCR2                       
00000182  TA1CCTL0                      
00000184  TA1CCTL1                      
00000186  TA1CCTL2                      
00000180  TA1CTL                        
0000011e  TA1IV                         
00000190  TA1R                          
000010db  TLV_ADC10_1_LEN               
000010da  TLV_ADC10_1_TAG               
000010c0  TLV_CHECKSUM                  
000010f7  TLV_DCO_30_LEN                
000010f6  TLV_DCO_30_TAG                
0000ccbc  Timer0_A0_ISR                 
0000cab0  Timer0_A1_ISR                 
0000ce98  Timer1_A0_ISR                 
0000ca3e  Timer1_A1_ISR                 
0000005d  UCA0ABCTL                     
00000062  UCA0BR0                       
00000063  UCA0BR1                       
00000060  UCA0CTL0                      
00000061  UCA0CTL1                      
0000005f  UCA0IRRCTL                    
0000005e  UCA0IRTCTL                    
00000064  UCA0MCTL                      
00000066  UCA0RXBUF                     
00000065  UCA0STAT                      
00000067  UCA0TXBUF                     
0000006a  UCB0BR0                       
0000006b  UCB0BR1                       
00000068  UCB0CTL0                      
00000069  UCB0CTL1                      
0000006c  UCB0I2CIE                     
00000118  UCB0I2COA                     
0000011a  UCB0I2CSA                     
0000006e  UCB0RXBUF                     
0000006d  UCB0STAT                      
0000006f  UCB0TXBUF                     
00000120  WDTCTL                        
00000400  __STACK_END                   
00000050  __STACK_SIZE                  
0000cf12  __TI_CINIT_Base               
0000cf1a  __TI_CINIT_Limit              
0000cf1a  __TI_CINIT_Warm               
0000cf08  __TI_Handler_Table_Base       
0000cf0e  __TI_Handler_Table_Limit      
0000ceb4  __TI_ISR_TRAP                 
0000cc38  __TI_auto_init_nobinit_nopinit
0000c9c2  __TI_decompress_lzss          
0000ce54  __TI_decompress_none          
0000ffe0  __TI_int00                    
0000ffe4  __TI_int02                    
0000ffe6  __TI_int03                    
0000ffea  __TI_int05                    
0000ffec  __TI_int06                    
0000ffee  __TI_int07                    
0000fff0  __TI_int08                    
0000fff2  __TI_int09                    
0000fff4  __TI_int10                    
0000fff6  __TI_int11                    
0000fff8  __TI_int12                    
0000fffa  __TI_int13                    
0000fffc  __TI_int14                    
ffffffff  __TI_pprof_out_hndl           
ffffffff  __TI_prof_data_size           
ffffffff  __TI_prof_data_start          
0000ce40  __TI_zero_init_nomemset       
ffffffff  __c_args__                    
0000cd2e  __mspabi_divi                 
0000ce2a  __mspabi_divu                 
0000ce94  __mspabi_func_epilog_1        
0000ce92  __mspabi_func_epilog_2        
0000ce90  __mspabi_func_epilog_3        
0000ce8e  __mspabi_func_epilog_4        
0000ce8c  __mspabi_func_epilog_5        
0000ce8a  __mspabi_func_epilog_6        
0000ce88  __mspabi_func_epilog_7        
0000cd2e  __mspabi_remi                 
0000ce2a  __mspabi_remu                 
0000cd5a  __mspabi_slli                 
0000cd82  __mspabi_slli_1               
0000cd70  __mspabi_slli_10              
0000cd6e  __mspabi_slli_11              
0000cd6c  __mspabi_slli_12              
0000cd6a  __mspabi_slli_13              
0000cd68  __mspabi_slli_14              
0000cd66  __mspabi_slli_15              
0000cd80  __mspabi_slli_2               
0000cd7e  __mspabi_slli_3               
0000cd7c  __mspabi_slli_4               
0000cd7a  __mspabi_slli_5               
0000cd78  __mspabi_slli_6               
0000cd76  __mspabi_slli_7               
0000cd74  __mspabi_slli_8               
0000cd72  __mspabi_slli_9               
0000cb5a  __mspabi_srli                 
0000cba0  __mspabi_srli_1               
0000cb7c  __mspabi_srli_10              
0000cb78  __mspabi_srli_11              
0000cb74  __mspabi_srli_12              
0000cb70  __mspabi_srli_13              
0000cb6c  __mspabi_srli_14              
0000cb68  __mspabi_srli_15              
0000cb9c  __mspabi_srli_2               
0000cb98  __mspabi_srli_3               
0000cb94  __mspabi_srli_4               
0000cb90  __mspabi_srli_5               
0000cb8c  __mspabi_srli_6               
0000cb88  __mspabi_srli_7               
0000cb84  __mspabi_srli_8               
0000cb80  __mspabi_srli_9               
0000cdf4  _c_int00_noargs               
0000fffe  _reset_vector                 
000003b0  _stack                        
0000cece  _system_post_cinit            
0000ceca  _system_pre_init              
0000cec4  abort                         
0000c886  alignToWall                   
00000245  anglesChecked                 
0000026c  anomalyEnd                    
00000246  anomalyNumber                 
0000027c  anomalyPositions              
0000028c  anomalyStart                  
00000240  avgNewReading                 
0000023e  avgOldReading                 
0000023c  avgReading                    
00000249  buttonPressed                 
00000247  canAnomaly                    
0000c4b0  checkFlags                    
0000c690  checkSchedule                 
000002d0  currentTime                   
0000cc7a  findAverage                   
000002ba  flag                          
00000242  i                             
000002d4  leftWall                      
00000248  lostCan                       
0000c7be  main                          
0000ce66  memcpy                        
0000024c  motorDrive                    
0000cb0e  motorOutput                   
0000cea6  motorSetup                    
0000025c  motorSteer                    
000002d6  newAngle                      
00000238  nextState                     
00000236  previousState                 
00000244  readingsOnAngle               
000002ca  servoA                        
0000cebc  servoCenter                   
0000cdb2  servoSetup                    
0000ccfa  servoTurn                     
0000ce10  setupButton                   
0000cd86  setupTimerRADAR               
0000cdd4  setupTimerSchedule            
00000237  state                         
0000c000  stateControl                  
0000cbf0  timeIncrement                 
00000239  turnState                     
0000023a  turnStateTime                 
000002a6  ultraLeft                     
000002b0  ultraRADAR                    
0000024b  ultraRADARRead                
0000024a  ultraRead                     
0000c940  ultrasonicSetup               
0000cba6  ultrasonicTrigger             
000002c2  wallDistances                 


GLOBAL SYMBOLS: SORTED BY Symbol Address 

address   name                          
-------   ----                          
00000000  IE1                           
00000001  IE2                           
00000002  IFG1                          
00000003  IFG2                          
00000010  P3REN                         
00000018  P3IN                          
00000019  P3OUT                         
0000001a  P3DIR                         
0000001b  P3SEL                         
00000020  P1IN                          
00000021  P1OUT                         
00000022  P1DIR                         
00000023  P1IFG                         
00000024  P1IES                         
00000025  P1IE                          
00000026  P1SEL                         
00000027  P1REN                         
00000028  P2IN                          
00000029  P2OUT                         
0000002a  P2DIR                         
0000002b  P2IFG                         
0000002c  P2IES                         
0000002d  P2IE                          
0000002e  P2SEL                         
0000002f  P2REN                         
00000041  P1SEL2                        
00000042  P2SEL2                        
00000043  P3SEL2                        
00000048  ADC10DTC0                     
00000049  ADC10DTC1                     
0000004a  ADC10AE0                      
00000050  __STACK_SIZE                  
00000053  BCSCTL3                       
00000056  DCOCTL                        
00000057  BCSCTL1                       
00000058  BCSCTL2                       
00000059  CACTL1                        
0000005a  CACTL2                        
0000005b  CAPD                          
0000005d  UCA0ABCTL                     
0000005e  UCA0IRTCTL                    
0000005f  UCA0IRRCTL                    
00000060  UCA0CTL0                      
00000061  UCA0CTL1                      
00000062  UCA0BR0                       
00000063  UCA0BR1                       
00000064  UCA0MCTL                      
00000065  UCA0STAT                      
00000066  UCA0RXBUF                     
00000067  UCA0TXBUF                     
00000068  UCB0CTL0                      
00000069  UCB0CTL1                      
0000006a  UCB0BR0                       
0000006b  UCB0BR1                       
0000006c  UCB0I2CIE                     
0000006d  UCB0STAT                      
0000006e  UCB0RXBUF                     
0000006f  UCB0TXBUF                     
00000118  UCB0I2COA                     
0000011a  UCB0I2CSA                     
0000011e  TA1IV                         
00000120  WDTCTL                        
00000128  FCTL1                         
0000012a  FCTL2                         
0000012c  FCTL3                         
0000012e  TA0IV                         
00000160  TA0CTL                        
00000162  TA0CCTL0                      
00000164  TA0CCTL1                      
00000166  TA0CCTL2                      
00000170  TA0R                          
00000172  TA0CCR0                       
00000174  TA0CCR1                       
00000176  TA0CCR2                       
00000180  TA1CTL                        
00000182  TA1CCTL0                      
00000184  TA1CCTL1                      
00000186  TA1CCTL2                      
00000190  TA1R                          
00000192  TA1CCR0                       
00000194  TA1CCR1                       
00000196  TA1CCR2                       
000001b0  ADC10CTL0                     
000001b2  ADC10CTL1                     
000001b4  ADC10MEM                      
000001bc  ADC10SA                       
00000200  RADARAtEachAngle              
0000021e  Schedule                      
00000236  previousState                 
00000237  state                         
00000238  nextState                     
00000239  turnState                     
0000023a  turnStateTime                 
0000023c  avgReading                    
0000023e  avgOldReading                 
00000240  avgNewReading                 
00000242  i                             
00000244  readingsOnAngle               
00000245  anglesChecked                 
00000246  anomalyNumber                 
00000247  canAnomaly                    
00000248  lostCan                       
00000249  buttonPressed                 
0000024a  ultraRead                     
0000024b  ultraRADARRead                
0000024c  motorDrive                    
0000025c  motorSteer                    
0000026c  anomalyEnd                    
0000027c  anomalyPositions              
0000028c  anomalyStart                  
0000029c  RADARDistances                
000002a6  ultraLeft                     
000002b0  ultraRADAR                    
000002ba  flag                          
000002c2  wallDistances                 
000002ca  servoA                        
000002d0  currentTime                   
000002d4  leftWall                      
000002d6  newAngle                      
000003b0  _stack                        
00000400  __STACK_END                   
000010c0  TLV_CHECKSUM                  
000010da  TLV_ADC10_1_TAG               
000010db  TLV_ADC10_1_LEN               
000010f6  TLV_DCO_30_TAG                
000010f7  TLV_DCO_30_LEN                
000010f8  CALDCO_16MHZ                  
000010f9  CALBC1_16MHZ                  
000010fa  CALDCO_12MHZ                  
000010fb  CALBC1_12MHZ                  
000010fc  CALDCO_8MHZ                   
000010fd  CALBC1_8MHZ                   
000010fe  CALDCO_1MHZ                   
000010ff  CALBC1_1MHZ                   
0000c000  stateControl                  
0000c2be  RADAR                         
0000c4b0  checkFlags                    
0000c690  checkSchedule                 
0000c7be  main                          
0000c886  alignToWall                   
0000c940  ultrasonicSetup               
0000c9c2  __TI_decompress_lzss          
0000ca3e  Timer1_A1_ISR                 
0000cab0  Timer0_A1_ISR                 
0000cb0e  motorOutput                   
0000cb5a  __mspabi_srli                 
0000cb68  __mspabi_srli_15              
0000cb6c  __mspabi_srli_14              
0000cb70  __mspabi_srli_13              
0000cb74  __mspabi_srli_12              
0000cb78  __mspabi_srli_11              
0000cb7c  __mspabi_srli_10              
0000cb80  __mspabi_srli_9               
0000cb84  __mspabi_srli_8               
0000cb88  __mspabi_srli_7               
0000cb8c  __mspabi_srli_6               
0000cb90  __mspabi_srli_5               
0000cb94  __mspabi_srli_4               
0000cb98  __mspabi_srli_3               
0000cb9c  __mspabi_srli_2               
0000cba0  __mspabi_srli_1               
0000cba6  ultrasonicTrigger             
0000cbf0  timeIncrement                 
0000cc38  __TI_auto_init_nobinit_nopinit
0000cc7a  findAverage                   
0000ccbc  Timer0_A0_ISR                 
0000ccfa  servoTurn                     
0000cd2e  __mspabi_divi                 
0000cd2e  __mspabi_remi                 
0000cd5a  __mspabi_slli                 
0000cd66  __mspabi_slli_15              
0000cd68  __mspabi_slli_14              
0000cd6a  __mspabi_slli_13              
0000cd6c  __mspabi_slli_12              
0000cd6e  __mspabi_slli_11              
0000cd70  __mspabi_slli_10              
0000cd72  __mspabi_slli_9               
0000cd74  __mspabi_slli_8               
0000cd76  __mspabi_slli_7               
0000cd78  __mspabi_slli_6               
0000cd7a  __mspabi_slli_5               
0000cd7c  __mspabi_slli_4               
0000cd7e  __mspabi_slli_3               
0000cd80  __mspabi_slli_2               
0000cd82  __mspabi_slli_1               
0000cd86  setupTimerRADAR               
0000cdb2  servoSetup                    
0000cdd4  setupTimerSchedule            
0000cdf4  _c_int00_noargs               
0000ce10  setupButton                   
0000ce2a  __mspabi_divu                 
0000ce2a  __mspabi_remu                 
0000ce40  __TI_zero_init_nomemset       
0000ce54  __TI_decompress_none          
0000ce66  memcpy                        
0000ce78  Port1_ISR                     
0000ce88  __mspabi_func_epilog_7        
0000ce8a  __mspabi_func_epilog_6        
0000ce8c  __mspabi_func_epilog_5        
0000ce8e  __mspabi_func_epilog_4        
0000ce90  __mspabi_func_epilog_3        
0000ce92  __mspabi_func_epilog_2        
0000ce94  __mspabi_func_epilog_1        
0000ce98  Timer1_A0_ISR                 
0000cea6  motorSetup                    
0000ceb4  __TI_ISR_TRAP                 
0000cebc  servoCenter                   
0000cec4  C$$EXIT                       
0000cec4  abort                         
0000ceca  _system_pre_init              
0000cece  _system_post_cinit            
0000cf08  __TI_Handler_Table_Base       
0000cf0e  __TI_Handler_Table_Limit      
0000cf12  __TI_CINIT_Base               
0000cf1a  __TI_CINIT_Limit              
0000cf1a  __TI_CINIT_Warm               
0000ffe0  __TI_int00                    
0000ffe4  __TI_int02                    
0000ffe6  __TI_int03                    
0000ffea  __TI_int05                    
0000ffec  __TI_int06                    
0000ffee  __TI_int07                    
0000fff0  __TI_int08                    
0000fff2  __TI_int09                    
0000fff4  __TI_int10                    
0000fff6  __TI_int11                    
0000fff8  __TI_int12                    
0000fffa  __TI_int13                    
0000fffc  __TI_int14                    
0000fffe  _reset_vector                 
ffffffff  __TI_pprof_out_hndl           
ffffffff  __TI_prof_data_size           
ffffffff  __TI_prof_data_start          
ffffffff  __c_args__                    

[234 symbols]
