******************************************************************************
                  MSP430 Linker PC v21.6.1                     
******************************************************************************
>> Linked Mon Apr 22 13:44:25 2024

OUTPUT FILE NAME:   <CarReorganised.out>
ENTRY POINT SYMBOL: "_c_int00_noargs"  address: 0000dcbe


MEMORY CONFIGURATION

         name            origin    length      used     unused   attr    fill
----------------------  --------  ---------  --------  --------  ----  --------
  SFR                   00000000   00000010  00000000  00000010  RWIX
  PERIPHERALS_8BIT      00000010   000000f0  00000000  000000f0  RWIX
  PERIPHERALS_16BIT     00000100   00000100  00000000  00000100  RWIX
  RAM                   00000200   00000200  0000017d  00000083  RWIX
  INFOD                 00001000   00000040  00000000  00000040  RWIX
  INFOC                 00001040   00000040  00000000  00000040  RWIX
  INFOB                 00001080   00000040  00000000  00000040  RWIX
  INFOA                 000010c0   00000040  00000000  00000040  RWIX
  FLASH                 0000c000   00003fde  00001e52  0000218c  RWIX
  BSLSIGNATURE          0000ffde   00000002  00000002  00000000  RWIX  ffff 
  INT00                 0000ffe0   00000002  00000002  00000000  RWIX
  INT01                 0000ffe2   00000002  00000000  00000002  RWIX
  INT02                 0000ffe4   00000002  00000002  00000000  RWIX
  INT03                 0000ffe6   00000002  00000002  00000000  RWIX
  INT04                 0000ffe8   00000002  00000000  00000002  RWIX
  INT05                 0000ffea   00000002  00000002  00000000  RWIX
  INT06                 0000ffec   00000002  00000002  00000000  RWIX
  INT07                 0000ffee   00000002  00000002  00000000  RWIX
  INT08                 0000fff0   00000002  00000002  00000000  RWIX
  INT09                 0000fff2   00000002  00000002  00000000  RWIX
  INT10                 0000fff4   00000002  00000002  00000000  RWIX
  INT11                 0000fff6   00000002  00000002  00000000  RWIX
  INT12                 0000fff8   00000002  00000002  00000000  RWIX
  INT13                 0000fffa   00000002  00000002  00000000  RWIX
  INT14                 0000fffc   00000002  00000002  00000000  RWIX
  RESET                 0000fffe   00000002  00000002  00000000  RWIX


SECTION ALLOCATION MAP

 output                                  attributes/
section   page    origin      length       input sections
--------  ----  ----------  ----------   ----------------
.data      0    00000200    0000012b     UNINITIALIZED
                  00000200    00000034     main.obj (.data)
                  00000234    00000028     main.obj (.data:Schedule)
                  0000025c    0000001e     main.obj (.data:RADARAtEachAngle)
                  0000027a    00000010     main.obj (.data:motorDrive)
                  0000028a    00000010     main.obj (.data:motorSteer)
                  0000029a    0000000f     main.obj (.data:anomalyEnd)
                  000002a9    00000001     --HOLE--
                  000002aa    0000000f     main.obj (.data:anomalyPositions)
                  000002b9    00000001     --HOLE--
                  000002ba    0000000f     main.obj (.data:anomalyStart)
                  000002c9    00000001     --HOLE--
                  000002ca    0000000a     main.obj (.data:RADARDistances)
                  000002d4    0000000a     main.obj (.data:ultraLeft)
                  000002de    0000000a     main.obj (.data:ultraRADAR)
                  000002e8    0000000a     main.obj (.data:ultraRight)
                  000002f2    0000000a     main.obj (.data:wallDistancesLeft)
                  000002fc    0000000a     main.obj (.data:wallDistancesRight)
                  00000306    00000009     main.obj (.data:flag)
                  0000030f    00000001     --HOLE--
                  00000310    00000006     main.obj (.data:servoRADAR)
                  00000316    00000004     main.obj (.data:LEDBlue)
                  0000031a    00000004     main.obj (.data:LEDRed)
                  0000031e    00000004     main.obj (.data:currentTime)
                  00000322    00000003     main.obj (.data:IR)
                  00000325    00000003     main.obj (.data:sideSelect)
                  00000328    00000003     main.obj (.data:startButton)

.bss       0    0000032c    00000002     UNINITIALIZED
                  0000032c    00000002     (.common:newAngle)

.stack     0    000003b0    00000050     UNINITIALIZED
                  000003b0    00000002     rts430_eabi.lib : boot.c.obj (.stack)
                  000003b2    0000004e     --HOLE--

.text      0    0000c000    00001de0     
                  0000c000    0000073c     main.obj (.text:stateControl)
                  0000c73c    000002b2     main.obj (.text:changingState)
                  0000c9ee    00000278     main.obj (.text:RADAR)
                  0000cc66    00000266     main.obj (.text:canLock)
                  0000cecc    00000238     main.obj (.text:checkFlags)
                  0000d104    000001b0     main.obj (.text:alignToWall)
                  0000d2b4    000001a8     main.obj (.text:checkSchedule)
                  0000d45c    0000010c     main.obj (.text:main)
                  0000d568    000000ce     main.obj (.text:circumnavigate)
                  0000d636    000000b8     main.obj (.text:Timer1_A1_ISR)
                  0000d6ee    00000082     Ultrasonic.obj (.text:ultrasonicSetup)
                  0000d770    0000007c     rts430_eabi.lib : copy_decompress_lzss.c.obj (.text:decompress:lzss:__TI_decompress_lzss)
                  0000d7ec    00000070     Ultrasonic.obj (.text:ultrasonicTrigger)
                  0000d85c    0000005e     main.obj (.text:Timer0_A1_ISR)
                  0000d8ba    00000058     UserInterface.obj (.text:setupButton)
                  0000d912    0000004c     DCMotor.obj (.text:motorOutput)
                  0000d95e    0000004c     rts430_eabi.lib : lsr16.asm.obj (.text)
                  0000d9aa    0000004c     main.obj (.text:updateCarHeading)
                  0000d9f6    00000048     main.obj (.text:timeIncrement)
                  0000da3e    00000042     rts430_eabi.lib : autoinit.c.obj (.text:__TI_auto_init_nobinit_nopinit:__TI_auto_init_nobinit_nopinit)
                  0000da80    0000003e     main.obj (.text:Timer0_A0_ISR)
                  0000dabe    0000003e     UserInterface.obj (.text:readSwitch)
                  0000dafc    0000003c     Infrared.obj (.text:IRRead)
                  0000db38    00000034     main.obj (.text:findDistanceAverage)
                  0000db6c    00000034     UserInterface.obj (.text:indicatorLEDSetup)
                  0000dba0    00000034     Servo.obj (.text:servoTurn)
                  0000dbd4    00000034     UserInterface.obj (.text:setupSwitch)
                  0000dc08    0000002c     rts430_eabi.lib : lsl16.asm.obj (.text)
                  0000dc34    0000002c     main.obj (.text:setupTimerRADAR)
                  0000dc60    00000022     Servo.obj (.text:servoSetup)
                  0000dc82    00000020     main.obj (.text:setupTimerSchedule)
                  0000dca2    0000001c     Infrared.obj (.text:IRSetup)
                  0000dcbe    0000001c     rts430_eabi.lib : boot.c.obj (.text:_c_int00_noargs)
                  0000dcda    0000001c     UserInterface.obj (.text:indicatorLEDOff)
                  0000dcf6    0000001c     UserInterface.obj (.text:indicatorLEDOn)
                  0000dd12    0000001c     UserInterface.obj (.text:indicatorLEDToggle)
                  0000dd2e    0000001a     main.obj (.text:Timer1_A0_ISR)
                  0000dd48    00000016     rts430_eabi.lib : div16u.asm.obj (.text)
                  0000dd5e    00000014                     : copy_zero_init.c.obj (.text:decompress:ZI:__TI_zero_init_nomemset:__TI_zero_init_nomemset)
                  0000dd72    00000012                     : copy_decompress_none.c.obj (.text:decompress:none:__TI_decompress_none)
                  0000dd84    00000012                     : memcpy.c.obj (.text:memcpy)
                  0000dd96    00000010     main.obj (.text:Port1_ISR)
                  0000dda6    00000010     rts430_eabi.lib : epilog.asm.obj (.text)
                  0000ddb6    0000000e     DCMotor.obj (.text:motorSetup)
                  0000ddc4    00000008     rts430_eabi.lib : isr_trap.asm.obj (.text:_isr:__TI_ISR_TRAP)
                  0000ddcc    00000008     Servo.obj (.text:servoCenter)
                  0000ddd4    00000006     rts430_eabi.lib : exit.c.obj (.text:abort)
                  0000ddda    00000004                     : pre_init.c.obj (.text:_system_pre_init)
                  0000ddde    00000002                     : startup.c.obj (.text:_system_post_cinit)

.const     0    0000dde0    0000000a     
                  0000dde0    0000000a     main.obj (.const:$P$T0$1)

.cinit     0    0000ddea    00000068     
                  0000ddea    00000055     (.cinit..data.load) [load image, compression = lzss]
                  0000de3f    00000001     --HOLE-- [fill = 0]
                  0000de40    00000006     (__TI_handler_table)
                  0000de46    00000004     (.cinit..bss.load) [load image, compression = zero_init]
                  0000de4a    00000008     (__TI_cinit_table)

.binit     0    0000c000    00000000     

.init_array 
*          0    0000c000    00000000     UNINITIALIZED

TRAPINT    0    0000ffe0    00000002     
                  0000ffe0    00000002     rts430_eabi.lib : int00.asm.obj (.int00)

PORT1      0    0000ffe4    00000002     
                  0000ffe4    00000002     main.obj (.int02)

PORT2      0    0000ffe6    00000002     
                  0000ffe6    00000002     rts430_eabi.lib : int03.asm.obj (.int03)

ADC10      0    0000ffea    00000002     
                  0000ffea    00000002     rts430_eabi.lib : int05.asm.obj (.int05)

USCIAB0TX 
*          0    0000ffec    00000002     
                  0000ffec    00000002     rts430_eabi.lib : int06.asm.obj (.int06)

USCIAB0RX 
*          0    0000ffee    00000002     
                  0000ffee    00000002     rts430_eabi.lib : int07.asm.obj (.int07)

TIMER0_A1 
*          0    0000fff0    00000002     
                  0000fff0    00000002     main.obj (.int08)

TIMER0_A0 
*          0    0000fff2    00000002     
                  0000fff2    00000002     main.obj (.int09)

WDT        0    0000fff4    00000002     
                  0000fff4    00000002     rts430_eabi.lib : int10.asm.obj (.int10)

COMPARATORA 
*          0    0000fff6    00000002     
                  0000fff6    00000002     rts430_eabi.lib : int11.asm.obj (.int11)

TIMER1_A1 
*          0    0000fff8    00000002     
                  0000fff8    00000002     main.obj (.int12)

TIMER1_A0 
*          0    0000fffa    00000002     
                  0000fffa    00000002     main.obj (.int13)

NMI        0    0000fffc    00000002     
                  0000fffc    00000002     rts430_eabi.lib : int14.asm.obj (.int14)

.reset     0    0000fffe    00000002     
                  0000fffe    00000002     rts430_eabi.lib : boot.c.obj (.reset)

$fill000   0    0000ffde    00000002     
                  0000ffde    00000002     --HOLE-- [fill = ffff]

MODULE SUMMARY

       Module                       code   ro data   rw data
       ------                       ----   -------   -------
    .\
       main.obj                     6344   20        297    
       UserInterface.obj            338    0         0      
       Ultrasonic.obj               242    0         0      
       Servo.obj                    94     0         0      
       DCMotor.obj                  90     0         0      
       Infrared.obj                 88     0         0      
    +--+----------------------------+------+---------+---------+
       Total:                       7196   20        297    
                                                            
    C:\ti\ccs1240\ccs\tools\compiler\ti-cgt-msp430_21.6.1.LTS\lib\rts430_eabi.lib
       copy_decompress_lzss.c.obj   124    0         0      
       lsr16.asm.obj                76     0         0      
       autoinit.c.obj               66     0         0      
       lsl16.asm.obj                44     0         0      
       boot.c.obj                   28     2         0      
       div16u.asm.obj               22     0         0      
       copy_zero_init.c.obj         20     0         0      
       copy_decompress_none.c.obj   18     0         0      
       memcpy.c.obj                 18     0         0      
       epilog.asm.obj               16     0         0      
       isr_trap.asm.obj             8      0         0      
       exit.c.obj                   6      0         0      
       pre_init.c.obj               4      0         0      
       int00.asm.obj                0      2         0      
       int03.asm.obj                0      2         0      
       int05.asm.obj                0      2         0      
       int06.asm.obj                0      2         0      
       int07.asm.obj                0      2         0      
       int10.asm.obj                0      2         0      
       int11.asm.obj                0      2         0      
       int14.asm.obj                0      2         0      
       startup.c.obj                2      0         0      
    +--+----------------------------+------+---------+---------+
       Total:                       452    18        0      
                                                            
       Stack:                       0      0         80     
       Linker Generated:            0      103       0      
    +--+----------------------------+------+---------+---------+
       Grand Total:                 7648   141       377    


LINKER GENERATED COPY TABLES

__TI_cinit_table @ 0000de4a records: 2, size/record: 4, table size: 8
	.data: load addr=0000ddea, load size=00000055 bytes, run addr=00000200, run size=0000012b bytes, compression=lzss
	.bss: load addr=0000de46, load size=00000004 bytes, run addr=0000032c, run size=00000002 bytes, compression=zero_init


LINKER GENERATED HANDLER TABLE

__TI_handler_table @ 0000de40 records: 3, size/record: 2, table size: 6
	index: 0, handler: __TI_zero_init
	index: 1, handler: __TI_decompress_lzss
	index: 2, handler: __TI_decompress_none


GLOBAL SYMBOLS: SORTED ALPHABETICALLY BY Name 

address   name                          
-------   ----                          
0000004a  ADC10AE0                      
000001b0  ADC10CTL0                     
000001b2  ADC10CTL1                     
00000048  ADC10DTC0                     
00000049  ADC10DTC1                     
000001b4  ADC10MEM                      
000001bc  ADC10SA                       
00000057  BCSCTL1                       
00000058  BCSCTL2                       
00000053  BCSCTL3                       
0000ddd4  C$$EXIT                       
00000059  CACTL1                        
0000005a  CACTL2                        
000010fb  CALBC1_12MHZ                  
000010f9  CALBC1_16MHZ                  
000010ff  CALBC1_1MHZ                   
000010fd  CALBC1_8MHZ                   
000010fa  CALDCO_12MHZ                  
000010f8  CALDCO_16MHZ                  
000010fe  CALDCO_1MHZ                   
000010fc  CALDCO_8MHZ                   
0000005b  CAPD                          
00000056  DCOCTL                        
00000128  FCTL1                         
0000012a  FCTL2                         
0000012c  FCTL3                         
00000000  IE1                           
00000001  IE2                           
00000002  IFG1                          
00000003  IFG2                          
00000322  IR                            
0000dafc  IRRead                        
0000dca2  IRSetup                       
00000316  LEDBlue                       
0000031a  LEDRed                        
00000022  P1DIR                         
00000025  P1IE                          
00000024  P1IES                         
00000023  P1IFG                         
00000020  P1IN                          
00000021  P1OUT                         
00000027  P1REN                         
00000026  P1SEL                         
00000041  P1SEL2                        
0000002a  P2DIR                         
0000002d  P2IE                          
0000002c  P2IES                         
0000002b  P2IFG                         
00000028  P2IN                          
00000029  P2OUT                         
0000002f  P2REN                         
0000002e  P2SEL                         
00000042  P2SEL2                        
0000001a  P3DIR                         
00000018  P3IN                          
00000019  P3OUT                         
00000010  P3REN                         
0000001b  P3SEL                         
00000043  P3SEL2                        
0000dd96  Port1_ISR                     
0000c9ee  RADAR                         
0000025c  RADARAtEachAngle              
000002ca  RADARDistances                
00000234  Schedule                      
00000172  TA0CCR0                       
00000174  TA0CCR1                       
00000176  TA0CCR2                       
00000162  TA0CCTL0                      
00000164  TA0CCTL1                      
00000166  TA0CCTL2                      
00000160  TA0CTL                        
0000012e  TA0IV                         
00000170  TA0R                          
00000192  TA1CCR0                       
00000194  TA1CCR1                       
00000196  TA1CCR2                       
00000182  TA1CCTL0                      
00000184  TA1CCTL1                      
00000186  TA1CCTL2                      
00000180  TA1CTL                        
0000011e  TA1IV                         
00000190  TA1R                          
000010db  TLV_ADC10_1_LEN               
000010da  TLV_ADC10_1_TAG               
000010c0  TLV_CHECKSUM                  
000010f7  TLV_DCO_30_LEN                
000010f6  TLV_DCO_30_TAG                
0000da80  Timer0_A0_ISR                 
0000d85c  Timer0_A1_ISR                 
0000dd2e  Timer1_A0_ISR                 
0000d636  Timer1_A1_ISR                 
0000005d  UCA0ABCTL                     
00000062  UCA0BR0                       
00000063  UCA0BR1                       
00000060  UCA0CTL0                      
00000061  UCA0CTL1                      
0000005f  UCA0IRRCTL                    
0000005e  UCA0IRTCTL                    
00000064  UCA0MCTL                      
00000066  UCA0RXBUF                     
00000065  UCA0STAT                      
00000067  UCA0TXBUF                     
0000006a  UCB0BR0                       
0000006b  UCB0BR1                       
00000068  UCB0CTL0                      
00000069  UCB0CTL1                      
0000006c  UCB0I2CIE                     
00000118  UCB0I2COA                     
0000011a  UCB0I2CSA                     
0000006e  UCB0RXBUF                     
0000006d  UCB0STAT                      
0000006f  UCB0TXBUF                     
00000120  WDTCTL                        
00000400  __STACK_END                   
00000050  __STACK_SIZE                  
0000de4a  __TI_CINIT_Base               
0000de52  __TI_CINIT_Limit              
0000de52  __TI_CINIT_Warm               
0000de40  __TI_Handler_Table_Base       
0000de46  __TI_Handler_Table_Limit      
0000ddc4  __TI_ISR_TRAP                 
0000da3e  __TI_auto_init_nobinit_nopinit
0000d770  __TI_decompress_lzss          
0000dd72  __TI_decompress_none          
0000ffe0  __TI_int00                    
0000ffe4  __TI_int02                    
0000ffe6  __TI_int03                    
0000ffea  __TI_int05                    
0000ffec  __TI_int06                    
0000ffee  __TI_int07                    
0000fff0  __TI_int08                    
0000fff2  __TI_int09                    
0000fff4  __TI_int10                    
0000fff6  __TI_int11                    
0000fff8  __TI_int12                    
0000fffa  __TI_int13                    
0000fffc  __TI_int14                    
ffffffff  __TI_pprof_out_hndl           
ffffffff  __TI_prof_data_size           
ffffffff  __TI_prof_data_start          
0000dd5e  __TI_zero_init_nomemset       
ffffffff  __c_args__                    
0000dd48  __mspabi_divu                 
0000ddb2  __mspabi_func_epilog_1        
0000ddb0  __mspabi_func_epilog_2        
0000ddae  __mspabi_func_epilog_3        
0000ddac  __mspabi_func_epilog_4        
0000ddaa  __mspabi_func_epilog_5        
0000dda8  __mspabi_func_epilog_6        
0000dda6  __mspabi_func_epilog_7        
0000dd48  __mspabi_remu                 
0000dc08  __mspabi_slli                 
0000dc30  __mspabi_slli_1               
0000dc1e  __mspabi_slli_10              
0000dc1c  __mspabi_slli_11              
0000dc1a  __mspabi_slli_12              
0000dc18  __mspabi_slli_13              
0000dc16  __mspabi_slli_14              
0000dc14  __mspabi_slli_15              
0000dc2e  __mspabi_slli_2               
0000dc2c  __mspabi_slli_3               
0000dc2a  __mspabi_slli_4               
0000dc28  __mspabi_slli_5               
0000dc26  __mspabi_slli_6               
0000dc24  __mspabi_slli_7               
0000dc22  __mspabi_slli_8               
0000dc20  __mspabi_slli_9               
0000d95e  __mspabi_srli                 
0000d9a4  __mspabi_srli_1               
0000d980  __mspabi_srli_10              
0000d97c  __mspabi_srli_11              
0000d978  __mspabi_srli_12              
0000d974  __mspabi_srli_13              
0000d970  __mspabi_srli_14              
0000d96c  __mspabi_srli_15              
0000d9a0  __mspabi_srli_2               
0000d99c  __mspabi_srli_3               
0000d998  __mspabi_srli_4               
0000d994  __mspabi_srli_5               
0000d990  __mspabi_srli_6               
0000d98c  __mspabi_srli_7               
0000d988  __mspabi_srli_8               
0000d984  __mspabi_srli_9               
0000dcbe  _c_int00_noargs               
0000fffe  _reset_vector                 
000003b0  _stack                        
0000ddde  _system_post_cinit            
0000ddda  _system_pre_init              
0000ddd4  abort                         
0000d104  alignToWall                   
0000021d  anglesChecked                 
0000029a  anomalyEnd                    
0000021e  anomalyNumber                 
000002aa  anomalyPositions              
000002ba  anomalyStart                  
00000224  avgAnomalyDistance            
00000228  avgNewAnomalyDistance         
00000204  avgNewReading                 
00000202  avgOldReading                 
00000200  avgReading                    
00000230  buttonPressed                 
0000021f  canAnomaly                    
0000cc66  canLock                       
00000211  canPosition                   
0000020a  cansDealtWith                 
0000c73c  changingState                 
0000cecc  checkFlags                    
0000d2b4  checkSchedule                 
0000d568  circumnavigate                
00000214  closestWallLeft               
00000216  closestWallRight              
0000031e  currentTime                   
00000226  expectedCanDistance           
0000020e  fillBufferCount               
0000db38  findDistanceAverage           
00000306  flag                          
0000022b  furtherWall                   
00000206  i                             
0000dcda  indicatorLEDOff               
0000dcf6  indicatorLEDOn                
0000db6c  indicatorLEDSetup             
0000dd12  indicatorLEDToggle            
00000208  j                             
00000220  lostCan                       
00000222  lostCount                     
0000d45c  main                          
0000dd84  memcpy                        
0000027a  motorDrive                    
0000d912  motorOutput                   
0000ddb6  motorSetup                    
0000028a  motorSteer                    
0000022a  movement                      
0000032c  newAngle                      
0000020d  nextState                     
0000020b  previousState                 
0000dabe  readSwitch                    
0000021c  readingsOnAngle               
00000212  search                        
0000ddcc  servoCenter                   
00000310  servoRADAR                    
0000dc60  servoSetup                    
0000dba0  servoTurn                     
0000d8ba  setupButton                   
0000dbd4  setupSwitch                   
0000dc34  setupTimerRADAR               
0000dc82  setupTimerSchedule            
00000325  sideSelect                    
00000328  startButton                   
0000020f  startSide                     
0000020c  state                         
0000c000  stateControl                  
0000022e  straightTime                  
0000d9f6  timeIncrement                 
0000021a  timeToCanAlignMs              
00000218  timeToCanAlignSec             
00000210  turnState                     
000002d4  ultraLeft                     
000002de  ultraRADAR                    
00000233  ultraRADARRead                
00000231  ultraReadLeft                 
00000232  ultraReadRight                
000002e8  ultraRight                    
0000d6ee  ultrasonicSetup               
0000d7ec  ultrasonicTrigger             
0000d9aa  updateCarHeading              
0000022c  useNumber                     
000002f2  wallDistancesLeft             
000002fc  wallDistancesRight            


GLOBAL SYMBOLS: SORTED BY Symbol Address 

address   name                          
-------   ----                          
00000000  IE1                           
00000001  IE2                           
00000002  IFG1                          
00000003  IFG2                          
00000010  P3REN                         
00000018  P3IN                          
00000019  P3OUT                         
0000001a  P3DIR                         
0000001b  P3SEL                         
00000020  P1IN                          
00000021  P1OUT                         
00000022  P1DIR                         
00000023  P1IFG                         
00000024  P1IES                         
00000025  P1IE                          
00000026  P1SEL                         
00000027  P1REN                         
00000028  P2IN                          
00000029  P2OUT                         
0000002a  P2DIR                         
0000002b  P2IFG                         
0000002c  P2IES                         
0000002d  P2IE                          
0000002e  P2SEL                         
0000002f  P2REN                         
00000041  P1SEL2                        
00000042  P2SEL2                        
00000043  P3SEL2                        
00000048  ADC10DTC0                     
00000049  ADC10DTC1                     
0000004a  ADC10AE0                      
00000050  __STACK_SIZE                  
00000053  BCSCTL3                       
00000056  DCOCTL                        
00000057  BCSCTL1                       
00000058  BCSCTL2                       
00000059  CACTL1                        
0000005a  CACTL2                        
0000005b  CAPD                          
0000005d  UCA0ABCTL                     
0000005e  UCA0IRTCTL                    
0000005f  UCA0IRRCTL                    
00000060  UCA0CTL0                      
00000061  UCA0CTL1                      
00000062  UCA0BR0                       
00000063  UCA0BR1                       
00000064  UCA0MCTL                      
00000065  UCA0STAT                      
00000066  UCA0RXBUF                     
00000067  UCA0TXBUF                     
00000068  UCB0CTL0                      
00000069  UCB0CTL1                      
0000006a  UCB0BR0                       
0000006b  UCB0BR1                       
0000006c  UCB0I2CIE                     
0000006d  UCB0STAT                      
0000006e  UCB0RXBUF                     
0000006f  UCB0TXBUF                     
00000118  UCB0I2COA                     
0000011a  UCB0I2CSA                     
0000011e  TA1IV                         
00000120  WDTCTL                        
00000128  FCTL1                         
0000012a  FCTL2                         
0000012c  FCTL3                         
0000012e  TA0IV                         
00000160  TA0CTL                        
00000162  TA0CCTL0                      
00000164  TA0CCTL1                      
00000166  TA0CCTL2                      
00000170  TA0R                          
00000172  TA0CCR0                       
00000174  TA0CCR1                       
00000176  TA0CCR2                       
00000180  TA1CTL                        
00000182  TA1CCTL0                      
00000184  TA1CCTL1                      
00000186  TA1CCTL2                      
00000190  TA1R                          
00000192  TA1CCR0                       
00000194  TA1CCR1                       
00000196  TA1CCR2                       
000001b0  ADC10CTL0                     
000001b2  ADC10CTL1                     
000001b4  ADC10MEM                      
000001bc  ADC10SA                       
00000200  avgReading                    
00000202  avgOldReading                 
00000204  avgNewReading                 
00000206  i                             
00000208  j                             
0000020a  cansDealtWith                 
0000020b  previousState                 
0000020c  state                         
0000020d  nextState                     
0000020e  fillBufferCount               
0000020f  startSide                     
00000210  turnState                     
00000211  canPosition                   
00000212  search                        
00000214  closestWallLeft               
00000216  closestWallRight              
00000218  timeToCanAlignSec             
0000021a  timeToCanAlignMs              
0000021c  readingsOnAngle               
0000021d  anglesChecked                 
0000021e  anomalyNumber                 
0000021f  canAnomaly                    
00000220  lostCan                       
00000222  lostCount                     
00000224  avgAnomalyDistance            
00000226  expectedCanDistance           
00000228  avgNewAnomalyDistance         
0000022a  movement                      
0000022b  furtherWall                   
0000022c  useNumber                     
0000022e  straightTime                  
00000230  buttonPressed                 
00000231  ultraReadLeft                 
00000232  ultraReadRight                
00000233  ultraRADARRead                
00000234  Schedule                      
0000025c  RADARAtEachAngle              
0000027a  motorDrive                    
0000028a  motorSteer                    
0000029a  anomalyEnd                    
000002aa  anomalyPositions              
000002ba  anomalyStart                  
000002ca  RADARDistances                
000002d4  ultraLeft                     
000002de  ultraRADAR                    
000002e8  ultraRight                    
000002f2  wallDistancesLeft             
000002fc  wallDistancesRight            
00000306  flag                          
00000310  servoRADAR                    
00000316  LEDBlue                       
0000031a  LEDRed                        
0000031e  currentTime                   
00000322  IR                            
00000325  sideSelect                    
00000328  startButton                   
0000032c  newAngle                      
000003b0  _stack                        
00000400  __STACK_END                   
000010c0  TLV_CHECKSUM                  
000010da  TLV_ADC10_1_TAG               
000010db  TLV_ADC10_1_LEN               
000010f6  TLV_DCO_30_TAG                
000010f7  TLV_DCO_30_LEN                
000010f8  CALDCO_16MHZ                  
000010f9  CALBC1_16MHZ                  
000010fa  CALDCO_12MHZ                  
000010fb  CALBC1_12MHZ                  
000010fc  CALDCO_8MHZ                   
000010fd  CALBC1_8MHZ                   
000010fe  CALDCO_1MHZ                   
000010ff  CALBC1_1MHZ                   
0000c000  stateControl                  
0000c73c  changingState                 
0000c9ee  RADAR                         
0000cc66  canLock                       
0000cecc  checkFlags                    
0000d104  alignToWall                   
0000d2b4  checkSchedule                 
0000d45c  main                          
0000d568  circumnavigate                
0000d636  Timer1_A1_ISR                 
0000d6ee  ultrasonicSetup               
0000d770  __TI_decompress_lzss          
0000d7ec  ultrasonicTrigger             
0000d85c  Timer0_A1_ISR                 
0000d8ba  setupButton                   
0000d912  motorOutput                   
0000d95e  __mspabi_srli                 
0000d96c  __mspabi_srli_15              
0000d970  __mspabi_srli_14              
0000d974  __mspabi_srli_13              
0000d978  __mspabi_srli_12              
0000d97c  __mspabi_srli_11              
0000d980  __mspabi_srli_10              
0000d984  __mspabi_srli_9               
0000d988  __mspabi_srli_8               
0000d98c  __mspabi_srli_7               
0000d990  __mspabi_srli_6               
0000d994  __mspabi_srli_5               
0000d998  __mspabi_srli_4               
0000d99c  __mspabi_srli_3               
0000d9a0  __mspabi_srli_2               
0000d9a4  __mspabi_srli_1               
0000d9aa  updateCarHeading              
0000d9f6  timeIncrement                 
0000da3e  __TI_auto_init_nobinit_nopinit
0000da80  Timer0_A0_ISR                 
0000dabe  readSwitch                    
0000dafc  IRRead                        
0000db38  findDistanceAverage           
0000db6c  indicatorLEDSetup             
0000dba0  servoTurn                     
0000dbd4  setupSwitch                   
0000dc08  __mspabi_slli                 
0000dc14  __mspabi_slli_15              
0000dc16  __mspabi_slli_14              
0000dc18  __mspabi_slli_13              
0000dc1a  __mspabi_slli_12              
0000dc1c  __mspabi_slli_11              
0000dc1e  __mspabi_slli_10              
0000dc20  __mspabi_slli_9               
0000dc22  __mspabi_slli_8               
0000dc24  __mspabi_slli_7               
0000dc26  __mspabi_slli_6               
0000dc28  __mspabi_slli_5               
0000dc2a  __mspabi_slli_4               
0000dc2c  __mspabi_slli_3               
0000dc2e  __mspabi_slli_2               
0000dc30  __mspabi_slli_1               
0000dc34  setupTimerRADAR               
0000dc60  servoSetup                    
0000dc82  setupTimerSchedule            
0000dca2  IRSetup                       
0000dcbe  _c_int00_noargs               
0000dcda  indicatorLEDOff               
0000dcf6  indicatorLEDOn                
0000dd12  indicatorLEDToggle            
0000dd2e  Timer1_A0_ISR                 
0000dd48  __mspabi_divu                 
0000dd48  __mspabi_remu                 
0000dd5e  __TI_zero_init_nomemset       
0000dd72  __TI_decompress_none          
0000dd84  memcpy                        
0000dd96  Port1_ISR                     
0000dda6  __mspabi_func_epilog_7        
0000dda8  __mspabi_func_epilog_6        
0000ddaa  __mspabi_func_epilog_5        
0000ddac  __mspabi_func_epilog_4        
0000ddae  __mspabi_func_epilog_3        
0000ddb0  __mspabi_func_epilog_2        
0000ddb2  __mspabi_func_epilog_1        
0000ddb6  motorSetup                    
0000ddc4  __TI_ISR_TRAP                 
0000ddcc  servoCenter                   
0000ddd4  C$$EXIT                       
0000ddd4  abort                         
0000ddda  _system_pre_init              
0000ddde  _system_post_cinit            
0000de40  __TI_Handler_Table_Base       
0000de46  __TI_Handler_Table_Limit      
0000de4a  __TI_CINIT_Base               
0000de52  __TI_CINIT_Limit              
0000de52  __TI_CINIT_Warm               
0000ffe0  __TI_int00                    
0000ffe4  __TI_int02                    
0000ffe6  __TI_int03                    
0000ffea  __TI_int05                    
0000ffec  __TI_int06                    
0000ffee  __TI_int07                    
0000fff0  __TI_int08                    
0000fff2  __TI_int09                    
0000fff4  __TI_int10                    
0000fff6  __TI_int11                    
0000fff8  __TI_int12                    
0000fffa  __TI_int13                    
0000fffc  __TI_int14                    
0000fffe  _reset_vector                 
ffffffff  __TI_pprof_out_hndl           
ffffffff  __TI_prof_data_size           
ffffffff  __TI_prof_data_start          
ffffffff  __c_args__                    

[268 symbols]
