******************************************************************************
                  MSP430 Linker PC v21.6.1                     
******************************************************************************
>> Linked Fri May  3 13:50:43 2024

OUTPUT FILE NAME:   <CarReorganised.out>
ENTRY POINT SYMBOL: "_c_int00_noargs"  address: 0000dc1a


MEMORY CONFIGURATION

         name            origin    length      used     unused   attr    fill
----------------------  --------  ---------  --------  --------  ----  --------
  SFR                   00000000   00000010  00000000  00000010  RWIX
  PERIPHERALS_8BIT      00000010   000000f0  00000000  000000f0  RWIX
  PERIPHERALS_16BIT     00000100   00000100  00000000  00000100  RWIX
  RAM                   00000200   00000200  00000187  00000079  RWIX
  INFOD                 00001000   00000040  00000000  00000040  RWIX
  INFOC                 00001040   00000040  00000000  00000040  RWIX
  INFOB                 00001080   00000040  00000000  00000040  RWIX
  INFOA                 000010c0   00000040  00000000  00000040  RWIX
  FLASH                 0000c000   00003fde  00001d8a  00002254  RWIX
  BSLSIGNATURE          0000ffde   00000002  00000002  00000000  RWIX  ffff 
  INT00                 0000ffe0   00000002  00000002  00000000  RWIX
  INT01                 0000ffe2   00000002  00000000  00000002  RWIX
  INT02                 0000ffe4   00000002  00000002  00000000  RWIX
  INT03                 0000ffe6   00000002  00000002  00000000  RWIX
  INT04                 0000ffe8   00000002  00000000  00000002  RWIX
  INT05                 0000ffea   00000002  00000002  00000000  RWIX
  INT06                 0000ffec   00000002  00000002  00000000  RWIX
  INT07                 0000ffee   00000002  00000002  00000000  RWIX
  INT08                 0000fff0   00000002  00000002  00000000  RWIX
  INT09                 0000fff2   00000002  00000002  00000000  RWIX
  INT10                 0000fff4   00000002  00000002  00000000  RWIX
  INT11                 0000fff6   00000002  00000002  00000000  RWIX
  INT12                 0000fff8   00000002  00000002  00000000  RWIX
  INT13                 0000fffa   00000002  00000002  00000000  RWIX
  INT14                 0000fffc   00000002  00000002  00000000  RWIX
  RESET                 0000fffe   00000002  00000002  00000000  RWIX


SECTION ALLOCATION MAP

 output                                  attributes/
section   page    origin      length       input sections
--------  ----  ----------  ----------   ----------------
.data      0    00000200    00000135     UNINITIALIZED
                  00000200    00000036     main.obj (.data)
                  00000236    00000030     main.obj (.data:Schedule)
                  00000266    0000001e     main.obj (.data:SONARAtEachAngle)
                  00000284    00000010     main.obj (.data:motorDrive)
                  00000294    00000010     main.obj (.data:motorSteer)
                  000002a4    0000000f     main.obj (.data:anomalyEnd)
                  000002b3    00000001     --HOLE--
                  000002b4    0000000f     main.obj (.data:anomalyPositions)
                  000002c3    00000001     --HOLE--
                  000002c4    0000000f     main.obj (.data:anomalyStart)
                  000002d3    00000001     --HOLE--
                  000002d4    0000000a     main.obj (.data:SONARDistances)
                  000002de    0000000a     main.obj (.data:ultraLeft)
                  000002e8    0000000a     main.obj (.data:ultraRight)
                  000002f2    0000000a     main.obj (.data:ultraSONAR)
                  000002fc    0000000a     main.obj (.data:wallDistancesLeft)
                  00000306    0000000a     main.obj (.data:wallDistancesRight)
                  00000310    00000009     main.obj (.data:flag)
                  00000319    00000001     --HOLE--
                  0000031a    00000006     main.obj (.data:servoSONAR)
                  00000320    00000004     main.obj (.data:LEDBlue)
                  00000324    00000004     main.obj (.data:LEDRed)
                  00000328    00000004     main.obj (.data:currentTime)
                  0000032c    00000003     main.obj (.data:IR)
                  0000032f    00000003     main.obj (.data:sideSelect)
                  00000332    00000003     main.obj (.data:startButton)

.bss       0    00000336    00000002     UNINITIALIZED
                  00000336    00000002     (.common:newAngle)

.stack     0    000003b0    00000050     UNINITIALIZED
                  000003b0    00000002     rts430_eabi.lib : boot.c.obj (.stack)
                  000003b2    0000004e     --HOLE--

.text      0    0000c000    00001d20     
                  0000c000    00000610     main.obj (.text:stateControl)
                  0000c610    00000330     main.obj (.text:changingState)
                  0000c940    00000288     main.obj (.text:SONAR)
                  0000cbc8    00000264     main.obj (.text:canLock)
                  0000ce2c    00000238     main.obj (.text:checkFlags)
                  0000d064    00000216     main.obj (.text:checkSchedule)
                  0000d27a    00000142     main.obj (.text:alignToWall)
                  0000d3bc    00000104     main.obj (.text:main)
                  0000d4c0    000000d2     main.obj (.text:circumnavigate)
                  0000d592    000000b8     main.obj (.text:Timer1_A1_ISR)
                  0000d64a    00000082     Ultrasonic.obj (.text:ultrasonicSetup)
                  0000d6cc    0000007c     rts430_eabi.lib : copy_decompress_lzss.c.obj (.text:decompress:lzss:__TI_decompress_lzss)
                  0000d748    00000070     Ultrasonic.obj (.text:ultrasonicTrigger)
                  0000d7b8    0000005e     main.obj (.text:Timer0_A1_ISR)
                  0000d816    00000058     UserInterface.obj (.text:setupButton)
                  0000d86e    0000004c     DCMotor.obj (.text:motorOutput)
                  0000d8ba    0000004c     rts430_eabi.lib : lsr16.asm.obj (.text)
                  0000d906    0000004c     main.obj (.text:updateCarHeading)
                  0000d952    00000048     main.obj (.text:timeIncrement)
                  0000d99a    00000042     rts430_eabi.lib : autoinit.c.obj (.text:__TI_auto_init_nobinit_nopinit:__TI_auto_init_nobinit_nopinit)
                  0000d9dc    0000003e     main.obj (.text:Timer0_A0_ISR)
                  0000da1a    0000003e     UserInterface.obj (.text:readSwitch)
                  0000da58    0000003c     Infrared.obj (.text:IRRead)
                  0000da94    00000034     main.obj (.text:findDistanceAverage)
                  0000dac8    00000034     UserInterface.obj (.text:indicatorLEDSetup)
                  0000dafc    00000034     Servo.obj (.text:servoTurn)
                  0000db30    00000034     UserInterface.obj (.text:setupSwitch)
                  0000db64    0000002c     rts430_eabi.lib : lsl16.asm.obj (.text)
                  0000db90    0000002c     main.obj (.text:setupTimerSONAR)
                  0000dbbc    00000022     Servo.obj (.text:servoSetup)
                  0000dbde    00000020     main.obj (.text:setupTimerSchedule)
                  0000dbfe    0000001c     Infrared.obj (.text:IRSetup)
                  0000dc1a    0000001c     rts430_eabi.lib : boot.c.obj (.text:_c_int00_noargs)
                  0000dc36    0000001c     UserInterface.obj (.text:indicatorLEDOff)
                  0000dc52    0000001c     UserInterface.obj (.text:indicatorLEDOn)
                  0000dc6e    0000001a     main.obj (.text:Timer1_A0_ISR)
                  0000dc88    00000016     rts430_eabi.lib : div16u.asm.obj (.text)
                  0000dc9e    00000014                     : copy_zero_init.c.obj (.text:decompress:ZI:__TI_zero_init_nomemset:__TI_zero_init_nomemset)
                  0000dcb2    00000012                     : copy_decompress_none.c.obj (.text:decompress:none:__TI_decompress_none)
                  0000dcc4    00000012                     : memcpy.c.obj (.text:memcpy)
                  0000dcd6    00000010     main.obj (.text:Port1_ISR)
                  0000dce6    00000010     rts430_eabi.lib : epilog.asm.obj (.text)
                  0000dcf6    0000000e     DCMotor.obj (.text:motorSetup)
                  0000dd04    00000008     rts430_eabi.lib : isr_trap.asm.obj (.text:_isr:__TI_ISR_TRAP)
                  0000dd0c    00000008     Servo.obj (.text:servoCenter)
                  0000dd14    00000006     rts430_eabi.lib : exit.c.obj (.text:abort)
                  0000dd1a    00000004                     : pre_init.c.obj (.text:_system_pre_init)
                  0000dd1e    00000002                     : startup.c.obj (.text:_system_post_cinit)

.cinit     0    0000dd20    0000006a     
                  0000dd20    00000057     (.cinit..data.load) [load image, compression = lzss]
                  0000dd77    00000001     --HOLE-- [fill = 0]
                  0000dd78    00000006     (__TI_handler_table)
                  0000dd7e    00000004     (.cinit..bss.load) [load image, compression = zero_init]
                  0000dd82    00000008     (__TI_cinit_table)

.binit     0    0000c000    00000000     

.init_array 
*          0    0000c000    00000000     UNINITIALIZED

TRAPINT    0    0000ffe0    00000002     
                  0000ffe0    00000002     rts430_eabi.lib : int00.asm.obj (.int00)

PORT1      0    0000ffe4    00000002     
                  0000ffe4    00000002     main.obj (.int02)

PORT2      0    0000ffe6    00000002     
                  0000ffe6    00000002     rts430_eabi.lib : int03.asm.obj (.int03)

ADC10      0    0000ffea    00000002     
                  0000ffea    00000002     rts430_eabi.lib : int05.asm.obj (.int05)

USCIAB0TX 
*          0    0000ffec    00000002     
                  0000ffec    00000002     rts430_eabi.lib : int06.asm.obj (.int06)

USCIAB0RX 
*          0    0000ffee    00000002     
                  0000ffee    00000002     rts430_eabi.lib : int07.asm.obj (.int07)

TIMER0_A1 
*          0    0000fff0    00000002     
                  0000fff0    00000002     main.obj (.int08)

TIMER0_A0 
*          0    0000fff2    00000002     
                  0000fff2    00000002     main.obj (.int09)

WDT        0    0000fff4    00000002     
                  0000fff4    00000002     rts430_eabi.lib : int10.asm.obj (.int10)

COMPARATORA 
*          0    0000fff6    00000002     
                  0000fff6    00000002     rts430_eabi.lib : int11.asm.obj (.int11)

TIMER1_A1 
*          0    0000fff8    00000002     
                  0000fff8    00000002     main.obj (.int12)

TIMER1_A0 
*          0    0000fffa    00000002     
                  0000fffa    00000002     main.obj (.int13)

NMI        0    0000fffc    00000002     
                  0000fffc    00000002     rts430_eabi.lib : int14.asm.obj (.int14)

.reset     0    0000fffe    00000002     
                  0000fffe    00000002     rts430_eabi.lib : boot.c.obj (.reset)

$fill000   0    0000ffde    00000002     
                  0000ffde    00000002     --HOLE-- [fill = ffff]

MODULE SUMMARY

       Module                       code   ro data   rw data
       ------                       ----   -------   -------
    .\
       main.obj                     6180   10        307    
       UserInterface.obj            310    0         0      
       Ultrasonic.obj               242    0         0      
       Servo.obj                    94     0         0      
       DCMotor.obj                  90     0         0      
       Infrared.obj                 88     0         0      
    +--+----------------------------+------+---------+---------+
       Total:                       7004   10        307    
                                                            
    C:\ti\ccs1240\ccs\tools\compiler\ti-cgt-msp430_21.6.1.LTS\lib\rts430_eabi.lib
       copy_decompress_lzss.c.obj   124    0         0      
       lsr16.asm.obj                76     0         0      
       autoinit.c.obj               66     0         0      
       lsl16.asm.obj                44     0         0      
       boot.c.obj                   28     2         0      
       div16u.asm.obj               22     0         0      
       copy_zero_init.c.obj         20     0         0      
       copy_decompress_none.c.obj   18     0         0      
       memcpy.c.obj                 18     0         0      
       epilog.asm.obj               16     0         0      
       isr_trap.asm.obj             8      0         0      
       exit.c.obj                   6      0         0      
       pre_init.c.obj               4      0         0      
       int00.asm.obj                0      2         0      
       int03.asm.obj                0      2         0      
       int05.asm.obj                0      2         0      
       int06.asm.obj                0      2         0      
       int07.asm.obj                0      2         0      
       int10.asm.obj                0      2         0      
       int11.asm.obj                0      2         0      
       int14.asm.obj                0      2         0      
       startup.c.obj                2      0         0      
    +--+----------------------------+------+---------+---------+
       Total:                       452    18        0      
                                                            
       Stack:                       0      0         80     
       Linker Generated:            0      105       0      
    +--+----------------------------+------+---------+---------+
       Grand Total:                 7456   133       387    


LINKER GENERATED COPY TABLES

__TI_cinit_table @ 0000dd82 records: 2, size/record: 4, table size: 8
	.data: load addr=0000dd20, load size=00000057 bytes, run addr=00000200, run size=00000135 bytes, compression=lzss
	.bss: load addr=0000dd7e, load size=00000004 bytes, run addr=00000336, run size=00000002 bytes, compression=zero_init


LINKER GENERATED HANDLER TABLE

__TI_handler_table @ 0000dd78 records: 3, size/record: 2, table size: 6
	index: 0, handler: __TI_zero_init
	index: 1, handler: __TI_decompress_lzss
	index: 2, handler: __TI_decompress_none


GLOBAL SYMBOLS: SORTED ALPHABETICALLY BY Name 

address   name                          
-------   ----                          
0000004a  ADC10AE0                      
000001b0  ADC10CTL0                     
000001b2  ADC10CTL1                     
00000048  ADC10DTC0                     
00000049  ADC10DTC1                     
000001b4  ADC10MEM                      
000001bc  ADC10SA                       
00000057  BCSCTL1                       
00000058  BCSCTL2                       
00000053  BCSCTL3                       
0000dd14  C$$EXIT                       
00000059  CACTL1                        
0000005a  CACTL2                        
000010fb  CALBC1_12MHZ                  
000010f9  CALBC1_16MHZ                  
000010ff  CALBC1_1MHZ                   
000010fd  CALBC1_8MHZ                   
000010fa  CALDCO_12MHZ                  
000010f8  CALDCO_16MHZ                  
000010fe  CALDCO_1MHZ                   
000010fc  CALDCO_8MHZ                   
0000005b  CAPD                          
00000056  DCOCTL                        
00000128  FCTL1                         
0000012a  FCTL2                         
0000012c  FCTL3                         
00000000  IE1                           
00000001  IE2                           
00000002  IFG1                          
00000003  IFG2                          
0000032c  IR                            
0000da58  IRRead                        
0000dbfe  IRSetup                       
00000320  LEDBlue                       
00000324  LEDRed                        
00000022  P1DIR                         
00000025  P1IE                          
00000024  P1IES                         
00000023  P1IFG                         
00000020  P1IN                          
00000021  P1OUT                         
00000027  P1REN                         
00000026  P1SEL                         
00000041  P1SEL2                        
0000002a  P2DIR                         
0000002d  P2IE                          
0000002c  P2IES                         
0000002b  P2IFG                         
00000028  P2IN                          
00000029  P2OUT                         
0000002f  P2REN                         
0000002e  P2SEL                         
00000042  P2SEL2                        
0000001a  P3DIR                         
00000018  P3IN                          
00000019  P3OUT                         
00000010  P3REN                         
0000001b  P3SEL                         
00000043  P3SEL2                        
0000dcd6  Port1_ISR                     
0000c940  SONAR                         
00000266  SONARAtEachAngle              
000002d4  SONARDistances                
00000236  Schedule                      
00000172  TA0CCR0                       
00000174  TA0CCR1                       
00000176  TA0CCR2                       
00000162  TA0CCTL0                      
00000164  TA0CCTL1                      
00000166  TA0CCTL2                      
00000160  TA0CTL                        
0000012e  TA0IV                         
00000170  TA0R                          
00000192  TA1CCR0                       
00000194  TA1CCR1                       
00000196  TA1CCR2                       
00000182  TA1CCTL0                      
00000184  TA1CCTL1                      
00000186  TA1CCTL2                      
00000180  TA1CTL                        
0000011e  TA1IV                         
00000190  TA1R                          
000010db  TLV_ADC10_1_LEN               
000010da  TLV_ADC10_1_TAG               
000010c0  TLV_CHECKSUM                  
000010f7  TLV_DCO_30_LEN                
000010f6  TLV_DCO_30_TAG                
0000d9dc  Timer0_A0_ISR                 
0000d7b8  Timer0_A1_ISR                 
0000dc6e  Timer1_A0_ISR                 
0000d592  Timer1_A1_ISR                 
0000005d  UCA0ABCTL                     
00000062  UCA0BR0                       
00000063  UCA0BR1                       
00000060  UCA0CTL0                      
00000061  UCA0CTL1                      
0000005f  UCA0IRRCTL                    
0000005e  UCA0IRTCTL                    
00000064  UCA0MCTL                      
00000066  UCA0RXBUF                     
00000065  UCA0STAT                      
00000067  UCA0TXBUF                     
0000006a  UCB0BR0                       
0000006b  UCB0BR1                       
00000068  UCB0CTL0                      
00000069  UCB0CTL1                      
0000006c  UCB0I2CIE                     
00000118  UCB0I2COA                     
0000011a  UCB0I2CSA                     
0000006e  UCB0RXBUF                     
0000006d  UCB0STAT                      
0000006f  UCB0TXBUF                     
00000120  WDTCTL                        
00000400  __STACK_END                   
00000050  __STACK_SIZE                  
0000dd82  __TI_CINIT_Base               
0000dd8a  __TI_CINIT_Limit              
0000dd8a  __TI_CINIT_Warm               
0000dd78  __TI_Handler_Table_Base       
0000dd7e  __TI_Handler_Table_Limit      
0000dd04  __TI_ISR_TRAP                 
0000d99a  __TI_auto_init_nobinit_nopinit
0000d6cc  __TI_decompress_lzss          
0000dcb2  __TI_decompress_none          
0000ffe0  __TI_int00                    
0000ffe4  __TI_int02                    
0000ffe6  __TI_int03                    
0000ffea  __TI_int05                    
0000ffec  __TI_int06                    
0000ffee  __TI_int07                    
0000fff0  __TI_int08                    
0000fff2  __TI_int09                    
0000fff4  __TI_int10                    
0000fff6  __TI_int11                    
0000fff8  __TI_int12                    
0000fffa  __TI_int13                    
0000fffc  __TI_int14                    
ffffffff  __TI_pprof_out_hndl           
ffffffff  __TI_prof_data_size           
ffffffff  __TI_prof_data_start          
0000dc9e  __TI_zero_init_nomemset       
ffffffff  __c_args__                    
0000dc88  __mspabi_divu                 
0000dcf2  __mspabi_func_epilog_1        
0000dcf0  __mspabi_func_epilog_2        
0000dcee  __mspabi_func_epilog_3        
0000dcec  __mspabi_func_epilog_4        
0000dcea  __mspabi_func_epilog_5        
0000dce8  __mspabi_func_epilog_6        
0000dce6  __mspabi_func_epilog_7        
0000dc88  __mspabi_remu                 
0000db64  __mspabi_slli                 
0000db8c  __mspabi_slli_1               
0000db7a  __mspabi_slli_10              
0000db78  __mspabi_slli_11              
0000db76  __mspabi_slli_12              
0000db74  __mspabi_slli_13              
0000db72  __mspabi_slli_14              
0000db70  __mspabi_slli_15              
0000db8a  __mspabi_slli_2               
0000db88  __mspabi_slli_3               
0000db86  __mspabi_slli_4               
0000db84  __mspabi_slli_5               
0000db82  __mspabi_slli_6               
0000db80  __mspabi_slli_7               
0000db7e  __mspabi_slli_8               
0000db7c  __mspabi_slli_9               
0000d8ba  __mspabi_srli                 
0000d900  __mspabi_srli_1               
0000d8dc  __mspabi_srli_10              
0000d8d8  __mspabi_srli_11              
0000d8d4  __mspabi_srli_12              
0000d8d0  __mspabi_srli_13              
0000d8cc  __mspabi_srli_14              
0000d8c8  __mspabi_srli_15              
0000d8fc  __mspabi_srli_2               
0000d8f8  __mspabi_srli_3               
0000d8f4  __mspabi_srli_4               
0000d8f0  __mspabi_srli_5               
0000d8ec  __mspabi_srli_6               
0000d8e8  __mspabi_srli_7               
0000d8e4  __mspabi_srli_8               
0000d8e0  __mspabi_srli_9               
0000dc1a  _c_int00_noargs               
0000fffe  _reset_vector                 
000003b0  _stack                        
0000dd1e  _system_post_cinit            
0000dd1a  _system_pre_init              
0000dd14  abort                         
0000d27a  alignToWall                   
00000221  anglesChecked                 
000002a4  anomalyEnd                    
00000222  anomalyNumber                 
000002b4  anomalyPositions              
000002c4  anomalyStart                  
00000228  avgAnomalyDistance            
0000022c  avgNewAnomalyDistance         
00000204  avgNewReading                 
00000202  avgOldReading                 
00000200  avgReading                    
00000232  buttonPressed                 
00000223  canAnomaly                    
0000cbc8  canLock                       
00000213  canPosition                   
0000c610  changingState                 
0000ce2c  checkFlags                    
0000d064  checkSchedule                 
0000d4c0  circumnavigate                
00000328  currentTime                   
0000022a  expectedCanDistance           
0000020d  fillBufferCount               
0000da94  findDistanceAverage           
0000021a  firstCanFound                 
00000310  flag                          
0000022f  furtherWall                   
00000216  furthestCanLeft               
00000218  furthestCanRight              
00000206  i                             
0000dc36  indicatorLEDOff               
0000dc52  indicatorLEDOn                
0000dac8  indicatorLEDSetup             
00000208  j                             
00000224  lostCan                       
00000226  lostCount                     
0000d3bc  main                          
0000dcc4  memcpy                        
00000284  motorDrive                    
0000d86e  motorOutput                   
0000dcf6  motorSetup                    
00000294  motorSteer                    
0000022e  movement                      
00000336  newAngle                      
0000020c  nextState                     
0000020a  previousState                 
0000da1a  readSwitch                    
00000220  readingsOnAngle               
00000214  search                        
00000210  searchSpeeds                  
0000dd0c  servoCenter                   
0000031a  servoSONAR                    
0000dbbc  servoSetup                    
0000dafc  servoTurn                     
0000d816  setupButton                   
0000db30  setupSwitch                   
0000db90  setupTimerSONAR               
0000dbde  setupTimerSchedule            
0000032f  sideSelect                    
00000332  startButton                   
0000020e  startSide                     
0000020b  state                         
0000c000  stateControl                  
00000230  straightTime                  
0000d952  timeIncrement                 
0000021e  timeToCanAlignMs              
0000021c  timeToCanAlignSec             
00000212  turnState                     
000002de  ultraLeft                     
00000233  ultraReadLeft                 
00000234  ultraReadRight                
000002e8  ultraRight                    
000002f2  ultraSONAR                    
00000235  ultraSONARRead                
0000d64a  ultrasonicSetup               
0000d748  ultrasonicTrigger             
0000d906  updateCarHeading              
000002fc  wallDistancesLeft             
00000306  wallDistancesRight            


GLOBAL SYMBOLS: SORTED BY Symbol Address 

address   name                          
-------   ----                          
00000000  IE1                           
00000001  IE2                           
00000002  IFG1                          
00000003  IFG2                          
00000010  P3REN                         
00000018  P3IN                          
00000019  P3OUT                         
0000001a  P3DIR                         
0000001b  P3SEL                         
00000020  P1IN                          
00000021  P1OUT                         
00000022  P1DIR                         
00000023  P1IFG                         
00000024  P1IES                         
00000025  P1IE                          
00000026  P1SEL                         
00000027  P1REN                         
00000028  P2IN                          
00000029  P2OUT                         
0000002a  P2DIR                         
0000002b  P2IFG                         
0000002c  P2IES                         
0000002d  P2IE                          
0000002e  P2SEL                         
0000002f  P2REN                         
00000041  P1SEL2                        
00000042  P2SEL2                        
00000043  P3SEL2                        
00000048  ADC10DTC0                     
00000049  ADC10DTC1                     
0000004a  ADC10AE0                      
00000050  __STACK_SIZE                  
00000053  BCSCTL3                       
00000056  DCOCTL                        
00000057  BCSCTL1                       
00000058  BCSCTL2                       
00000059  CACTL1                        
0000005a  CACTL2                        
0000005b  CAPD                          
0000005d  UCA0ABCTL                     
0000005e  UCA0IRTCTL                    
0000005f  UCA0IRRCTL                    
00000060  UCA0CTL0                      
00000061  UCA0CTL1                      
00000062  UCA0BR0                       
00000063  UCA0BR1                       
00000064  UCA0MCTL                      
00000065  UCA0STAT                      
00000066  UCA0RXBUF                     
00000067  UCA0TXBUF                     
00000068  UCB0CTL0                      
00000069  UCB0CTL1                      
0000006a  UCB0BR0                       
0000006b  UCB0BR1                       
0000006c  UCB0I2CIE                     
0000006d  UCB0STAT                      
0000006e  UCB0RXBUF                     
0000006f  UCB0TXBUF                     
00000118  UCB0I2COA                     
0000011a  UCB0I2CSA                     
0000011e  TA1IV                         
00000120  WDTCTL                        
00000128  FCTL1                         
0000012a  FCTL2                         
0000012c  FCTL3                         
0000012e  TA0IV                         
00000160  TA0CTL                        
00000162  TA0CCTL0                      
00000164  TA0CCTL1                      
00000166  TA0CCTL2                      
00000170  TA0R                          
00000172  TA0CCR0                       
00000174  TA0CCR1                       
00000176  TA0CCR2                       
00000180  TA1CTL                        
00000182  TA1CCTL0                      
00000184  TA1CCTL1                      
00000186  TA1CCTL2                      
00000190  TA1R                          
00000192  TA1CCR0                       
00000194  TA1CCR1                       
00000196  TA1CCR2                       
000001b0  ADC10CTL0                     
000001b2  ADC10CTL1                     
000001b4  ADC10MEM                      
000001bc  ADC10SA                       
00000200  avgReading                    
00000202  avgOldReading                 
00000204  avgNewReading                 
00000206  i                             
00000208  j                             
0000020a  previousState                 
0000020b  state                         
0000020c  nextState                     
0000020d  fillBufferCount               
0000020e  startSide                     
00000210  searchSpeeds                  
00000212  turnState                     
00000213  canPosition                   
00000214  search                        
00000216  furthestCanLeft               
00000218  furthestCanRight              
0000021a  firstCanFound                 
0000021c  timeToCanAlignSec             
0000021e  timeToCanAlignMs              
00000220  readingsOnAngle               
00000221  anglesChecked                 
00000222  anomalyNumber                 
00000223  canAnomaly                    
00000224  lostCan                       
00000226  lostCount                     
00000228  avgAnomalyDistance            
0000022a  expectedCanDistance           
0000022c  avgNewAnomalyDistance         
0000022e  movement                      
0000022f  furtherWall                   
00000230  straightTime                  
00000232  buttonPressed                 
00000233  ultraReadLeft                 
00000234  ultraReadRight                
00000235  ultraSONARRead                
00000236  Schedule                      
00000266  SONARAtEachAngle              
00000284  motorDrive                    
00000294  motorSteer                    
000002a4  anomalyEnd                    
000002b4  anomalyPositions              
000002c4  anomalyStart                  
000002d4  SONARDistances                
000002de  ultraLeft                     
000002e8  ultraRight                    
000002f2  ultraSONAR                    
000002fc  wallDistancesLeft             
00000306  wallDistancesRight            
00000310  flag                          
0000031a  servoSONAR                    
00000320  LEDBlue                       
00000324  LEDRed                        
00000328  currentTime                   
0000032c  IR                            
0000032f  sideSelect                    
00000332  startButton                   
00000336  newAngle                      
000003b0  _stack                        
00000400  __STACK_END                   
000010c0  TLV_CHECKSUM                  
000010da  TLV_ADC10_1_TAG               
000010db  TLV_ADC10_1_LEN               
000010f6  TLV_DCO_30_TAG                
000010f7  TLV_DCO_30_LEN                
000010f8  CALDCO_16MHZ                  
000010f9  CALBC1_16MHZ                  
000010fa  CALDCO_12MHZ                  
000010fb  CALBC1_12MHZ                  
000010fc  CALDCO_8MHZ                   
000010fd  CALBC1_8MHZ                   
000010fe  CALDCO_1MHZ                   
000010ff  CALBC1_1MHZ                   
0000c000  stateControl                  
0000c610  changingState                 
0000c940  SONAR                         
0000cbc8  canLock                       
0000ce2c  checkFlags                    
0000d064  checkSchedule                 
0000d27a  alignToWall                   
0000d3bc  main                          
0000d4c0  circumnavigate                
0000d592  Timer1_A1_ISR                 
0000d64a  ultrasonicSetup               
0000d6cc  __TI_decompress_lzss          
0000d748  ultrasonicTrigger             
0000d7b8  Timer0_A1_ISR                 
0000d816  setupButton                   
0000d86e  motorOutput                   
0000d8ba  __mspabi_srli                 
0000d8c8  __mspabi_srli_15              
0000d8cc  __mspabi_srli_14              
0000d8d0  __mspabi_srli_13              
0000d8d4  __mspabi_srli_12              
0000d8d8  __mspabi_srli_11              
0000d8dc  __mspabi_srli_10              
0000d8e0  __mspabi_srli_9               
0000d8e4  __mspabi_srli_8               
0000d8e8  __mspabi_srli_7               
0000d8ec  __mspabi_srli_6               
0000d8f0  __mspabi_srli_5               
0000d8f4  __mspabi_srli_4               
0000d8f8  __mspabi_srli_3               
0000d8fc  __mspabi_srli_2               
0000d900  __mspabi_srli_1               
0000d906  updateCarHeading              
0000d952  timeIncrement                 
0000d99a  __TI_auto_init_nobinit_nopinit
0000d9dc  Timer0_A0_ISR                 
0000da1a  readSwitch                    
0000da58  IRRead                        
0000da94  findDistanceAverage           
0000dac8  indicatorLEDSetup             
0000dafc  servoTurn                     
0000db30  setupSwitch                   
0000db64  __mspabi_slli                 
0000db70  __mspabi_slli_15              
0000db72  __mspabi_slli_14              
0000db74  __mspabi_slli_13              
0000db76  __mspabi_slli_12              
0000db78  __mspabi_slli_11              
0000db7a  __mspabi_slli_10              
0000db7c  __mspabi_slli_9               
0000db7e  __mspabi_slli_8               
0000db80  __mspabi_slli_7               
0000db82  __mspabi_slli_6               
0000db84  __mspabi_slli_5               
0000db86  __mspabi_slli_4               
0000db88  __mspabi_slli_3               
0000db8a  __mspabi_slli_2               
0000db8c  __mspabi_slli_1               
0000db90  setupTimerSONAR               
0000dbbc  servoSetup                    
0000dbde  setupTimerSchedule            
0000dbfe  IRSetup                       
0000dc1a  _c_int00_noargs               
0000dc36  indicatorLEDOff               
0000dc52  indicatorLEDOn                
0000dc6e  Timer1_A0_ISR                 
0000dc88  __mspabi_divu                 
0000dc88  __mspabi_remu                 
0000dc9e  __TI_zero_init_nomemset       
0000dcb2  __TI_decompress_none          
0000dcc4  memcpy                        
0000dcd6  Port1_ISR                     
0000dce6  __mspabi_func_epilog_7        
0000dce8  __mspabi_func_epilog_6        
0000dcea  __mspabi_func_epilog_5        
0000dcec  __mspabi_func_epilog_4        
0000dcee  __mspabi_func_epilog_3        
0000dcf0  __mspabi_func_epilog_2        
0000dcf2  __mspabi_func_epilog_1        
0000dcf6  motorSetup                    
0000dd04  __TI_ISR_TRAP                 
0000dd0c  servoCenter                   
0000dd14  C$$EXIT                       
0000dd14  abort                         
0000dd1a  _system_pre_init              
0000dd1e  _system_post_cinit            
0000dd78  __TI_Handler_Table_Base       
0000dd7e  __TI_Handler_Table_Limit      
0000dd82  __TI_CINIT_Base               
0000dd8a  __TI_CINIT_Limit              
0000dd8a  __TI_CINIT_Warm               
0000ffe0  __TI_int00                    
0000ffe4  __TI_int02                    
0000ffe6  __TI_int03                    
0000ffea  __TI_int05                    
0000ffec  __TI_int06                    
0000ffee  __TI_int07                    
0000fff0  __TI_int08                    
0000fff2  __TI_int09                    
0000fff4  __TI_int10                    
0000fff6  __TI_int11                    
0000fff8  __TI_int12                    
0000fffa  __TI_int13                    
0000fffc  __TI_int14                    
0000fffe  _reset_vector                 
ffffffff  __TI_pprof_out_hndl           
ffffffff  __TI_prof_data_size           
ffffffff  __TI_prof_data_start          
ffffffff  __c_args__                    

[267 symbols]
