******************************************************************************
                  MSP430 Linker PC v21.6.1                     
******************************************************************************
>> Linked Thu Apr 11 14:18:01 2024

OUTPUT FILE NAME:   <CarReorganised.out>
ENTRY POINT SYMBOL: "_c_int00_noargs"  address: 0000d1d2


MEMORY CONFIGURATION

         name            origin    length      used     unused   attr    fill
----------------------  --------  ---------  --------  --------  ----  --------
  SFR                   00000000   00000010  00000000  00000010  RWIX
  PERIPHERALS_8BIT      00000010   000000f0  00000000  000000f0  RWIX
  PERIPHERALS_16BIT     00000100   00000100  00000000  00000100  RWIX
  RAM                   00000200   00000200  00000157  000000a9  RWIX
  INFOD                 00001000   00000040  00000000  00000040  RWIX
  INFOC                 00001040   00000040  00000000  00000040  RWIX
  INFOB                 00001080   00000040  00000000  00000040  RWIX
  INFOA                 000010c0   00000040  00000000  00000040  RWIX
  FLASH                 0000c000   00003fde  00001388  00002c56  RWIX
  BSLSIGNATURE          0000ffde   00000002  00000002  00000000  RWIX  ffff 
  INT00                 0000ffe0   00000002  00000002  00000000  RWIX
  INT01                 0000ffe2   00000002  00000000  00000002  RWIX
  INT02                 0000ffe4   00000002  00000002  00000000  RWIX
  INT03                 0000ffe6   00000002  00000002  00000000  RWIX
  INT04                 0000ffe8   00000002  00000000  00000002  RWIX
  INT05                 0000ffea   00000002  00000002  00000000  RWIX
  INT06                 0000ffec   00000002  00000002  00000000  RWIX
  INT07                 0000ffee   00000002  00000002  00000000  RWIX
  INT08                 0000fff0   00000002  00000002  00000000  RWIX
  INT09                 0000fff2   00000002  00000002  00000000  RWIX
  INT10                 0000fff4   00000002  00000002  00000000  RWIX
  INT11                 0000fff6   00000002  00000002  00000000  RWIX
  INT12                 0000fff8   00000002  00000002  00000000  RWIX
  INT13                 0000fffa   00000002  00000002  00000000  RWIX
  INT14                 0000fffc   00000002  00000002  00000000  RWIX
  RESET                 0000fffe   00000002  00000002  00000000  RWIX


SECTION ALLOCATION MAP

 output                                  attributes/
section   page    origin      length       input sections
--------  ----  ----------  ----------   ----------------
.data      0    00000200    00000103     UNINITIALIZED
                  00000200    00000022     main.obj (.data)
                  00000222    0000001e     main.obj (.data:RADARAtEachAngle)
                  00000240    0000001c     main.obj (.data:Schedule)
                  0000025c    00000010     main.obj (.data:motorDrive)
                  0000026c    00000010     main.obj (.data:motorSteer)
                  0000027c    0000000f     main.obj (.data:anomalyEnd)
                  0000028b    00000001     --HOLE--
                  0000028c    0000000f     main.obj (.data:anomalyPositions)
                  0000029b    00000001     --HOLE--
                  0000029c    0000000f     main.obj (.data:anomalyStart)
                  000002ab    00000001     --HOLE--
                  000002ac    0000000a     main.obj (.data:RADARDistances)
                  000002b6    0000000a     main.obj (.data:ultraLeft)
                  000002c0    0000000a     main.obj (.data:ultraRADAR)
                  000002ca    0000000a     main.obj (.data:ultraRight)
                  000002d4    0000000a     main.obj (.data:wallDistancesLeft)
                  000002de    0000000a     main.obj (.data:wallDistancesRight)
                  000002e8    00000009     main.obj (.data:flag)
                  000002f1    00000001     --HOLE--
                  000002f2    00000006     main.obj (.data:servoRADAR)
                  000002f8    00000004     main.obj (.data:LEDTop)
                  000002fc    00000004     main.obj (.data:currentTime)
                  00000300    00000003     main.obj (.data:IR)

.bss       0    00000304    00000004     UNINITIALIZED
                  00000304    00000002     (.common:leftWall)
                  00000306    00000002     (.common:newAngle)

.stack     0    000003b0    00000050     UNINITIALIZED
                  000003b0    00000002     rts430_eabi.lib : boot.c.obj (.stack)
                  000003b2    0000004e     --HOLE--

.text      0    0000c000    0000132a     
                  0000c000    00000356     main.obj (.text:stateControl)
                  0000c356    0000025a     main.obj (.text:RADAR)
                  0000c5b0    00000212     main.obj (.text:checkFlags)
                  0000c7c2    0000020c     main.obj (.text:changingState)
                  0000c9ce    0000014e     main.obj (.text:checkSchedule)
                  0000cb1c    000000d8     main.obj (.text:main)
                  0000cbf4    000000b8     main.obj (.text:Timer1_A1_ISR)
                  0000ccac    000000a0     main.obj (.text:alignToWall)
                  0000cd4c    00000082     Ultrasonic.obj (.text:ultrasonicSetup)
                  0000cdce    0000007c     rts430_eabi.lib : copy_decompress_lzss.c.obj (.text:decompress:lzss:__TI_decompress_lzss)
                  0000ce4a    00000070     Ultrasonic.obj (.text:ultrasonicTrigger)
                  0000ceba    0000005e     main.obj (.text:Timer0_A1_ISR)
                  0000cf18    0000004c     DCMotor.obj (.text:motorOutput)
                  0000cf64    0000004c     rts430_eabi.lib : lsr16.asm.obj (.text)
                  0000cfb0    00000048     main.obj (.text:timeIncrement)
                  0000cff8    00000042     rts430_eabi.lib : autoinit.c.obj (.text:__TI_auto_init_nobinit_nopinit:__TI_auto_init_nobinit_nopinit)
                  0000d03a    0000003e     main.obj (.text:Timer0_A0_ISR)
                  0000d078    0000003c     Infrared.obj (.text:IRRead)
                  0000d0b4    00000034     main.obj (.text:findDistanceAverage)
                  0000d0e8    00000034     Servo.obj (.text:servoTurn)
                  0000d11c    0000002c     rts430_eabi.lib : lsl16.asm.obj (.text)
                  0000d148    0000002c     main.obj (.text:setupTimerRADAR)
                  0000d174    00000022     Servo.obj (.text:servoSetup)
                  0000d196    00000020     main.obj (.text:setupTimerSchedule)
                  0000d1b6    0000001c     Infrared.obj (.text:IRSetup)
                  0000d1d2    0000001c     rts430_eabi.lib : boot.c.obj (.text:_c_int00_noargs)
                  0000d1ee    0000001c     IndicatorLED.obj (.text:indicatorLEDOff)
                  0000d20a    0000001c     IndicatorLED.obj (.text:indicatorLEDOn)
                  0000d226    0000001c     IndicatorLED.obj (.text:indicatorLEDSetup)
                  0000d242    0000001c     IndicatorLED.obj (.text:indicatorLEDToggle)
                  0000d25e    0000001a     main.obj (.text:Timer1_A0_ISR)
                  0000d278    0000001a     main.obj (.text:setupButton)
                  0000d292    00000016     rts430_eabi.lib : div16u.asm.obj (.text)
                  0000d2a8    00000014                     : copy_zero_init.c.obj (.text:decompress:ZI:__TI_zero_init_nomemset:__TI_zero_init_nomemset)
                  0000d2bc    00000012                     : copy_decompress_none.c.obj (.text:decompress:none:__TI_decompress_none)
                  0000d2ce    00000012                     : memcpy.c.obj (.text:memcpy)
                  0000d2e0    00000010     main.obj (.text:Port1_ISR)
                  0000d2f0    00000010     rts430_eabi.lib : epilog.asm.obj (.text)
                  0000d300    0000000e     DCMotor.obj (.text:motorSetup)
                  0000d30e    00000008     rts430_eabi.lib : isr_trap.asm.obj (.text:_isr:__TI_ISR_TRAP)
                  0000d316    00000008     Servo.obj (.text:servoCenter)
                  0000d31e    00000006     rts430_eabi.lib : exit.c.obj (.text:abort)
                  0000d324    00000004                     : pre_init.c.obj (.text:_system_pre_init)
                  0000d328    00000002                     : startup.c.obj (.text:_system_post_cinit)

.cinit     0    0000d32a    0000005e     
                  0000d32a    0000004c     (.cinit..data.load) [load image, compression = lzss]
                  0000d376    00000006     (__TI_handler_table)
                  0000d37c    00000004     (.cinit..bss.load) [load image, compression = zero_init]
                  0000d380    00000008     (__TI_cinit_table)

.binit     0    0000c000    00000000     

.init_array 
*          0    0000c000    00000000     UNINITIALIZED

TRAPINT    0    0000ffe0    00000002     
                  0000ffe0    00000002     rts430_eabi.lib : int00.asm.obj (.int00)

PORT1      0    0000ffe4    00000002     
                  0000ffe4    00000002     main.obj (.int02)

PORT2      0    0000ffe6    00000002     
                  0000ffe6    00000002     rts430_eabi.lib : int03.asm.obj (.int03)

ADC10      0    0000ffea    00000002     
                  0000ffea    00000002     rts430_eabi.lib : int05.asm.obj (.int05)

USCIAB0TX 
*          0    0000ffec    00000002     
                  0000ffec    00000002     rts430_eabi.lib : int06.asm.obj (.int06)

USCIAB0RX 
*          0    0000ffee    00000002     
                  0000ffee    00000002     rts430_eabi.lib : int07.asm.obj (.int07)

TIMER0_A1 
*          0    0000fff0    00000002     
                  0000fff0    00000002     main.obj (.int08)

TIMER0_A0 
*          0    0000fff2    00000002     
                  0000fff2    00000002     main.obj (.int09)

WDT        0    0000fff4    00000002     
                  0000fff4    00000002     rts430_eabi.lib : int10.asm.obj (.int10)

COMPARATORA 
*          0    0000fff6    00000002     
                  0000fff6    00000002     rts430_eabi.lib : int11.asm.obj (.int11)

TIMER1_A1 
*          0    0000fff8    00000002     
                  0000fff8    00000002     main.obj (.int12)

TIMER1_A0 
*          0    0000fffa    00000002     
                  0000fffa    00000002     main.obj (.int13)

NMI        0    0000fffc    00000002     
                  0000fffc    00000002     rts430_eabi.lib : int14.asm.obj (.int14)

.reset     0    0000fffe    00000002     
                  0000fffe    00000002     rts430_eabi.lib : boot.c.obj (.reset)

$fill000   0    0000ffde    00000002     
                  0000ffde    00000002     --HOLE-- [fill = ffff]

MODULE SUMMARY

       Module                       code   ro data   rw data
       ------                       ----   -------   -------
    .\
       main.obj                     3828   10        259    
       Ultrasonic.obj               242    0         0      
       IndicatorLED.obj             112    0         0      
       Servo.obj                    94     0         0      
       DCMotor.obj                  90     0         0      
       Infrared.obj                 88     0         0      
    +--+----------------------------+------+---------+---------+
       Total:                       4454   10        259    
                                                            
    C:\ti\ccs1240\ccs\tools\compiler\ti-cgt-msp430_21.6.1.LTS\lib\rts430_eabi.lib
       copy_decompress_lzss.c.obj   124    0         0      
       lsr16.asm.obj                76     0         0      
       autoinit.c.obj               66     0         0      
       lsl16.asm.obj                44     0         0      
       boot.c.obj                   28     2         0      
       div16u.asm.obj               22     0         0      
       copy_zero_init.c.obj         20     0         0      
       copy_decompress_none.c.obj   18     0         0      
       memcpy.c.obj                 18     0         0      
       epilog.asm.obj               16     0         0      
       isr_trap.asm.obj             8      0         0      
       exit.c.obj                   6      0         0      
       pre_init.c.obj               4      0         0      
       int00.asm.obj                0      2         0      
       int03.asm.obj                0      2         0      
       int05.asm.obj                0      2         0      
       int06.asm.obj                0      2         0      
       int07.asm.obj                0      2         0      
       int10.asm.obj                0      2         0      
       int11.asm.obj                0      2         0      
       int14.asm.obj                0      2         0      
       startup.c.obj                2      0         0      
    +--+----------------------------+------+---------+---------+
       Total:                       452    18        0      
                                                            
       Stack:                       0      0         80     
       Linker Generated:            0      94        0      
    +--+----------------------------+------+---------+---------+
       Grand Total:                 4906   122       339    


LINKER GENERATED COPY TABLES

__TI_cinit_table @ 0000d380 records: 2, size/record: 4, table size: 8
	.data: load addr=0000d32a, load size=0000004c bytes, run addr=00000200, run size=00000103 bytes, compression=lzss
	.bss: load addr=0000d37c, load size=00000004 bytes, run addr=00000304, run size=00000004 bytes, compression=zero_init


LINKER GENERATED HANDLER TABLE

__TI_handler_table @ 0000d376 records: 3, size/record: 2, table size: 6
	index: 0, handler: __TI_zero_init
	index: 1, handler: __TI_decompress_lzss
	index: 2, handler: __TI_decompress_none


GLOBAL SYMBOLS: SORTED ALPHABETICALLY BY Name 

address   name                          
-------   ----                          
0000004a  ADC10AE0                      
000001b0  ADC10CTL0                     
000001b2  ADC10CTL1                     
00000048  ADC10DTC0                     
00000049  ADC10DTC1                     
000001b4  ADC10MEM                      
000001bc  ADC10SA                       
00000057  BCSCTL1                       
00000058  BCSCTL2                       
00000053  BCSCTL3                       
0000d31e  C$$EXIT                       
00000059  CACTL1                        
0000005a  CACTL2                        
000010fb  CALBC1_12MHZ                  
000010f9  CALBC1_16MHZ                  
000010ff  CALBC1_1MHZ                   
000010fd  CALBC1_8MHZ                   
000010fa  CALDCO_12MHZ                  
000010f8  CALDCO_16MHZ                  
000010fe  CALDCO_1MHZ                   
000010fc  CALDCO_8MHZ                   
0000005b  CAPD                          
00000056  DCOCTL                        
00000128  FCTL1                         
0000012a  FCTL2                         
0000012c  FCTL3                         
00000000  IE1                           
00000001  IE2                           
00000002  IFG1                          
00000003  IFG2                          
00000300  IR                            
0000d078  IRRead                        
0000d1b6  IRSetup                       
000002f8  LEDTop                        
00000022  P1DIR                         
00000025  P1IE                          
00000024  P1IES                         
00000023  P1IFG                         
00000020  P1IN                          
00000021  P1OUT                         
00000027  P1REN                         
00000026  P1SEL                         
00000041  P1SEL2                        
0000002a  P2DIR                         
0000002d  P2IE                          
0000002c  P2IES                         
0000002b  P2IFG                         
00000028  P2IN                          
00000029  P2OUT                         
0000002f  P2REN                         
0000002e  P2SEL                         
00000042  P2SEL2                        
0000001a  P3DIR                         
00000018  P3IN                          
00000019  P3OUT                         
00000010  P3REN                         
0000001b  P3SEL                         
00000043  P3SEL2                        
0000d2e0  Port1_ISR                     
0000c356  RADAR                         
00000222  RADARAtEachAngle              
000002ac  RADARDistances                
00000240  Schedule                      
00000172  TA0CCR0                       
00000174  TA0CCR1                       
00000176  TA0CCR2                       
00000162  TA0CCTL0                      
00000164  TA0CCTL1                      
00000166  TA0CCTL2                      
00000160  TA0CTL                        
0000012e  TA0IV                         
00000170  TA0R                          
00000192  TA1CCR0                       
00000194  TA1CCR1                       
00000196  TA1CCR2                       
00000182  TA1CCTL0                      
00000184  TA1CCTL1                      
00000186  TA1CCTL2                      
00000180  TA1CTL                        
0000011e  TA1IV                         
00000190  TA1R                          
000010db  TLV_ADC10_1_LEN               
000010da  TLV_ADC10_1_TAG               
000010c0  TLV_CHECKSUM                  
000010f7  TLV_DCO_30_LEN                
000010f6  TLV_DCO_30_TAG                
0000d03a  Timer0_A0_ISR                 
0000ceba  Timer0_A1_ISR                 
0000d25e  Timer1_A0_ISR                 
0000cbf4  Timer1_A1_ISR                 
0000005d  UCA0ABCTL                     
00000062  UCA0BR0                       
00000063  UCA0BR1                       
00000060  UCA0CTL0                      
00000061  UCA0CTL1                      
0000005f  UCA0IRRCTL                    
0000005e  UCA0IRTCTL                    
00000064  UCA0MCTL                      
00000066  UCA0RXBUF                     
00000065  UCA0STAT                      
00000067  UCA0TXBUF                     
0000006a  UCB0BR0                       
0000006b  UCB0BR1                       
00000068  UCB0CTL0                      
00000069  UCB0CTL1                      
0000006c  UCB0I2CIE                     
00000118  UCB0I2COA                     
0000011a  UCB0I2CSA                     
0000006e  UCB0RXBUF                     
0000006d  UCB0STAT                      
0000006f  UCB0TXBUF                     
00000120  WDTCTL                        
00000400  __STACK_END                   
00000050  __STACK_SIZE                  
0000d380  __TI_CINIT_Base               
0000d388  __TI_CINIT_Limit              
0000d388  __TI_CINIT_Warm               
0000d376  __TI_Handler_Table_Base       
0000d37c  __TI_Handler_Table_Limit      
0000d30e  __TI_ISR_TRAP                 
0000cff8  __TI_auto_init_nobinit_nopinit
0000cdce  __TI_decompress_lzss          
0000d2bc  __TI_decompress_none          
0000ffe0  __TI_int00                    
0000ffe4  __TI_int02                    
0000ffe6  __TI_int03                    
0000ffea  __TI_int05                    
0000ffec  __TI_int06                    
0000ffee  __TI_int07                    
0000fff0  __TI_int08                    
0000fff2  __TI_int09                    
0000fff4  __TI_int10                    
0000fff6  __TI_int11                    
0000fff8  __TI_int12                    
0000fffa  __TI_int13                    
0000fffc  __TI_int14                    
ffffffff  __TI_pprof_out_hndl           
ffffffff  __TI_prof_data_size           
ffffffff  __TI_prof_data_start          
0000d2a8  __TI_zero_init_nomemset       
ffffffff  __c_args__                    
0000d292  __mspabi_divu                 
0000d2fc  __mspabi_func_epilog_1        
0000d2fa  __mspabi_func_epilog_2        
0000d2f8  __mspabi_func_epilog_3        
0000d2f6  __mspabi_func_epilog_4        
0000d2f4  __mspabi_func_epilog_5        
0000d2f2  __mspabi_func_epilog_6        
0000d2f0  __mspabi_func_epilog_7        
0000d292  __mspabi_remu                 
0000d11c  __mspabi_slli                 
0000d144  __mspabi_slli_1               
0000d132  __mspabi_slli_10              
0000d130  __mspabi_slli_11              
0000d12e  __mspabi_slli_12              
0000d12c  __mspabi_slli_13              
0000d12a  __mspabi_slli_14              
0000d128  __mspabi_slli_15              
0000d142  __mspabi_slli_2               
0000d140  __mspabi_slli_3               
0000d13e  __mspabi_slli_4               
0000d13c  __mspabi_slli_5               
0000d13a  __mspabi_slli_6               
0000d138  __mspabi_slli_7               
0000d136  __mspabi_slli_8               
0000d134  __mspabi_slli_9               
0000cf64  __mspabi_srli                 
0000cfaa  __mspabi_srli_1               
0000cf86  __mspabi_srli_10              
0000cf82  __mspabi_srli_11              
0000cf7e  __mspabi_srli_12              
0000cf7a  __mspabi_srli_13              
0000cf76  __mspabi_srli_14              
0000cf72  __mspabi_srli_15              
0000cfa6  __mspabi_srli_2               
0000cfa2  __mspabi_srli_3               
0000cf9e  __mspabi_srli_4               
0000cf9a  __mspabi_srli_5               
0000cf96  __mspabi_srli_6               
0000cf92  __mspabi_srli_7               
0000cf8e  __mspabi_srli_8               
0000cf8a  __mspabi_srli_9               
0000d1d2  _c_int00_noargs               
0000fffe  _reset_vector                 
000003b0  _stack                        
0000d328  _system_post_cinit            
0000d324  _system_pre_init              
0000d31e  abort                         
0000ccac  alignToWall                   
00000212  anglesChecked                 
0000027c  anomalyEnd                    
00000213  anomalyNumber                 
0000028c  anomalyPositions              
0000029c  anomalyStart                  
00000218  avgAnomalyDistance            
0000021c  avgNewAnomalyDistance         
0000020a  avgNewReading                 
00000208  avgOldReading                 
00000206  avgReading                    
0000021e  buttonPressed                 
00000214  canAnomaly                    
0000c7c2  changingState                 
0000c5b0  checkFlags                    
0000c9ce  checkSchedule                 
000002fc  currentTime                   
0000021a  expectedCanDistance           
00000210  fillBufferCount               
0000d0b4  findDistanceAverage           
000002e8  flag                          
0000020c  i                             
0000d1ee  indicatorLEDOff               
0000d20a  indicatorLEDOn                
0000d226  indicatorLEDSetup             
0000d242  indicatorLEDToggle            
0000020e  j                             
00000304  leftWall                      
00000215  lostCan                       
00000216  lostCount                     
0000cb1c  main                          
0000d2ce  memcpy                        
0000025c  motorDrive                    
0000cf18  motorOutput                   
0000d300  motorSetup                    
0000026c  motorSteer                    
00000306  newAngle                      
00000202  nextState                     
00000200  previousState                 
00000211  readingsOnAngle               
0000d316  servoCenter                   
000002f2  servoRADAR                    
0000d174  servoSetup                    
0000d0e8  servoTurn                     
0000d278  setupButton                   
0000d148  setupTimerRADAR               
0000d196  setupTimerSchedule            
00000201  state                         
0000c000  stateControl                  
0000cfb0  timeIncrement                 
00000203  turnState                     
00000204  turnStateTime                 
000002b6  ultraLeft                     
000002c0  ultraRADAR                    
00000221  ultraRADARRead                
0000021f  ultraReadLeft                 
00000220  ultraReadRight                
000002ca  ultraRight                    
0000cd4c  ultrasonicSetup               
0000ce4a  ultrasonicTrigger             
000002d4  wallDistancesLeft             
000002de  wallDistancesRight            


GLOBAL SYMBOLS: SORTED BY Symbol Address 

address   name                          
-------   ----                          
00000000  IE1                           
00000001  IE2                           
00000002  IFG1                          
00000003  IFG2                          
00000010  P3REN                         
00000018  P3IN                          
00000019  P3OUT                         
0000001a  P3DIR                         
0000001b  P3SEL                         
00000020  P1IN                          
00000021  P1OUT                         
00000022  P1DIR                         
00000023  P1IFG                         
00000024  P1IES                         
00000025  P1IE                          
00000026  P1SEL                         
00000027  P1REN                         
00000028  P2IN                          
00000029  P2OUT                         
0000002a  P2DIR                         
0000002b  P2IFG                         
0000002c  P2IES                         
0000002d  P2IE                          
0000002e  P2SEL                         
0000002f  P2REN                         
00000041  P1SEL2                        
00000042  P2SEL2                        
00000043  P3SEL2                        
00000048  ADC10DTC0                     
00000049  ADC10DTC1                     
0000004a  ADC10AE0                      
00000050  __STACK_SIZE                  
00000053  BCSCTL3                       
00000056  DCOCTL                        
00000057  BCSCTL1                       
00000058  BCSCTL2                       
00000059  CACTL1                        
0000005a  CACTL2                        
0000005b  CAPD                          
0000005d  UCA0ABCTL                     
0000005e  UCA0IRTCTL                    
0000005f  UCA0IRRCTL                    
00000060  UCA0CTL0                      
00000061  UCA0CTL1                      
00000062  UCA0BR0                       
00000063  UCA0BR1                       
00000064  UCA0MCTL                      
00000065  UCA0STAT                      
00000066  UCA0RXBUF                     
00000067  UCA0TXBUF                     
00000068  UCB0CTL0                      
00000069  UCB0CTL1                      
0000006a  UCB0BR0                       
0000006b  UCB0BR1                       
0000006c  UCB0I2CIE                     
0000006d  UCB0STAT                      
0000006e  UCB0RXBUF                     
0000006f  UCB0TXBUF                     
00000118  UCB0I2COA                     
0000011a  UCB0I2CSA                     
0000011e  TA1IV                         
00000120  WDTCTL                        
00000128  FCTL1                         
0000012a  FCTL2                         
0000012c  FCTL3                         
0000012e  TA0IV                         
00000160  TA0CTL                        
00000162  TA0CCTL0                      
00000164  TA0CCTL1                      
00000166  TA0CCTL2                      
00000170  TA0R                          
00000172  TA0CCR0                       
00000174  TA0CCR1                       
00000176  TA0CCR2                       
00000180  TA1CTL                        
00000182  TA1CCTL0                      
00000184  TA1CCTL1                      
00000186  TA1CCTL2                      
00000190  TA1R                          
00000192  TA1CCR0                       
00000194  TA1CCR1                       
00000196  TA1CCR2                       
000001b0  ADC10CTL0                     
000001b2  ADC10CTL1                     
000001b4  ADC10MEM                      
000001bc  ADC10SA                       
00000200  previousState                 
00000201  state                         
00000202  nextState                     
00000203  turnState                     
00000204  turnStateTime                 
00000206  avgReading                    
00000208  avgOldReading                 
0000020a  avgNewReading                 
0000020c  i                             
0000020e  j                             
00000210  fillBufferCount               
00000211  readingsOnAngle               
00000212  anglesChecked                 
00000213  anomalyNumber                 
00000214  canAnomaly                    
00000215  lostCan                       
00000216  lostCount                     
00000218  avgAnomalyDistance            
0000021a  expectedCanDistance           
0000021c  avgNewAnomalyDistance         
0000021e  buttonPressed                 
0000021f  ultraReadLeft                 
00000220  ultraReadRight                
00000221  ultraRADARRead                
00000222  RADARAtEachAngle              
00000240  Schedule                      
0000025c  motorDrive                    
0000026c  motorSteer                    
0000027c  anomalyEnd                    
0000028c  anomalyPositions              
0000029c  anomalyStart                  
000002ac  RADARDistances                
000002b6  ultraLeft                     
000002c0  ultraRADAR                    
000002ca  ultraRight                    
000002d4  wallDistancesLeft             
000002de  wallDistancesRight            
000002e8  flag                          
000002f2  servoRADAR                    
000002f8  LEDTop                        
000002fc  currentTime                   
00000300  IR                            
00000304  leftWall                      
00000306  newAngle                      
000003b0  _stack                        
00000400  __STACK_END                   
000010c0  TLV_CHECKSUM                  
000010da  TLV_ADC10_1_TAG               
000010db  TLV_ADC10_1_LEN               
000010f6  TLV_DCO_30_TAG                
000010f7  TLV_DCO_30_LEN                
000010f8  CALDCO_16MHZ                  
000010f9  CALBC1_16MHZ                  
000010fa  CALDCO_12MHZ                  
000010fb  CALBC1_12MHZ                  
000010fc  CALDCO_8MHZ                   
000010fd  CALBC1_8MHZ                   
000010fe  CALDCO_1MHZ                   
000010ff  CALBC1_1MHZ                   
0000c000  stateControl                  
0000c356  RADAR                         
0000c5b0  checkFlags                    
0000c7c2  changingState                 
0000c9ce  checkSchedule                 
0000cb1c  main                          
0000cbf4  Timer1_A1_ISR                 
0000ccac  alignToWall                   
0000cd4c  ultrasonicSetup               
0000cdce  __TI_decompress_lzss          
0000ce4a  ultrasonicTrigger             
0000ceba  Timer0_A1_ISR                 
0000cf18  motorOutput                   
0000cf64  __mspabi_srli                 
0000cf72  __mspabi_srli_15              
0000cf76  __mspabi_srli_14              
0000cf7a  __mspabi_srli_13              
0000cf7e  __mspabi_srli_12              
0000cf82  __mspabi_srli_11              
0000cf86  __mspabi_srli_10              
0000cf8a  __mspabi_srli_9               
0000cf8e  __mspabi_srli_8               
0000cf92  __mspabi_srli_7               
0000cf96  __mspabi_srli_6               
0000cf9a  __mspabi_srli_5               
0000cf9e  __mspabi_srli_4               
0000cfa2  __mspabi_srli_3               
0000cfa6  __mspabi_srli_2               
0000cfaa  __mspabi_srli_1               
0000cfb0  timeIncrement                 
0000cff8  __TI_auto_init_nobinit_nopinit
0000d03a  Timer0_A0_ISR                 
0000d078  IRRead                        
0000d0b4  findDistanceAverage           
0000d0e8  servoTurn                     
0000d11c  __mspabi_slli                 
0000d128  __mspabi_slli_15              
0000d12a  __mspabi_slli_14              
0000d12c  __mspabi_slli_13              
0000d12e  __mspabi_slli_12              
0000d130  __mspabi_slli_11              
0000d132  __mspabi_slli_10              
0000d134  __mspabi_slli_9               
0000d136  __mspabi_slli_8               
0000d138  __mspabi_slli_7               
0000d13a  __mspabi_slli_6               
0000d13c  __mspabi_slli_5               
0000d13e  __mspabi_slli_4               
0000d140  __mspabi_slli_3               
0000d142  __mspabi_slli_2               
0000d144  __mspabi_slli_1               
0000d148  setupTimerRADAR               
0000d174  servoSetup                    
0000d196  setupTimerSchedule            
0000d1b6  IRSetup                       
0000d1d2  _c_int00_noargs               
0000d1ee  indicatorLEDOff               
0000d20a  indicatorLEDOn                
0000d226  indicatorLEDSetup             
0000d242  indicatorLEDToggle            
0000d25e  Timer1_A0_ISR                 
0000d278  setupButton                   
0000d292  __mspabi_divu                 
0000d292  __mspabi_remu                 
0000d2a8  __TI_zero_init_nomemset       
0000d2bc  __TI_decompress_none          
0000d2ce  memcpy                        
0000d2e0  Port1_ISR                     
0000d2f0  __mspabi_func_epilog_7        
0000d2f2  __mspabi_func_epilog_6        
0000d2f4  __mspabi_func_epilog_5        
0000d2f6  __mspabi_func_epilog_4        
0000d2f8  __mspabi_func_epilog_3        
0000d2fa  __mspabi_func_epilog_2        
0000d2fc  __mspabi_func_epilog_1        
0000d300  motorSetup                    
0000d30e  __TI_ISR_TRAP                 
0000d316  servoCenter                   
0000d31e  C$$EXIT                       
0000d31e  abort                         
0000d324  _system_pre_init              
0000d328  _system_post_cinit            
0000d376  __TI_Handler_Table_Base       
0000d37c  __TI_Handler_Table_Limit      
0000d380  __TI_CINIT_Base               
0000d388  __TI_CINIT_Limit              
0000d388  __TI_CINIT_Warm               
0000ffe0  __TI_int00                    
0000ffe4  __TI_int02                    
0000ffe6  __TI_int03                    
0000ffea  __TI_int05                    
0000ffec  __TI_int06                    
0000ffee  __TI_int07                    
0000fff0  __TI_int08                    
0000fff2  __TI_int09                    
0000fff4  __TI_int10                    
0000fff6  __TI_int11                    
0000fff8  __TI_int12                    
0000fffa  __TI_int13                    
0000fffc  __TI_int14                    
0000fffe  _reset_vector                 
ffffffff  __TI_pprof_out_hndl           
ffffffff  __TI_prof_data_size           
ffffffff  __TI_prof_data_start          
ffffffff  __c_args__                    

[250 symbols]
