<?xml version="1.0" encoding="ISO-8859-1" ?>
<link_info>
   <banner>MSP430 Linker PC v21.6.1.LTS</banner>
   <copyright>Copyright (c) 2003-2018 Texas Instruments Incorporated</copyright>
   <link_time>0x6634d3bb</link_time>
   <link_errors>0x0</link_errors>
   <output_file>CarReorganised.out</output_file>
   <entry_point>
      <name>_c_int00_noargs</name>
      <address>0xdc1a</address>
   </entry_point>
   <input_file_list>
      <input_file id="fl-2">
         <path>.\</path>
         <kind>object</kind>
         <file>DCMotor.obj</file>
         <name>DCMotor.obj</name>
      </input_file>
      <input_file id="fl-3">
         <path>.\</path>
         <kind>object</kind>
         <file>Infrared.obj</file>
         <name>Infrared.obj</name>
      </input_file>
      <input_file id="fl-4">
         <path>.\</path>
         <kind>object</kind>
         <file>Servo.obj</file>
         <name>Servo.obj</name>
      </input_file>
      <input_file id="fl-5">
         <path>.\</path>
         <kind>object</kind>
         <file>Ultrasonic.obj</file>
         <name>Ultrasonic.obj</name>
      </input_file>
      <input_file id="fl-6">
         <path>.\</path>
         <kind>object</kind>
         <file>UserInterface.obj</file>
         <name>UserInterface.obj</name>
      </input_file>
      <input_file id="fl-7">
         <path>.\</path>
         <kind>object</kind>
         <file>main.obj</file>
         <name>main.obj</name>
      </input_file>
      <input_file id="fl-c">
         <kind>object</kind>
         <file>&lt;internal&gt;</file>
         <name>&lt;internal&gt;</name>
      </input_file>
      <input_file id="fl-22">
         <path>C:\ti\ccs1240\ccs\tools\compiler\ti-cgt-msp430_21.6.1.LTS\lib\</path>
         <kind>archive</kind>
         <file>rts430_eabi.lib</file>
         <name>div16u.asm.obj</name>
      </input_file>
      <input_file id="fl-23">
         <path>C:\ti\ccs1240\ccs\tools\compiler\ti-cgt-msp430_21.6.1.LTS\lib\</path>
         <kind>archive</kind>
         <file>rts430_eabi.lib</file>
         <name>int00.asm.obj</name>
      </input_file>
      <input_file id="fl-24">
         <path>C:\ti\ccs1240\ccs\tools\compiler\ti-cgt-msp430_21.6.1.LTS\lib\</path>
         <kind>archive</kind>
         <file>rts430_eabi.lib</file>
         <name>int03.asm.obj</name>
      </input_file>
      <input_file id="fl-25">
         <path>C:\ti\ccs1240\ccs\tools\compiler\ti-cgt-msp430_21.6.1.LTS\lib\</path>
         <kind>archive</kind>
         <file>rts430_eabi.lib</file>
         <name>int05.asm.obj</name>
      </input_file>
      <input_file id="fl-26">
         <path>C:\ti\ccs1240\ccs\tools\compiler\ti-cgt-msp430_21.6.1.LTS\lib\</path>
         <kind>archive</kind>
         <file>rts430_eabi.lib</file>
         <name>int06.asm.obj</name>
      </input_file>
      <input_file id="fl-27">
         <path>C:\ti\ccs1240\ccs\tools\compiler\ti-cgt-msp430_21.6.1.LTS\lib\</path>
         <kind>archive</kind>
         <file>rts430_eabi.lib</file>
         <name>int07.asm.obj</name>
      </input_file>
      <input_file id="fl-28">
         <path>C:\ti\ccs1240\ccs\tools\compiler\ti-cgt-msp430_21.6.1.LTS\lib\</path>
         <kind>archive</kind>
         <file>rts430_eabi.lib</file>
         <name>int10.asm.obj</name>
      </input_file>
      <input_file id="fl-29">
         <path>C:\ti\ccs1240\ccs\tools\compiler\ti-cgt-msp430_21.6.1.LTS\lib\</path>
         <kind>archive</kind>
         <file>rts430_eabi.lib</file>
         <name>int11.asm.obj</name>
      </input_file>
      <input_file id="fl-2a">
         <path>C:\ti\ccs1240\ccs\tools\compiler\ti-cgt-msp430_21.6.1.LTS\lib\</path>
         <kind>archive</kind>
         <file>rts430_eabi.lib</file>
         <name>int14.asm.obj</name>
      </input_file>
      <input_file id="fl-2b">
         <path>C:\ti\ccs1240\ccs\tools\compiler\ti-cgt-msp430_21.6.1.LTS\lib\</path>
         <kind>archive</kind>
         <file>rts430_eabi.lib</file>
         <name>isr_trap.asm.obj</name>
      </input_file>
      <input_file id="fl-2c">
         <path>C:\ti\ccs1240\ccs\tools\compiler\ti-cgt-msp430_21.6.1.LTS\lib\</path>
         <kind>archive</kind>
         <file>rts430_eabi.lib</file>
         <name>lsr16.asm.obj</name>
      </input_file>
      <input_file id="fl-2d">
         <path>C:\ti\ccs1240\ccs\tools\compiler\ti-cgt-msp430_21.6.1.LTS\lib\</path>
         <kind>archive</kind>
         <file>rts430_eabi.lib</file>
         <name>boot.c.obj</name>
      </input_file>
      <input_file id="fl-2e">
         <path>C:\ti\ccs1240\ccs\tools\compiler\ti-cgt-msp430_21.6.1.LTS\lib\</path>
         <kind>archive</kind>
         <file>rts430_eabi.lib</file>
         <name>autoinit.c.obj</name>
      </input_file>
      <input_file id="fl-2f">
         <path>C:\ti\ccs1240\ccs\tools\compiler\ti-cgt-msp430_21.6.1.LTS\lib\</path>
         <kind>archive</kind>
         <file>rts430_eabi.lib</file>
         <name>copy_zero_init.c.obj</name>
      </input_file>
      <input_file id="fl-30">
         <path>C:\ti\ccs1240\ccs\tools\compiler\ti-cgt-msp430_21.6.1.LTS\lib\</path>
         <kind>archive</kind>
         <file>rts430_eabi.lib</file>
         <name>cpy_tbl.c.obj</name>
      </input_file>
      <input_file id="fl-31">
         <path>C:\ti\ccs1240\ccs\tools\compiler\ti-cgt-msp430_21.6.1.LTS\lib\</path>
         <kind>archive</kind>
         <file>rts430_eabi.lib</file>
         <name>mpu_init.c.obj</name>
      </input_file>
      <input_file id="fl-32">
         <path>C:\ti\ccs1240\ccs\tools\compiler\ti-cgt-msp430_21.6.1.LTS\lib\</path>
         <kind>archive</kind>
         <file>rts430_eabi.lib</file>
         <name>pre_init.c.obj</name>
      </input_file>
      <input_file id="fl-33">
         <path>C:\ti\ccs1240\ccs\tools\compiler\ti-cgt-msp430_21.6.1.LTS\lib\</path>
         <kind>archive</kind>
         <file>rts430_eabi.lib</file>
         <name>startup.c.obj</name>
      </input_file>
      <input_file id="fl-34">
         <path>C:\ti\ccs1240\ccs\tools\compiler\ti-cgt-msp430_21.6.1.LTS\lib\</path>
         <kind>archive</kind>
         <file>rts430_eabi.lib</file>
         <name>copy_decompress_none.c.obj</name>
      </input_file>
      <input_file id="fl-35">
         <path>C:\ti\ccs1240\ccs\tools\compiler\ti-cgt-msp430_21.6.1.LTS\lib\</path>
         <kind>archive</kind>
         <file>rts430_eabi.lib</file>
         <name>copy_decompress_lzss.c.obj</name>
      </input_file>
      <input_file id="fl-36">
         <path>C:\ti\ccs1240\ccs\tools\compiler\ti-cgt-msp430_21.6.1.LTS\lib\</path>
         <kind>archive</kind>
         <file>rts430_eabi.lib</file>
         <name>exit.c.obj</name>
      </input_file>
      <input_file id="fl-37">
         <path>C:\ti\ccs1240\ccs\tools\compiler\ti-cgt-msp430_21.6.1.LTS\lib\</path>
         <kind>archive</kind>
         <file>rts430_eabi.lib</file>
         <name>_lock.c.obj</name>
      </input_file>
      <input_file id="fl-38">
         <path>C:\ti\ccs1240\ccs\tools\compiler\ti-cgt-msp430_21.6.1.LTS\lib\</path>
         <kind>archive</kind>
         <file>rts430_eabi.lib</file>
         <name>args_main.c.obj</name>
      </input_file>
      <input_file id="fl-39">
         <path>C:\ti\ccs1240\ccs\tools\compiler\ti-cgt-msp430_21.6.1.LTS\lib\</path>
         <kind>archive</kind>
         <file>rts430_eabi.lib</file>
         <name>memcpy.c.obj</name>
      </input_file>
      <input_file id="fl-3a">
         <path>C:\ti\ccs1240\ccs\tools\compiler\ti-cgt-msp430_21.6.1.LTS\lib\</path>
         <kind>archive</kind>
         <file>rts430_eabi.lib</file>
         <name>epilog.asm.obj</name>
      </input_file>
      <input_file id="fl-3b">
         <path>C:\ti\ccs1240\ccs\tools\compiler\ti-cgt-msp430_21.6.1.LTS\lib\</path>
         <kind>archive</kind>
         <file>rts430_eabi.lib</file>
         <name>lsl16.asm.obj</name>
      </input_file>
      <input_file id="fl-3c">
         <path>C:\ti\ccs1240\ccs\tools\compiler\ti-cgt-msp430_21.6.1.LTS\lib\</path>
         <kind>archive</kind>
         <file>rts430_eabi.lib</file>
         <name>mult16.asm.obj</name>
      </input_file>
      <input_file id="fl-3d">
         <path>C:\ti\ccs1240\ccs\tools\compiler\ti-cgt-msp430_21.6.1.LTS\lib\</path>
         <kind>archive</kind>
         <file>rts430_eabi.lib</file>
         <name>exit_gvars.c.obj</name>
      </input_file>
   </input_file_list>
   <object_component_list>
      <object_component id="oc-33f">
         <name>.common:newAngle</name>
         <uninitialized>true</uninitialized>
         <run_address>0x336</run_address>
         <size>0x2</size>
      </object_component>
      <object_component id="oc-15d">
         <name>.data:currentTime</name>
         <load_address>0x328</load_address>
         <run_address>0x328</run_address>
         <size>0x4</size>
         <input_file_ref idref="fl-7"/>
      </object_component>
      <object_component id="oc-207">
         <name>.data:Schedule</name>
         <load_address>0x236</load_address>
         <run_address>0x236</run_address>
         <size>0x30</size>
         <input_file_ref idref="fl-7"/>
      </object_component>
      <object_component id="oc-155">
         <name>.data:flag</name>
         <load_address>0x310</load_address>
         <run_address>0x310</run_address>
         <size>0x9</size>
         <input_file_ref idref="fl-7"/>
      </object_component>
      <object_component id="oc-1c5">
         <name>.data:LEDRed</name>
         <load_address>0x324</load_address>
         <run_address>0x324</run_address>
         <size>0x4</size>
         <input_file_ref idref="fl-7"/>
      </object_component>
      <object_component id="oc-1ce">
         <name>.data:LEDBlue</name>
         <load_address>0x320</load_address>
         <run_address>0x320</run_address>
         <size>0x4</size>
         <input_file_ref idref="fl-7"/>
      </object_component>
      <object_component id="oc-1bc">
         <name>.data:sideSelect</name>
         <load_address>0x32f</load_address>
         <run_address>0x32f</run_address>
         <size>0x3</size>
         <input_file_ref idref="fl-7"/>
      </object_component>
      <object_component id="oc-1b3">
         <name>.data:startButton</name>
         <load_address>0x332</load_address>
         <run_address>0x332</run_address>
         <size>0x3</size>
         <input_file_ref idref="fl-7"/>
      </object_component>
      <object_component id="oc-1d7">
         <name>.data:motorDrive</name>
         <load_address>0x284</load_address>
         <run_address>0x284</run_address>
         <size>0x10</size>
         <input_file_ref idref="fl-7"/>
      </object_component>
      <object_component id="oc-1e0">
         <name>.data:motorSteer</name>
         <load_address>0x294</load_address>
         <run_address>0x294</run_address>
         <size>0x10</size>
         <input_file_ref idref="fl-7"/>
      </object_component>
      <object_component id="oc-164">
         <name>.data:ultraLeft</name>
         <load_address>0x2de</load_address>
         <run_address>0x2de</run_address>
         <size>0xa</size>
         <input_file_ref idref="fl-7"/>
      </object_component>
      <object_component id="oc-161">
         <name>.data:ultraRight</name>
         <load_address>0x2e8</load_address>
         <run_address>0x2e8</run_address>
         <size>0xa</size>
         <input_file_ref idref="fl-7"/>
      </object_component>
      <object_component id="oc-159">
         <name>.data:ultraSONAR</name>
         <load_address>0x2f2</load_address>
         <run_address>0x2f2</run_address>
         <size>0xa</size>
         <input_file_ref idref="fl-7"/>
      </object_component>
      <object_component id="oc-1f2">
         <name>.data:servoSONAR</name>
         <load_address>0x31a</load_address>
         <run_address>0x31a</run_address>
         <size>0x6</size>
         <input_file_ref idref="fl-7"/>
      </object_component>
      <object_component id="oc-1e9">
         <name>.data:IR</name>
         <load_address>0x32c</load_address>
         <run_address>0x32c</run_address>
         <size>0x3</size>
         <input_file_ref idref="fl-7"/>
      </object_component>
      <object_component id="oc-29a">
         <name>.data</name>
         <load_address>0x200</load_address>
         <run_address>0x200</run_address>
         <size>0x36</size>
         <input_file_ref idref="fl-7"/>
      </object_component>
      <object_component id="oc-29d">
         <name>.data:wallDistancesLeft</name>
         <load_address>0x2fc</load_address>
         <run_address>0x2fc</run_address>
         <size>0xa</size>
         <input_file_ref idref="fl-7"/>
      </object_component>
      <object_component id="oc-2a0">
         <name>.data:wallDistancesRight</name>
         <load_address>0x306</load_address>
         <run_address>0x306</run_address>
         <size>0xa</size>
         <input_file_ref idref="fl-7"/>
      </object_component>
      <object_component id="oc-2a3">
         <name>.data:SONARDistances</name>
         <load_address>0x2d4</load_address>
         <run_address>0x2d4</run_address>
         <size>0xa</size>
         <input_file_ref idref="fl-7"/>
      </object_component>
      <object_component id="oc-346">
         <name>.data:anomalyPositions</name>
         <load_address>0x2b4</load_address>
         <run_address>0x2b4</run_address>
         <size>0xf</size>
         <input_file_ref idref="fl-7"/>
      </object_component>
      <object_component id="oc-340">
         <name>.data:anomalyStart</name>
         <load_address>0x2c4</load_address>
         <run_address>0x2c4</run_address>
         <size>0xf</size>
         <input_file_ref idref="fl-7"/>
      </object_component>
      <object_component id="oc-343">
         <name>.data:anomalyEnd</name>
         <load_address>0x2a4</load_address>
         <run_address>0x2a4</run_address>
         <size>0xf</size>
         <input_file_ref idref="fl-7"/>
      </object_component>
      <object_component id="oc-349">
         <name>.data:SONARAtEachAngle</name>
         <load_address>0x266</load_address>
         <run_address>0x266</run_address>
         <size>0x1e</size>
         <input_file_ref idref="fl-7"/>
      </object_component>
      <object_component id="oc-b1">
         <name>.stack</name>
         <uninitialized>true</uninitialized>
         <run_address>0x3b0</run_address>
         <size>0x2</size>
         <input_file_ref idref="fl-2d"/>
      </object_component>
      <object_component id="oc-3ea">
         <name>.stack</name>
         <uninitialized>true</uninitialized>
         <run_address>0x3b0</run_address>
         <size>0x0</size>
      </object_component>
      <object_component id="oc-216">
         <name>.text:stateControl</name>
         <load_address>0xc000</load_address>
         <run_address>0xc000</run_address>
         <size>0x610</size>
         <input_file_ref idref="fl-7"/>
      </object_component>
      <object_component id="oc-2ac">
         <name>.text:changingState</name>
         <load_address>0xc610</load_address>
         <run_address>0xc610</run_address>
         <size>0x330</size>
         <input_file_ref idref="fl-7"/>
      </object_component>
      <object_component id="oc-2d1">
         <name>.text:SONAR</name>
         <load_address>0xc940</load_address>
         <run_address>0xc940</run_address>
         <size>0x288</size>
         <input_file_ref idref="fl-7"/>
      </object_component>
      <object_component id="oc-2d7">
         <name>.text:canLock</name>
         <load_address>0xcbc8</load_address>
         <run_address>0xcbc8</run_address>
         <size>0x264</size>
         <input_file_ref idref="fl-7"/>
      </object_component>
      <object_component id="oc-210">
         <name>.text:checkFlags</name>
         <load_address>0xce2c</load_address>
         <run_address>0xce2c</run_address>
         <size>0x238</size>
         <input_file_ref idref="fl-7"/>
      </object_component>
      <object_component id="oc-21c">
         <name>.text:checkSchedule</name>
         <load_address>0xd064</load_address>
         <run_address>0xd064</run_address>
         <size>0x216</size>
         <input_file_ref idref="fl-7"/>
      </object_component>
      <object_component id="oc-2cb">
         <name>.text:alignToWall</name>
         <load_address>0xd27a</load_address>
         <run_address>0xd27a</run_address>
         <size>0x142</size>
         <input_file_ref idref="fl-7"/>
      </object_component>
      <object_component id="oc-177">
         <name>.text:main</name>
         <load_address>0xd3bc</load_address>
         <run_address>0xd3bc</run_address>
         <size>0x104</size>
         <input_file_ref idref="fl-7"/>
      </object_component>
      <object_component id="oc-2e3">
         <name>.text:circumnavigate</name>
         <load_address>0xd4c0</load_address>
         <run_address>0xd4c0</run_address>
         <size>0xd2</size>
         <input_file_ref idref="fl-7"/>
      </object_component>
      <object_component id="oc-f3">
         <name>.text:Timer1_A1_ISR</name>
         <load_address>0xd592</load_address>
         <run_address>0xd592</run_address>
         <size>0xb8</size>
         <input_file_ref idref="fl-7"/>
      </object_component>
      <object_component id="oc-1e3">
         <name>.text:ultrasonicSetup</name>
         <load_address>0xd64a</load_address>
         <run_address>0xd64a</run_address>
         <size>0x82</size>
         <input_file_ref idref="fl-5"/>
      </object_component>
      <object_component id="oc-34">
         <name>.text:decompress:lzss:__TI_decompress_lzss</name>
         <load_address>0xd6cc</load_address>
         <run_address>0xd6cc</run_address>
         <size>0x7c</size>
         <input_file_ref idref="fl-35"/>
      </object_component>
      <object_component id="oc-2ea">
         <name>.text:ultrasonicTrigger</name>
         <load_address>0xd748</load_address>
         <run_address>0xd748</run_address>
         <size>0x70</size>
         <input_file_ref idref="fl-5"/>
      </object_component>
      <object_component id="oc-e7">
         <name>.text:Timer0_A1_ISR</name>
         <load_address>0xd7b8</load_address>
         <run_address>0xd7b8</run_address>
         <size>0x5e</size>
         <input_file_ref idref="fl-7"/>
      </object_component>
      <object_component id="oc-1b6">
         <name>.text:setupButton</name>
         <load_address>0xd816</load_address>
         <run_address>0xd816</run_address>
         <size>0x58</size>
         <input_file_ref idref="fl-6"/>
      </object_component>
      <object_component id="oc-2a6">
         <name>.text:motorOutput</name>
         <load_address>0xd86e</load_address>
         <run_address>0xd86e</run_address>
         <size>0x4c</size>
         <input_file_ref idref="fl-2"/>
      </object_component>
      <object_component id="oc-ba">
         <name>.text</name>
         <load_address>0xd8ba</load_address>
         <run_address>0xd8ba</run_address>
         <size>0x4c</size>
         <input_file_ref idref="fl-2c"/>
      </object_component>
      <object_component id="oc-2c5">
         <name>.text:updateCarHeading</name>
         <load_address>0xd906</load_address>
         <run_address>0xd906</run_address>
         <size>0x4c</size>
         <input_file_ref idref="fl-7"/>
      </object_component>
      <object_component id="oc-20a">
         <name>.text:timeIncrement</name>
         <load_address>0xd952</load_address>
         <run_address>0xd952</run_address>
         <size>0x48</size>
         <input_file_ref idref="fl-7"/>
      </object_component>
      <object_component id="oc-22f">
         <name>.text:__TI_auto_init_nobinit_nopinit:__TI_auto_init_nobinit_nopinit</name>
         <load_address>0xd99a</load_address>
         <run_address>0xd99a</run_address>
         <size>0x42</size>
         <input_file_ref idref="fl-2e"/>
      </object_component>
      <object_component id="oc-ed">
         <name>.text:Timer0_A0_ISR</name>
         <load_address>0xd9dc</load_address>
         <run_address>0xd9dc</run_address>
         <size>0x3e</size>
         <input_file_ref idref="fl-7"/>
      </object_component>
      <object_component id="oc-2b3">
         <name>.text:readSwitch</name>
         <load_address>0xda1a</load_address>
         <run_address>0xda1a</run_address>
         <size>0x3e</size>
         <input_file_ref idref="fl-6"/>
      </object_component>
      <object_component id="oc-2dd">
         <name>.text:IRRead</name>
         <load_address>0xda58</load_address>
         <run_address>0xda58</run_address>
         <size>0x3c</size>
         <input_file_ref idref="fl-3"/>
      </object_component>
      <object_component id="oc-2bf">
         <name>.text:findDistanceAverage</name>
         <load_address>0xda94</load_address>
         <run_address>0xda94</run_address>
         <size>0x34</size>
         <input_file_ref idref="fl-7"/>
      </object_component>
      <object_component id="oc-1c8">
         <name>.text:indicatorLEDSetup</name>
         <load_address>0xdac8</load_address>
         <run_address>0xdac8</run_address>
         <size>0x34</size>
         <input_file_ref idref="fl-6"/>
      </object_component>
      <object_component id="oc-357">
         <name>.text:servoTurn</name>
         <load_address>0xdafc</load_address>
         <run_address>0xdafc</run_address>
         <size>0x34</size>
         <input_file_ref idref="fl-4"/>
      </object_component>
      <object_component id="oc-1bf">
         <name>.text:setupSwitch</name>
         <load_address>0xdb30</load_address>
         <run_address>0xdb30</run_address>
         <size>0x34</size>
         <input_file_ref idref="fl-6"/>
      </object_component>
      <object_component id="oc-b5">
         <name>.text</name>
         <load_address>0xdb64</load_address>
         <run_address>0xdb64</run_address>
         <size>0x2c</size>
         <input_file_ref idref="fl-3b"/>
      </object_component>
      <object_component id="oc-1fb">
         <name>.text:setupTimerSONAR</name>
         <load_address>0xdb90</load_address>
         <run_address>0xdb90</run_address>
         <size>0x2c</size>
         <input_file_ref idref="fl-7"/>
      </object_component>
      <object_component id="oc-1f5">
         <name>.text:servoSetup</name>
         <load_address>0xdbbc</load_address>
         <run_address>0xdbbc</run_address>
         <size>0x22</size>
         <input_file_ref idref="fl-4"/>
      </object_component>
      <object_component id="oc-201">
         <name>.text:setupTimerSchedule</name>
         <load_address>0xdbde</load_address>
         <run_address>0xdbde</run_address>
         <size>0x20</size>
         <input_file_ref idref="fl-7"/>
      </object_component>
      <object_component id="oc-1ec">
         <name>.text:IRSetup</name>
         <load_address>0xdbfe</load_address>
         <run_address>0xdbfe</run_address>
         <size>0x1c</size>
         <input_file_ref idref="fl-3"/>
      </object_component>
      <object_component id="oc-111">
         <name>.text:_c_int00_noargs</name>
         <load_address>0xdc1a</load_address>
         <run_address>0xdc1a</run_address>
         <size>0x1c</size>
         <input_file_ref idref="fl-2d"/>
      </object_component>
      <object_component id="oc-1d1">
         <name>.text:indicatorLEDOff</name>
         <load_address>0xdc36</load_address>
         <run_address>0xdc36</run_address>
         <size>0x1c</size>
         <input_file_ref idref="fl-6"/>
      </object_component>
      <object_component id="oc-2b9">
         <name>.text:indicatorLEDOn</name>
         <load_address>0xdc52</load_address>
         <run_address>0xdc52</run_address>
         <size>0x1c</size>
         <input_file_ref idref="fl-6"/>
      </object_component>
      <object_component id="oc-f9">
         <name>.text:Timer1_A0_ISR</name>
         <load_address>0xdc6e</load_address>
         <run_address>0xdc6e</run_address>
         <size>0x1a</size>
         <input_file_ref idref="fl-7"/>
      </object_component>
      <object_component id="oc-352">
         <name>.text</name>
         <load_address>0xdc88</load_address>
         <run_address>0xdc88</run_address>
         <size>0x16</size>
         <input_file_ref idref="fl-22"/>
      </object_component>
      <object_component id="oc-ff">
         <name>.text:decompress:ZI:__TI_zero_init_nomemset:__TI_zero_init_nomemset</name>
         <load_address>0xdc9e</load_address>
         <run_address>0xdc9e</run_address>
         <size>0x14</size>
         <input_file_ref idref="fl-2f"/>
      </object_component>
      <object_component id="oc-3a">
         <name>.text:decompress:none:__TI_decompress_none</name>
         <load_address>0xdcb2</load_address>
         <run_address>0xdcb2</run_address>
         <size>0x12</size>
         <input_file_ref idref="fl-34"/>
      </object_component>
      <object_component id="oc-cf">
         <name>.text:memcpy</name>
         <load_address>0xdcc4</load_address>
         <run_address>0xdcc4</run_address>
         <size>0x12</size>
         <input_file_ref idref="fl-39"/>
      </object_component>
      <object_component id="oc-e1">
         <name>.text:Port1_ISR</name>
         <load_address>0xdcd6</load_address>
         <run_address>0xdcd6</run_address>
         <size>0x10</size>
         <input_file_ref idref="fl-7"/>
      </object_component>
      <object_component id="oc-bf">
         <name>.text</name>
         <load_address>0xdce6</load_address>
         <run_address>0xdce6</run_address>
         <size>0x10</size>
         <input_file_ref idref="fl-3a"/>
      </object_component>
      <object_component id="oc-1da">
         <name>.text:motorSetup</name>
         <load_address>0xdcf6</load_address>
         <run_address>0xdcf6</run_address>
         <size>0xe</size>
         <input_file_ref idref="fl-2"/>
      </object_component>
      <object_component id="oc-dc">
         <name>.text:_isr:__TI_ISR_TRAP</name>
         <load_address>0xdd04</load_address>
         <run_address>0xdd04</run_address>
         <size>0x8</size>
         <input_file_ref idref="fl-2b"/>
      </object_component>
      <object_component id="oc-339">
         <name>.text:servoCenter</name>
         <load_address>0xdd0c</load_address>
         <run_address>0xdd0c</run_address>
         <size>0x8</size>
         <input_file_ref idref="fl-4"/>
      </object_component>
      <object_component id="oc-223">
         <name>.text:abort</name>
         <load_address>0xdd14</load_address>
         <run_address>0xdd14</run_address>
         <size>0x6</size>
         <input_file_ref idref="fl-36"/>
      </object_component>
      <object_component id="oc-171">
         <name>.text:_system_pre_init</name>
         <load_address>0xdd1a</load_address>
         <run_address>0xdd1a</run_address>
         <size>0x4</size>
         <input_file_ref idref="fl-32"/>
      </object_component>
      <object_component id="oc-303">
         <name>.text:_system_post_cinit</name>
         <load_address>0xdd1e</load_address>
         <run_address>0xdd1e</run_address>
         <size>0x2</size>
         <input_file_ref idref="fl-33"/>
      </object_component>
      <object_component id="oc-3e9">
         <name>.cinit..data.load</name>
         <load_address>0xdd20</load_address>
         <run_address>0xdd20</run_address>
         <size>0x57</size>
      </object_component>
      <object_component id="oc-3e6">
         <name>__TI_handler_table</name>
         <load_address>0xdd78</load_address>
         <run_address>0xdd78</run_address>
         <size>0x6</size>
      </object_component>
      <object_component id="oc-3e8">
         <name>.cinit..bss.load</name>
         <load_address>0xdd7e</load_address>
         <run_address>0xdd7e</run_address>
         <size>0x4</size>
      </object_component>
      <object_component id="oc-3e7">
         <name>__TI_cinit_table</name>
         <load_address>0xdd82</load_address>
         <run_address>0xdd82</run_address>
         <size>0x8</size>
      </object_component>
      <object_component id="oc-3a8">
         <name>.binit</name>
         <load_address>0xc000</load_address>
         <run_address>0xc000</run_address>
         <size>0x0</size>
      </object_component>
      <object_component id="oc-40">
         <name>.int00</name>
         <load_address>0xffe0</load_address>
         <run_address>0xffe0</run_address>
         <size>0x2</size>
         <input_file_ref idref="fl-23"/>
      </object_component>
      <object_component id="oc-41">
         <name>.int02</name>
         <load_address>0xffe4</load_address>
         <run_address>0xffe4</run_address>
         <size>0x2</size>
         <input_file_ref idref="fl-7"/>
      </object_component>
      <object_component id="oc-42">
         <name>.int03</name>
         <load_address>0xffe6</load_address>
         <run_address>0xffe6</run_address>
         <size>0x2</size>
         <input_file_ref idref="fl-24"/>
      </object_component>
      <object_component id="oc-43">
         <name>.int05</name>
         <load_address>0xffea</load_address>
         <run_address>0xffea</run_address>
         <size>0x2</size>
         <input_file_ref idref="fl-25"/>
      </object_component>
      <object_component id="oc-44">
         <name>.int06</name>
         <load_address>0xffec</load_address>
         <run_address>0xffec</run_address>
         <size>0x2</size>
         <input_file_ref idref="fl-26"/>
      </object_component>
      <object_component id="oc-45">
         <name>.int07</name>
         <load_address>0xffee</load_address>
         <run_address>0xffee</run_address>
         <size>0x2</size>
         <input_file_ref idref="fl-27"/>
      </object_component>
      <object_component id="oc-46">
         <name>.int08</name>
         <load_address>0xfff0</load_address>
         <run_address>0xfff0</run_address>
         <size>0x2</size>
         <input_file_ref idref="fl-7"/>
      </object_component>
      <object_component id="oc-47">
         <name>.int09</name>
         <load_address>0xfff2</load_address>
         <run_address>0xfff2</run_address>
         <size>0x2</size>
         <input_file_ref idref="fl-7"/>
      </object_component>
      <object_component id="oc-48">
         <name>.int10</name>
         <load_address>0xfff4</load_address>
         <run_address>0xfff4</run_address>
         <size>0x2</size>
         <input_file_ref idref="fl-28"/>
      </object_component>
      <object_component id="oc-49">
         <name>.int11</name>
         <load_address>0xfff6</load_address>
         <run_address>0xfff6</run_address>
         <size>0x2</size>
         <input_file_ref idref="fl-29"/>
      </object_component>
      <object_component id="oc-4a">
         <name>.int12</name>
         <load_address>0xfff8</load_address>
         <run_address>0xfff8</run_address>
         <size>0x2</size>
         <input_file_ref idref="fl-7"/>
      </object_component>
      <object_component id="oc-4b">
         <name>.int13</name>
         <load_address>0xfffa</load_address>
         <run_address>0xfffa</run_address>
         <size>0x2</size>
         <input_file_ref idref="fl-7"/>
      </object_component>
      <object_component id="oc-4c">
         <name>.int14</name>
         <load_address>0xfffc</load_address>
         <run_address>0xfffc</run_address>
         <size>0x2</size>
         <input_file_ref idref="fl-2a"/>
      </object_component>
      <object_component id="oc-b4">
         <name>.reset</name>
         <load_address>0xfffe</load_address>
         <run_address>0xfffe</run_address>
         <size>0x2</size>
         <input_file_ref idref="fl-2d"/>
      </object_component>
      <object_component id="oc-27d">
         <name>.debug_info</name>
         <load_address>0x0</load_address>
         <run_address>0x0</run_address>
         <size>0x16e</size>
         <input_file_ref idref="fl-2"/>
      </object_component>
      <object_component id="oc-1db">
         <name>.debug_info</name>
         <load_address>0x16e</load_address>
         <run_address>0x16e</run_address>
         <size>0x13e</size>
         <input_file_ref idref="fl-2"/>
      </object_component>
      <object_component id="oc-2a7">
         <name>.debug_info</name>
         <load_address>0x2ac</load_address>
         <run_address>0x2ac</run_address>
         <size>0x140</size>
         <input_file_ref idref="fl-2"/>
      </object_component>
      <object_component id="oc-277">
         <name>.debug_info</name>
         <load_address>0x3ec</load_address>
         <run_address>0x3ec</run_address>
         <size>0xef</size>
         <input_file_ref idref="fl-2"/>
      </object_component>
      <object_component id="oc-ca">
         <name>.debug_info</name>
         <load_address>0x4db</load_address>
         <run_address>0x4db</run_address>
         <size>0x84</size>
         <input_file_ref idref="fl-2"/>
      </object_component>
      <object_component id="oc-289">
         <name>.debug_info</name>
         <load_address>0x55f</load_address>
         <run_address>0x55f</run_address>
         <size>0x199</size>
         <input_file_ref idref="fl-3"/>
      </object_component>
      <object_component id="oc-1ee">
         <name>.debug_info</name>
         <load_address>0x6f8</load_address>
         <run_address>0x6f8</run_address>
         <size>0x12f</size>
         <input_file_ref idref="fl-3"/>
      </object_component>
      <object_component id="oc-2de">
         <name>.debug_info</name>
         <load_address>0x827</load_address>
         <run_address>0x827</run_address>
         <size>0x12d</size>
         <input_file_ref idref="fl-3"/>
      </object_component>
      <object_component id="oc-283">
         <name>.debug_info</name>
         <load_address>0x954</load_address>
         <run_address>0x954</run_address>
         <size>0x69</size>
         <input_file_ref idref="fl-3"/>
      </object_component>
      <object_component id="oc-292">
         <name>.debug_info</name>
         <load_address>0x9bd</load_address>
         <run_address>0x9bd</run_address>
         <size>0x1c4</size>
         <input_file_ref idref="fl-4"/>
      </object_component>
      <object_component id="oc-358">
         <name>.debug_info</name>
         <load_address>0xb81</load_address>
         <run_address>0xb81</run_address>
         <size>0x14a</size>
         <input_file_ref idref="fl-4"/>
      </object_component>
      <object_component id="oc-1f8">
         <name>.debug_info</name>
         <load_address>0xccb</load_address>
         <run_address>0xccb</run_address>
         <size>0x14c</size>
         <input_file_ref idref="fl-4"/>
      </object_component>
      <object_component id="oc-33d">
         <name>.debug_info</name>
         <load_address>0xe17</load_address>
         <run_address>0xe17</run_address>
         <size>0x114</size>
         <input_file_ref idref="fl-4"/>
      </object_component>
      <object_component id="oc-28c">
         <name>.debug_info</name>
         <load_address>0xf2b</load_address>
         <run_address>0xf2b</run_address>
         <size>0x69</size>
         <input_file_ref idref="fl-4"/>
      </object_component>
      <object_component id="oc-262">
         <name>.debug_info</name>
         <load_address>0xf94</load_address>
         <run_address>0xf94</run_address>
         <size>0x21a</size>
         <input_file_ref idref="fl-5"/>
      </object_component>
      <object_component id="oc-2ec">
         <name>.debug_info</name>
         <load_address>0x11ae</load_address>
         <run_address>0x11ae</run_address>
         <size>0x155</size>
         <input_file_ref idref="fl-5"/>
      </object_component>
      <object_component id="oc-1e4">
         <name>.debug_info</name>
         <load_address>0x1303</load_address>
         <run_address>0x1303</run_address>
         <size>0x151</size>
         <input_file_ref idref="fl-5"/>
      </object_component>
      <object_component id="oc-1a5">
         <name>.debug_info</name>
         <load_address>0x1454</load_address>
         <run_address>0x1454</run_address>
         <size>0xa5</size>
         <input_file_ref idref="fl-5"/>
      </object_component>
      <object_component id="oc-26b">
         <name>.debug_info</name>
         <load_address>0x14f9</load_address>
         <run_address>0x14f9</run_address>
         <size>0x2ec</size>
         <input_file_ref idref="fl-6"/>
      </object_component>
      <object_component id="oc-1c1">
         <name>.debug_info</name>
         <load_address>0x17e5</load_address>
         <run_address>0x17e5</run_address>
         <size>0x146</size>
         <input_file_ref idref="fl-6"/>
      </object_component>
      <object_component id="oc-1b8">
         <name>.debug_info</name>
         <load_address>0x192b</load_address>
         <run_address>0x192b</run_address>
         <size>0x156</size>
         <input_file_ref idref="fl-6"/>
      </object_component>
      <object_component id="oc-2b4">
         <name>.debug_info</name>
         <load_address>0x1a81</load_address>
         <run_address>0x1a81</run_address>
         <size>0x144</size>
         <input_file_ref idref="fl-6"/>
      </object_component>
      <object_component id="oc-1c9">
         <name>.debug_info</name>
         <load_address>0x1bc5</load_address>
         <run_address>0x1bc5</run_address>
         <size>0x156</size>
         <input_file_ref idref="fl-6"/>
      </object_component>
      <object_component id="oc-2bb">
         <name>.debug_info</name>
         <load_address>0x1d1b</load_address>
         <run_address>0x1d1b</run_address>
         <size>0x150</size>
         <input_file_ref idref="fl-6"/>
      </object_component>
      <object_component id="oc-1d2">
         <name>.debug_info</name>
         <load_address>0x1e6b</load_address>
         <run_address>0x1e6b</run_address>
         <size>0x152</size>
         <input_file_ref idref="fl-6"/>
      </object_component>
      <object_component id="oc-265">
         <name>.debug_info</name>
         <load_address>0x1fbd</load_address>
         <run_address>0x1fbd</run_address>
         <size>0xe9</size>
         <input_file_ref idref="fl-6"/>
      </object_component>
      <object_component id="oc-298">
         <name>.debug_info</name>
         <load_address>0x20a6</load_address>
         <run_address>0x20a6</run_address>
         <size>0x6ae</size>
         <input_file_ref idref="fl-7"/>
      </object_component>
      <object_component id="oc-15e">
         <name>.debug_info</name>
         <load_address>0x2754</load_address>
         <run_address>0x2754</run_address>
         <size>0xe7</size>
         <input_file_ref idref="fl-7"/>
      </object_component>
      <object_component id="oc-208">
         <name>.debug_info</name>
         <load_address>0x283b</load_address>
         <run_address>0x283b</run_address>
         <size>0xe1</size>
         <input_file_ref idref="fl-7"/>
      </object_component>
      <object_component id="oc-156">
         <name>.debug_info</name>
         <load_address>0x291c</load_address>
         <run_address>0x291c</run_address>
         <size>0xd9</size>
         <input_file_ref idref="fl-7"/>
      </object_component>
      <object_component id="oc-1c6">
         <name>.debug_info</name>
         <load_address>0x29f5</load_address>
         <run_address>0x29f5</run_address>
         <size>0xdd</size>
         <input_file_ref idref="fl-7"/>
      </object_component>
      <object_component id="oc-1cf">
         <name>.debug_info</name>
         <load_address>0x2ad2</load_address>
         <run_address>0x2ad2</run_address>
         <size>0xdf</size>
         <input_file_ref idref="fl-7"/>
      </object_component>
      <object_component id="oc-1bd">
         <name>.debug_info</name>
         <load_address>0x2bb1</load_address>
         <run_address>0x2bb1</run_address>
         <size>0xe5</size>
         <input_file_ref idref="fl-7"/>
      </object_component>
      <object_component id="oc-1b4">
         <name>.debug_info</name>
         <load_address>0x2c96</load_address>
         <run_address>0x2c96</run_address>
         <size>0xe7</size>
         <input_file_ref idref="fl-7"/>
      </object_component>
      <object_component id="oc-1d8">
         <name>.debug_info</name>
         <load_address>0x2d7d</load_address>
         <run_address>0x2d7d</run_address>
         <size>0xe5</size>
         <input_file_ref idref="fl-7"/>
      </object_component>
      <object_component id="oc-1e1">
         <name>.debug_info</name>
         <load_address>0x2e62</load_address>
         <run_address>0x2e62</run_address>
         <size>0xe5</size>
         <input_file_ref idref="fl-7"/>
      </object_component>
      <object_component id="oc-165">
         <name>.debug_info</name>
         <load_address>0x2f47</load_address>
         <run_address>0x2f47</run_address>
         <size>0xe3</size>
         <input_file_ref idref="fl-7"/>
      </object_component>
      <object_component id="oc-162">
         <name>.debug_info</name>
         <load_address>0x302a</load_address>
         <run_address>0x302a</run_address>
         <size>0xe5</size>
         <input_file_ref idref="fl-7"/>
      </object_component>
      <object_component id="oc-15a">
         <name>.debug_info</name>
         <load_address>0x310f</load_address>
         <run_address>0x310f</run_address>
         <size>0xe5</size>
         <input_file_ref idref="fl-7"/>
      </object_component>
      <object_component id="oc-1f3">
         <name>.debug_info</name>
         <load_address>0x31f4</load_address>
         <run_address>0x31f4</run_address>
         <size>0xe6</size>
         <input_file_ref idref="fl-7"/>
      </object_component>
      <object_component id="oc-1ea">
         <name>.debug_info</name>
         <load_address>0x32da</load_address>
         <run_address>0x32da</run_address>
         <size>0xd6</size>
         <input_file_ref idref="fl-7"/>
      </object_component>
      <object_component id="oc-29b">
         <name>.debug_info</name>
         <load_address>0x33b0</load_address>
         <run_address>0x33b0</run_address>
         <size>0x672</size>
         <input_file_ref idref="fl-7"/>
      </object_component>
      <object_component id="oc-29e">
         <name>.debug_info</name>
         <load_address>0x3a22</load_address>
         <run_address>0x3a22</run_address>
         <size>0xf4</size>
         <input_file_ref idref="fl-7"/>
      </object_component>
      <object_component id="oc-2a1">
         <name>.debug_info</name>
         <load_address>0x3b16</load_address>
         <run_address>0x3b16</run_address>
         <size>0xf6</size>
         <input_file_ref idref="fl-7"/>
      </object_component>
      <object_component id="oc-2a4">
         <name>.debug_info</name>
         <load_address>0x3c0c</load_address>
         <run_address>0x3c0c</run_address>
         <size>0xee</size>
         <input_file_ref idref="fl-7"/>
      </object_component>
      <object_component id="oc-347">
         <name>.debug_info</name>
         <load_address>0x3cfa</load_address>
         <run_address>0x3cfa</run_address>
         <size>0xf2</size>
         <input_file_ref idref="fl-7"/>
      </object_component>
      <object_component id="oc-341">
         <name>.debug_info</name>
         <load_address>0x3dec</load_address>
         <run_address>0x3dec</run_address>
         <size>0xea</size>
         <input_file_ref idref="fl-7"/>
      </object_component>
      <object_component id="oc-344">
         <name>.debug_info</name>
         <load_address>0x3ed6</load_address>
         <run_address>0x3ed6</run_address>
         <size>0xe6</size>
         <input_file_ref idref="fl-7"/>
      </object_component>
      <object_component id="oc-34a">
         <name>.debug_info</name>
         <load_address>0x3fbc</load_address>
         <run_address>0x3fbc</run_address>
         <size>0xf2</size>
         <input_file_ref idref="fl-7"/>
      </object_component>
      <object_component id="oc-2c7">
         <name>.debug_info</name>
         <load_address>0x40ae</load_address>
         <run_address>0x40ae</run_address>
         <size>0x1a0</size>
         <input_file_ref idref="fl-7"/>
      </object_component>
      <object_component id="oc-20c">
         <name>.debug_info</name>
         <load_address>0x424e</load_address>
         <run_address>0x424e</run_address>
         <size>0x189</size>
         <input_file_ref idref="fl-7"/>
      </object_component>
      <object_component id="oc-2c0">
         <name>.debug_info</name>
         <load_address>0x43d7</load_address>
         <run_address>0x43d7</run_address>
         <size>0x19c</size>
         <input_file_ref idref="fl-7"/>
      </object_component>
      <object_component id="oc-2cc">
         <name>.debug_info</name>
         <load_address>0x4573</load_address>
         <run_address>0x4573</run_address>
         <size>0x22b</size>
         <input_file_ref idref="fl-7"/>
      </object_component>
      <object_component id="oc-2d2">
         <name>.debug_info</name>
         <load_address>0x479e</load_address>
         <run_address>0x479e</run_address>
         <size>0x22b</size>
         <input_file_ref idref="fl-7"/>
      </object_component>
      <object_component id="oc-2d8">
         <name>.debug_info</name>
         <load_address>0x49c9</load_address>
         <run_address>0x49c9</run_address>
         <size>0x30d</size>
         <input_file_ref idref="fl-7"/>
      </object_component>
      <object_component id="oc-2e4">
         <name>.debug_info</name>
         <load_address>0x4cd6</load_address>
         <run_address>0x4cd6</run_address>
         <size>0x1f1</size>
         <input_file_ref idref="fl-7"/>
      </object_component>
      <object_component id="oc-217">
         <name>.debug_info</name>
         <load_address>0x4ec7</load_address>
         <run_address>0x4ec7</run_address>
         <size>0x6b6</size>
         <input_file_ref idref="fl-7"/>
      </object_component>
      <object_component id="oc-202">
         <name>.debug_info</name>
         <load_address>0x557d</load_address>
         <run_address>0x557d</run_address>
         <size>0x122</size>
         <input_file_ref idref="fl-7"/>
      </object_component>
      <object_component id="oc-1fc">
         <name>.debug_info</name>
         <load_address>0x569f</load_address>
         <run_address>0x569f</run_address>
         <size>0x11c</size>
         <input_file_ref idref="fl-7"/>
      </object_component>
      <object_component id="oc-2ad">
         <name>.debug_info</name>
         <load_address>0x57bb</load_address>
         <run_address>0x57bb</run_address>
         <size>0x454</size>
         <input_file_ref idref="fl-7"/>
      </object_component>
      <object_component id="oc-211">
         <name>.debug_info</name>
         <load_address>0x5c0f</load_address>
         <run_address>0x5c0f</run_address>
         <size>0x15e</size>
         <input_file_ref idref="fl-7"/>
      </object_component>
      <object_component id="oc-21d">
         <name>.debug_info</name>
         <load_address>0x5d6d</load_address>
         <run_address>0x5d6d</run_address>
         <size>0x234</size>
         <input_file_ref idref="fl-7"/>
      </object_component>
      <object_component id="oc-178">
         <name>.debug_info</name>
         <load_address>0x5fa1</load_address>
         <run_address>0x5fa1</run_address>
         <size>0x296</size>
         <input_file_ref idref="fl-7"/>
      </object_component>
      <object_component id="oc-f4">
         <name>.debug_info</name>
         <load_address>0x6237</load_address>
         <run_address>0x6237</run_address>
         <size>0x119</size>
         <input_file_ref idref="fl-7"/>
      </object_component>
      <object_component id="oc-fa">
         <name>.debug_info</name>
         <load_address>0x6350</load_address>
         <run_address>0x6350</run_address>
         <size>0x119</size>
         <input_file_ref idref="fl-7"/>
      </object_component>
      <object_component id="oc-e8">
         <name>.debug_info</name>
         <load_address>0x6469</load_address>
         <run_address>0x6469</run_address>
         <size>0x119</size>
         <input_file_ref idref="fl-7"/>
      </object_component>
      <object_component id="oc-ee">
         <name>.debug_info</name>
         <load_address>0x6582</load_address>
         <run_address>0x6582</run_address>
         <size>0x119</size>
         <input_file_ref idref="fl-7"/>
      </object_component>
      <object_component id="oc-e2">
         <name>.debug_info</name>
         <load_address>0x669b</load_address>
         <run_address>0x669b</run_address>
         <size>0x111</size>
         <input_file_ref idref="fl-7"/>
      </object_component>
      <object_component id="oc-19e">
         <name>.debug_info</name>
         <load_address>0x67ac</load_address>
         <run_address>0x67ac</run_address>
         <size>0x215</size>
         <input_file_ref idref="fl-7"/>
      </object_component>
      <object_component id="oc-354">
         <name>.debug_info</name>
         <load_address>0x69c1</load_address>
         <run_address>0x69c1</run_address>
         <size>0x121</size>
         <input_file_ref idref="fl-22"/>
      </object_component>
      <object_component id="oc-dd">
         <name>.debug_info</name>
         <load_address>0x6ae2</load_address>
         <run_address>0x6ae2</run_address>
         <size>0x10f</size>
         <input_file_ref idref="fl-2b"/>
      </object_component>
      <object_component id="oc-bb">
         <name>.debug_info</name>
         <load_address>0x6bf1</load_address>
         <run_address>0x6bf1</run_address>
         <size>0x120</size>
         <input_file_ref idref="fl-2c"/>
      </object_component>
      <object_component id="oc-b2">
         <name>.debug_info</name>
         <load_address>0x6d11</load_address>
         <run_address>0x6d11</run_address>
         <size>0x100</size>
         <input_file_ref idref="fl-2d"/>
      </object_component>
      <object_component id="oc-114">
         <name>.debug_info</name>
         <load_address>0x6e11</load_address>
         <run_address>0x6e11</run_address>
         <size>0x17a</size>
         <input_file_ref idref="fl-2d"/>
      </object_component>
      <object_component id="oc-30a">
         <name>.debug_info</name>
         <load_address>0x6f8b</load_address>
         <run_address>0x6f8b</run_address>
         <size>0x3de</size>
         <input_file_ref idref="fl-2e"/>
      </object_component>
      <object_component id="oc-232">
         <name>.debug_info</name>
         <load_address>0x7369</load_address>
         <run_address>0x7369</run_address>
         <size>0x1e0</size>
         <input_file_ref idref="fl-2e"/>
      </object_component>
      <object_component id="oc-379">
         <name>.debug_info</name>
         <load_address>0x7549</load_address>
         <run_address>0x7549</run_address>
         <size>0x39</size>
         <input_file_ref idref="fl-2e"/>
      </object_component>
      <object_component id="oc-38a">
         <name>.debug_info</name>
         <load_address>0x7582</load_address>
         <run_address>0x7582</run_address>
         <size>0x2c</size>
         <input_file_ref idref="fl-2e"/>
      </object_component>
      <object_component id="oc-315">
         <name>.debug_info</name>
         <load_address>0x75ae</load_address>
         <run_address>0x75ae</run_address>
         <size>0x2c</size>
         <input_file_ref idref="fl-2e"/>
      </object_component>
      <object_component id="oc-37e">
         <name>.debug_info</name>
         <load_address>0x75da</load_address>
         <run_address>0x75da</run_address>
         <size>0xcd</size>
         <input_file_ref idref="fl-2e"/>
      </object_component>
      <object_component id="oc-16f">
         <name>.debug_info</name>
         <load_address>0x76a7</load_address>
         <run_address>0x76a7</run_address>
         <size>0x175</size>
         <input_file_ref idref="fl-2f"/>
      </object_component>
      <object_component id="oc-102">
         <name>.debug_info</name>
         <load_address>0x781c</load_address>
         <run_address>0x781c</run_address>
         <size>0x1d2</size>
         <input_file_ref idref="fl-2f"/>
      </object_component>
      <object_component id="oc-16a">
         <name>.debug_info</name>
         <load_address>0x79ee</load_address>
         <run_address>0x79ee</run_address>
         <size>0x46</size>
         <input_file_ref idref="fl-2f"/>
      </object_component>
      <object_component id="oc-148">
         <name>.debug_info</name>
         <load_address>0x7a34</load_address>
         <run_address>0x7a34</run_address>
         <size>0x2c</size>
         <input_file_ref idref="fl-2f"/>
      </object_component>
      <object_component id="oc-172">
         <name>.debug_info</name>
         <load_address>0x7a60</load_address>
         <run_address>0x7a60</run_address>
         <size>0x153</size>
         <input_file_ref idref="fl-32"/>
      </object_component>
      <object_component id="oc-304">
         <name>.debug_info</name>
         <load_address>0x7bb3</load_address>
         <run_address>0x7bb3</run_address>
         <size>0x150</size>
         <input_file_ref idref="fl-33"/>
      </object_component>
      <object_component id="oc-db">
         <name>.debug_info</name>
         <load_address>0x7d03</load_address>
         <run_address>0x7d03</run_address>
         <size>0x180</size>
         <input_file_ref idref="fl-34"/>
      </object_component>
      <object_component id="oc-3e">
         <name>.debug_info</name>
         <load_address>0x7e83</load_address>
         <run_address>0x7e83</run_address>
         <size>0x1ea</size>
         <input_file_ref idref="fl-34"/>
      </object_component>
      <object_component id="oc-d6">
         <name>.debug_info</name>
         <load_address>0x806d</load_address>
         <run_address>0x806d</run_address>
         <size>0x46</size>
         <input_file_ref idref="fl-34"/>
      </object_component>
      <object_component id="oc-14d">
         <name>.debug_info</name>
         <load_address>0x80b3</load_address>
         <run_address>0x80b3</run_address>
         <size>0x2c</size>
         <input_file_ref idref="fl-34"/>
      </object_component>
      <object_component id="oc-145">
         <name>.debug_info</name>
         <load_address>0x80df</load_address>
         <run_address>0x80df</run_address>
         <size>0x176</size>
         <input_file_ref idref="fl-35"/>
      </object_component>
      <object_component id="oc-38">
         <name>.debug_info</name>
         <load_address>0x8255</load_address>
         <run_address>0x8255</run_address>
         <size>0x292</size>
         <input_file_ref idref="fl-35"/>
      </object_component>
      <object_component id="oc-c5">
         <name>.debug_info</name>
         <load_address>0x84e7</load_address>
         <run_address>0x84e7</run_address>
         <size>0x60</size>
         <input_file_ref idref="fl-35"/>
      </object_component>
      <object_component id="oc-193">
         <name>.debug_info</name>
         <load_address>0x8547</load_address>
         <run_address>0x8547</run_address>
         <size>0x46</size>
         <input_file_ref idref="fl-35"/>
      </object_component>
      <object_component id="oc-140">
         <name>.debug_info</name>
         <load_address>0x858d</load_address>
         <run_address>0x858d</run_address>
         <size>0x39</size>
         <input_file_ref idref="fl-35"/>
      </object_component>
      <object_component id="oc-224">
         <name>.debug_info</name>
         <load_address>0x85c6</load_address>
         <run_address>0x85c6</run_address>
         <size>0x122</size>
         <input_file_ref idref="fl-36"/>
      </object_component>
      <object_component id="oc-147">
         <name>.debug_info</name>
         <load_address>0x86e8</load_address>
         <run_address>0x86e8</run_address>
         <size>0x181</size>
         <input_file_ref idref="fl-39"/>
      </object_component>
      <object_component id="oc-d1">
         <name>.debug_info</name>
         <load_address>0x8869</load_address>
         <run_address>0x8869</run_address>
         <size>0x17a</size>
         <input_file_ref idref="fl-39"/>
      </object_component>
      <object_component id="oc-c2">
         <name>.debug_info</name>
         <load_address>0x89e3</load_address>
         <run_address>0x89e3</run_address>
         <size>0x12e</size>
         <input_file_ref idref="fl-3a"/>
      </object_component>
      <object_component id="oc-b7">
         <name>.debug_info</name>
         <load_address>0x8b11</load_address>
         <run_address>0x8b11</run_address>
         <size>0x120</size>
         <input_file_ref idref="fl-3b"/>
      </object_component>
      <object_component id="oc-3eb">
         <name>.debug_info</name>
         <load_address>0x8c31</load_address>
         <run_address>0x8c31</run_address>
         <size>0xb0</size>
      </object_component>
      <object_component id="oc-329">
         <name>.debug_line</name>
         <load_address>0x0</load_address>
         <run_address>0x0</run_address>
         <size>0x5b</size>
         <input_file_ref idref="fl-2"/>
      </object_component>
      <object_component id="oc-1de">
         <name>.debug_line</name>
         <load_address>0x5b</load_address>
         <run_address>0x5b</run_address>
         <size>0x43</size>
         <input_file_ref idref="fl-2"/>
      </object_component>
      <object_component id="oc-2aa">
         <name>.debug_line</name>
         <load_address>0x9e</load_address>
         <run_address>0x9e</run_address>
         <size>0x53</size>
         <input_file_ref idref="fl-2"/>
      </object_component>
      <object_component id="oc-27a">
         <name>.debug_line</name>
         <load_address>0xf1</load_address>
         <run_address>0xf1</run_address>
         <size>0x30</size>
         <input_file_ref idref="fl-2"/>
      </object_component>
      <object_component id="oc-cd">
         <name>.debug_line</name>
         <load_address>0x121</load_address>
         <run_address>0x121</run_address>
         <size>0x20</size>
         <input_file_ref idref="fl-2"/>
      </object_component>
      <object_component id="oc-32b">
         <name>.debug_line</name>
         <load_address>0x141</load_address>
         <run_address>0x141</run_address>
         <size>0x5b</size>
         <input_file_ref idref="fl-3"/>
      </object_component>
      <object_component id="oc-1ed">
         <name>.debug_line</name>
         <load_address>0x19c</load_address>
         <run_address>0x19c</run_address>
         <size>0x4b</size>
         <input_file_ref idref="fl-3"/>
      </object_component>
      <object_component id="oc-2e1">
         <name>.debug_line</name>
         <load_address>0x1e7</load_address>
         <run_address>0x1e7</run_address>
         <size>0x57</size>
         <input_file_ref idref="fl-3"/>
      </object_component>
      <object_component id="oc-286">
         <name>.debug_line</name>
         <load_address>0x23e</load_address>
         <run_address>0x23e</run_address>
         <size>0x31</size>
         <input_file_ref idref="fl-3"/>
      </object_component>
      <object_component id="oc-32d">
         <name>.debug_line</name>
         <load_address>0x26f</load_address>
         <run_address>0x26f</run_address>
         <size>0x5b</size>
         <input_file_ref idref="fl-4"/>
      </object_component>
      <object_component id="oc-35c">
         <name>.debug_line</name>
         <load_address>0x2ca</load_address>
         <run_address>0x2ca</run_address>
         <size>0x4f</size>
         <input_file_ref idref="fl-4"/>
      </object_component>
      <object_component id="oc-1fa">
         <name>.debug_line</name>
         <load_address>0x319</load_address>
         <run_address>0x319</run_address>
         <size>0x46</size>
         <input_file_ref idref="fl-4"/>
      </object_component>
      <object_component id="oc-33c">
         <name>.debug_line</name>
         <load_address>0x35f</load_address>
         <run_address>0x35f</run_address>
         <size>0x41</size>
         <input_file_ref idref="fl-4"/>
      </object_component>
      <object_component id="oc-28f">
         <name>.debug_line</name>
         <load_address>0x3a0</load_address>
         <run_address>0x3a0</run_address>
         <size>0x2e</size>
         <input_file_ref idref="fl-4"/>
      </object_component>
      <object_component id="oc-325">
         <name>.debug_line</name>
         <load_address>0x3ce</load_address>
         <run_address>0x3ce</run_address>
         <size>0x5b</size>
         <input_file_ref idref="fl-5"/>
      </object_component>
      <object_component id="oc-2eb">
         <name>.debug_line</name>
         <load_address>0x429</load_address>
         <run_address>0x429</run_address>
         <size>0x6e</size>
         <input_file_ref idref="fl-5"/>
      </object_component>
      <object_component id="oc-1e8">
         <name>.debug_line</name>
         <load_address>0x497</load_address>
         <run_address>0x497</run_address>
         <size>0x70</size>
         <input_file_ref idref="fl-5"/>
      </object_component>
      <object_component id="oc-1a8">
         <name>.debug_line</name>
         <load_address>0x507</load_address>
         <run_address>0x507</run_address>
         <size>0x33</size>
         <input_file_ref idref="fl-5"/>
      </object_component>
      <object_component id="oc-327">
         <name>.debug_line</name>
         <load_address>0x53a</load_address>
         <run_address>0x53a</run_address>
         <size>0x5b</size>
         <input_file_ref idref="fl-6"/>
      </object_component>
      <object_component id="oc-1c4">
         <name>.debug_line</name>
         <load_address>0x595</load_address>
         <run_address>0x595</run_address>
         <size>0x56</size>
         <input_file_ref idref="fl-6"/>
      </object_component>
      <object_component id="oc-1b7">
         <name>.debug_line</name>
         <load_address>0x5eb</load_address>
         <run_address>0x5eb</run_address>
         <size>0x5a</size>
         <input_file_ref idref="fl-6"/>
      </object_component>
      <object_component id="oc-2b8">
         <name>.debug_line</name>
         <load_address>0x645</load_address>
         <run_address>0x645</run_address>
         <size>0x63</size>
         <input_file_ref idref="fl-6"/>
      </object_component>
      <object_component id="oc-1cd">
         <name>.debug_line</name>
         <load_address>0x6a8</load_address>
         <run_address>0x6a8</run_address>
         <size>0x57</size>
         <input_file_ref idref="fl-6"/>
      </object_component>
      <object_component id="oc-2ba">
         <name>.debug_line</name>
         <load_address>0x6ff</load_address>
         <run_address>0x6ff</run_address>
         <size>0x53</size>
         <input_file_ref idref="fl-6"/>
      </object_component>
      <object_component id="oc-1d6">
         <name>.debug_line</name>
         <load_address>0x752</load_address>
         <run_address>0x752</run_address>
         <size>0x53</size>
         <input_file_ref idref="fl-6"/>
      </object_component>
      <object_component id="oc-268">
         <name>.debug_line</name>
         <load_address>0x7a5</load_address>
         <run_address>0x7a5</run_address>
         <size>0x36</size>
         <input_file_ref idref="fl-6"/>
      </object_component>
      <object_component id="oc-32f">
         <name>.debug_line</name>
         <load_address>0x7db</load_address>
         <run_address>0x7db</run_address>
         <size>0xc0</size>
         <input_file_ref idref="fl-7"/>
      </object_component>
      <object_component id="oc-1ab">
         <name>.debug_line</name>
         <load_address>0x89b</load_address>
         <run_address>0x89b</run_address>
         <size>0x2d</size>
         <input_file_ref idref="fl-7"/>
      </object_component>
      <object_component id="oc-296">
         <name>.debug_line</name>
         <load_address>0x8c8</load_address>
         <run_address>0x8c8</run_address>
         <size>0x2d</size>
         <input_file_ref idref="fl-7"/>
      </object_component>
      <object_component id="oc-19d">
         <name>.debug_line</name>
         <load_address>0x8f5</load_address>
         <run_address>0x8f5</run_address>
         <size>0x2d</size>
         <input_file_ref idref="fl-7"/>
      </object_component>
      <object_component id="oc-270">
         <name>.debug_line</name>
         <load_address>0x922</load_address>
         <run_address>0x922</run_address>
         <size>0x2d</size>
         <input_file_ref idref="fl-7"/>
      </object_component>
      <object_component id="oc-273">
         <name>.debug_line</name>
         <load_address>0x94f</load_address>
         <run_address>0x94f</run_address>
         <size>0x2d</size>
         <input_file_ref idref="fl-7"/>
      </object_component>
      <object_component id="oc-26d">
         <name>.debug_line</name>
         <load_address>0x97c</load_address>
         <run_address>0x97c</run_address>
         <size>0x2d</size>
         <input_file_ref idref="fl-7"/>
      </object_component>
      <object_component id="oc-264">
         <name>.debug_line</name>
         <load_address>0x9a9</load_address>
         <run_address>0x9a9</run_address>
         <size>0x2d</size>
         <input_file_ref idref="fl-7"/>
      </object_component>
      <object_component id="oc-276">
         <name>.debug_line</name>
         <load_address>0x9d6</load_address>
         <run_address>0x9d6</run_address>
         <size>0x2d</size>
         <input_file_ref idref="fl-7"/>
      </object_component>
      <object_component id="oc-27f">
         <name>.debug_line</name>
         <load_address>0xa03</load_address>
         <run_address>0xa03</run_address>
         <size>0x2d</size>
         <input_file_ref idref="fl-7"/>
      </object_component>
      <object_component id="oc-1af">
         <name>.debug_line</name>
         <load_address>0xa30</load_address>
         <run_address>0xa30</run_address>
         <size>0x2d</size>
         <input_file_ref idref="fl-7"/>
      </object_component>
      <object_component id="oc-1ad">
         <name>.debug_line</name>
         <load_address>0xa5d</load_address>
         <run_address>0xa5d</run_address>
         <size>0x2d</size>
         <input_file_ref idref="fl-7"/>
      </object_component>
      <object_component id="oc-1a4">
         <name>.debug_line</name>
         <load_address>0xa8a</load_address>
         <run_address>0xa8a</run_address>
         <size>0x2d</size>
         <input_file_ref idref="fl-7"/>
      </object_component>
      <object_component id="oc-28b">
         <name>.debug_line</name>
         <load_address>0xab7</load_address>
         <run_address>0xab7</run_address>
         <size>0x2d</size>
         <input_file_ref idref="fl-7"/>
      </object_component>
      <object_component id="oc-282">
         <name>.debug_line</name>
         <load_address>0xae4</load_address>
         <run_address>0xae4</run_address>
         <size>0x2d</size>
         <input_file_ref idref="fl-7"/>
      </object_component>
      <object_component id="oc-331">
         <name>.debug_line</name>
         <load_address>0xb11</load_address>
         <run_address>0xb11</run_address>
         <size>0x2d</size>
         <input_file_ref idref="fl-7"/>
      </object_component>
      <object_component id="oc-333">
         <name>.debug_line</name>
         <load_address>0xb3e</load_address>
         <run_address>0xb3e</run_address>
         <size>0x2d</size>
         <input_file_ref idref="fl-7"/>
      </object_component>
      <object_component id="oc-335">
         <name>.debug_line</name>
         <load_address>0xb6b</load_address>
         <run_address>0xb6b</run_address>
         <size>0x2d</size>
         <input_file_ref idref="fl-7"/>
      </object_component>
      <object_component id="oc-337">
         <name>.debug_line</name>
         <load_address>0xb98</load_address>
         <run_address>0xb98</run_address>
         <size>0x2d</size>
         <input_file_ref idref="fl-7"/>
      </object_component>
      <object_component id="oc-395">
         <name>.debug_line</name>
         <load_address>0xbc5</load_address>
         <run_address>0xbc5</run_address>
         <size>0x2d</size>
         <input_file_ref idref="fl-7"/>
      </object_component>
      <object_component id="oc-391">
         <name>.debug_line</name>
         <load_address>0xbf2</load_address>
         <run_address>0xbf2</run_address>
         <size>0x2d</size>
         <input_file_ref idref="fl-7"/>
      </object_component>
      <object_component id="oc-393">
         <name>.debug_line</name>
         <load_address>0xc1f</load_address>
         <run_address>0xc1f</run_address>
         <size>0x2d</size>
         <input_file_ref idref="fl-7"/>
      </object_component>
      <object_component id="oc-397">
         <name>.debug_line</name>
         <load_address>0xc4c</load_address>
         <run_address>0xc4c</run_address>
         <size>0x2d</size>
         <input_file_ref idref="fl-7"/>
      </object_component>
      <object_component id="oc-2c6">
         <name>.debug_line</name>
         <load_address>0xc79</load_address>
         <run_address>0xc79</run_address>
         <size>0x64</size>
         <input_file_ref idref="fl-7"/>
      </object_component>
      <object_component id="oc-20b">
         <name>.debug_line</name>
         <load_address>0xcdd</load_address>
         <run_address>0xcdd</run_address>
         <size>0x57</size>
         <input_file_ref idref="fl-7"/>
      </object_component>
      <object_component id="oc-2c3">
         <name>.debug_line</name>
         <load_address>0xd34</load_address>
         <run_address>0xd34</run_address>
         <size>0x57</size>
         <input_file_ref idref="fl-7"/>
      </object_component>
      <object_component id="oc-2d0">
         <name>.debug_line</name>
         <load_address>0xd8b</load_address>
         <run_address>0xd8b</run_address>
         <size>0x98</size>
         <input_file_ref idref="fl-7"/>
      </object_component>
      <object_component id="oc-2d6">
         <name>.debug_line</name>
         <load_address>0xe23</load_address>
         <run_address>0xe23</run_address>
         <size>0x149</size>
         <input_file_ref idref="fl-7"/>
      </object_component>
      <object_component id="oc-2dc">
         <name>.debug_line</name>
         <load_address>0xf6c</load_address>
         <run_address>0xf6c</run_address>
         <size>0x145</size>
         <input_file_ref idref="fl-7"/>
      </object_component>
      <object_component id="oc-2e8">
         <name>.debug_line</name>
         <load_address>0x10b1</load_address>
         <run_address>0x10b1</run_address>
         <size>0x88</size>
         <input_file_ref idref="fl-7"/>
      </object_component>
      <object_component id="oc-21a">
         <name>.debug_line</name>
         <load_address>0x1139</load_address>
         <run_address>0x1139</run_address>
         <size>0x24b</size>
         <input_file_ref idref="fl-7"/>
      </object_component>
      <object_component id="oc-206">
         <name>.debug_line</name>
         <load_address>0x1384</load_address>
         <run_address>0x1384</run_address>
         <size>0x4a</size>
         <input_file_ref idref="fl-7"/>
      </object_component>
      <object_component id="oc-1ff">
         <name>.debug_line</name>
         <load_address>0x13ce</load_address>
         <run_address>0x13ce</run_address>
         <size>0x4c</size>
         <input_file_ref idref="fl-7"/>
      </object_component>
      <object_component id="oc-2b0">
         <name>.debug_line</name>
         <load_address>0x141a</load_address>
         <run_address>0x141a</run_address>
         <size>0x113</size>
         <input_file_ref idref="fl-7"/>
      </object_component>
      <object_component id="oc-214">
         <name>.debug_line</name>
         <load_address>0x152d</load_address>
         <run_address>0x152d</run_address>
         <size>0xd4</size>
         <input_file_ref idref="fl-7"/>
      </object_component>
      <object_component id="oc-220">
         <name>.debug_line</name>
         <load_address>0x1601</load_address>
         <run_address>0x1601</run_address>
         <size>0xf0</size>
         <input_file_ref idref="fl-7"/>
      </object_component>
      <object_component id="oc-17b">
         <name>.debug_line</name>
         <load_address>0x16f1</load_address>
         <run_address>0x16f1</run_address>
         <size>0x8f</size>
         <input_file_ref idref="fl-7"/>
      </object_component>
      <object_component id="oc-f7">
         <name>.debug_line</name>
         <load_address>0x1780</load_address>
         <run_address>0x1780</run_address>
         <size>0x7d</size>
         <input_file_ref idref="fl-7"/>
      </object_component>
      <object_component id="oc-fe">
         <name>.debug_line</name>
         <load_address>0x17fd</load_address>
         <run_address>0x17fd</run_address>
         <size>0x4c</size>
         <input_file_ref idref="fl-7"/>
      </object_component>
      <object_component id="oc-ec">
         <name>.debug_line</name>
         <load_address>0x1849</load_address>
         <run_address>0x1849</run_address>
         <size>0x56</size>
         <input_file_ref idref="fl-7"/>
      </object_component>
      <object_component id="oc-f2">
         <name>.debug_line</name>
         <load_address>0x189f</load_address>
         <run_address>0x189f</run_address>
         <size>0x56</size>
         <input_file_ref idref="fl-7"/>
      </object_component>
      <object_component id="oc-e5">
         <name>.debug_line</name>
         <load_address>0x18f5</load_address>
         <run_address>0x18f5</run_address>
         <size>0x45</size>
         <input_file_ref idref="fl-7"/>
      </object_component>
      <object_component id="oc-1a1">
         <name>.debug_line</name>
         <load_address>0x193a</load_address>
         <run_address>0x193a</run_address>
         <size>0x2d</size>
         <input_file_ref idref="fl-7"/>
      </object_component>
      <object_component id="oc-356">
         <name>.debug_line</name>
         <load_address>0x1967</load_address>
         <run_address>0x1967</run_address>
         <size>0x43</size>
         <input_file_ref idref="fl-22"/>
      </object_component>
      <object_component id="oc-e0">
         <name>.debug_line</name>
         <load_address>0x19aa</load_address>
         <run_address>0x19aa</run_address>
         <size>0x3d</size>
         <input_file_ref idref="fl-2b"/>
      </object_component>
      <object_component id="oc-be">
         <name>.debug_line</name>
         <load_address>0x19e7</load_address>
         <run_address>0x19e7</run_address>
         <size>0x5e</size>
         <input_file_ref idref="fl-2c"/>
      </object_component>
      <object_component id="oc-13c">
         <name>.debug_line</name>
         <load_address>0x1a45</load_address>
         <run_address>0x1a45</run_address>
         <size>0x2a</size>
         <input_file_ref idref="fl-2d"/>
      </object_component>
      <object_component id="oc-112">
         <name>.debug_line</name>
         <load_address>0x1a6f</load_address>
         <run_address>0x1a6f</run_address>
         <size>0x46</size>
         <input_file_ref idref="fl-2d"/>
      </object_component>
      <object_component id="oc-378">
         <name>.debug_line</name>
         <load_address>0x1ab5</load_address>
         <run_address>0x1ab5</run_address>
         <size>0xbf</size>
         <input_file_ref idref="fl-2e"/>
      </object_component>
      <object_component id="oc-231">
         <name>.debug_line</name>
         <load_address>0x1b74</load_address>
         <run_address>0x1b74</run_address>
         <size>0x76</size>
         <input_file_ref idref="fl-2e"/>
      </object_component>
      <object_component id="oc-37c">
         <name>.debug_line</name>
         <load_address>0x1bea</load_address>
         <run_address>0x1bea</run_address>
         <size>0x2e</size>
         <input_file_ref idref="fl-2e"/>
      </object_component>
      <object_component id="oc-38d">
         <name>.debug_line</name>
         <load_address>0x1c18</load_address>
         <run_address>0x1c18</run_address>
         <size>0x9a</size>
         <input_file_ref idref="fl-2e"/>
      </object_component>
      <object_component id="oc-318">
         <name>.debug_line</name>
         <load_address>0x1cb2</load_address>
         <run_address>0x1cb2</run_address>
         <size>0x97</size>
         <input_file_ref idref="fl-2e"/>
      </object_component>
      <object_component id="oc-381">
         <name>.debug_line</name>
         <load_address>0x1d49</load_address>
         <run_address>0x1d49</run_address>
         <size>0x93</size>
         <input_file_ref idref="fl-2e"/>
      </object_component>
      <object_component id="oc-1b1">
         <name>.debug_line</name>
         <load_address>0x1ddc</load_address>
         <run_address>0x1ddc</run_address>
         <size>0x20</size>
         <input_file_ref idref="fl-2f"/>
      </object_component>
      <object_component id="oc-100">
         <name>.debug_line</name>
         <load_address>0x1dfc</load_address>
         <run_address>0x1dfc</run_address>
         <size>0x4a</size>
         <input_file_ref idref="fl-2f"/>
      </object_component>
      <object_component id="oc-16d">
         <name>.debug_line</name>
         <load_address>0x1e46</load_address>
         <run_address>0x1e46</run_address>
         <size>0x34</size>
         <input_file_ref idref="fl-2f"/>
      </object_component>
      <object_component id="oc-14b">
         <name>.debug_line</name>
         <load_address>0x1e7a</load_address>
         <run_address>0x1e7a</run_address>
         <size>0x92</size>
         <input_file_ref idref="fl-2f"/>
      </object_component>
      <object_component id="oc-176">
         <name>.debug_line</name>
         <load_address>0x1f0c</load_address>
         <run_address>0x1f0c</run_address>
         <size>0x3e</size>
         <input_file_ref idref="fl-32"/>
      </object_component>
      <object_component id="oc-307">
         <name>.debug_line</name>
         <load_address>0x1f4a</load_address>
         <run_address>0x1f4a</run_address>
         <size>0x3a</size>
         <input_file_ref idref="fl-33"/>
      </object_component>
      <object_component id="oc-153">
         <name>.debug_line</name>
         <load_address>0x1f84</load_address>
         <run_address>0x1f84</run_address>
         <size>0x20</size>
         <input_file_ref idref="fl-34"/>
      </object_component>
      <object_component id="oc-3c">
         <name>.debug_line</name>
         <load_address>0x1fa4</load_address>
         <run_address>0x1fa4</run_address>
         <size>0x50</size>
         <input_file_ref idref="fl-34"/>
      </object_component>
      <object_component id="oc-d9">
         <name>.debug_line</name>
         <load_address>0x1ff4</load_address>
         <run_address>0x1ff4</run_address>
         <size>0x3a</size>
         <input_file_ref idref="fl-34"/>
      </object_component>
      <object_component id="oc-150">
         <name>.debug_line</name>
         <load_address>0x202e</load_address>
         <run_address>0x202e</run_address>
         <size>0x92</size>
         <input_file_ref idref="fl-34"/>
      </object_component>
      <object_component id="oc-199">
         <name>.debug_line</name>
         <load_address>0x20c0</load_address>
         <run_address>0x20c0</run_address>
         <size>0x20</size>
         <input_file_ref idref="fl-35"/>
      </object_component>
[...]
         <value>0xffe4</value>
         <object_component_ref idref="oc-41"/>
      </symbol>
      <symbol id="sm-35a">
         <name>straightTime</name>
         <value>0x230</value>
         <object_component_ref idref="oc-29a"/>
      </symbol>
      <symbol id="sm-35b">
         <name>fillBufferCount</name>
         <value>0x20d</value>
         <object_component_ref idref="oc-29a"/>
      </symbol>
      <symbol id="sm-35c">
         <name>Schedule</name>
         <value>0x236</value>
         <object_component_ref idref="oc-207"/>
      </symbol>
      <symbol id="sm-35d">
         <name>__TI_int12</name>
         <value>0xfff8</value>
         <object_component_ref idref="oc-4a"/>
      </symbol>
      <symbol id="sm-35e">
         <name>__TI_int13</name>
         <value>0xfffa</value>
         <object_component_ref idref="oc-4b"/>
      </symbol>
      <symbol id="sm-35f">
         <name>stateControl</name>
         <value>0xc000</value>
         <object_component_ref idref="oc-216"/>
      </symbol>
      <symbol id="sm-360">
         <name>ultraReadRight</name>
         <value>0x234</value>
         <object_component_ref idref="oc-29a"/>
      </symbol>
      <symbol id="sm-361">
         <name>ultraLeft</name>
         <value>0x2de</value>
         <object_component_ref idref="oc-164"/>
      </symbol>
      <symbol id="sm-362">
         <name>avgNewReading</name>
         <value>0x204</value>
         <object_component_ref idref="oc-29a"/>
      </symbol>
      <symbol id="sm-363">
         <name>Port1_ISR</name>
         <value>0xdcd6</value>
         <object_component_ref idref="oc-e1"/>
      </symbol>
      <symbol id="sm-364">
         <name>SONARDistances</name>
         <value>0x2d4</value>
         <object_component_ref idref="oc-2a3"/>
      </symbol>
      <symbol id="sm-365">
         <name>ultraRight</name>
         <value>0x2e8</value>
         <object_component_ref idref="oc-161"/>
      </symbol>
      <symbol id="sm-366">
         <name>ultraReadLeft</name>
         <value>0x233</value>
         <object_component_ref idref="oc-29a"/>
      </symbol>
      <symbol id="sm-367">
         <name>movement</name>
         <value>0x22e</value>
         <object_component_ref idref="oc-29a"/>
      </symbol>
      <symbol id="sm-368">
         <name>state</name>
         <value>0x20b</value>
         <object_component_ref idref="oc-29a"/>
      </symbol>
      <symbol id="sm-369">
         <name>Timer0_A1_ISR</name>
         <value>0xd7b8</value>
         <object_component_ref idref="oc-e7"/>
      </symbol>
      <symbol id="sm-36a">
         <name>updateCarHeading</name>
         <value>0xd906</value>
         <object_component_ref idref="oc-2c5"/>
      </symbol>
      <symbol id="sm-36b">
         <name>j</name>
         <value>0x208</value>
         <object_component_ref idref="oc-29a"/>
      </symbol>
      <symbol id="sm-36c">
         <name>i</name>
         <value>0x206</value>
         <object_component_ref idref="oc-29a"/>
      </symbol>
      <symbol id="sm-36d">
         <name>Timer0_A0_ISR</name>
         <value>0xd9dc</value>
         <object_component_ref idref="oc-ed"/>
      </symbol>
      <symbol id="sm-36e">
         <name>setupTimerSONAR</name>
         <value>0xdb90</value>
         <object_component_ref idref="oc-1fb"/>
      </symbol>
      <symbol id="sm-36f">
         <name>avgNewAnomalyDistance</name>
         <value>0x22c</value>
         <object_component_ref idref="oc-29a"/>
      </symbol>
      <symbol id="sm-370">
         <name>anomalyStart</name>
         <value>0x2c4</value>
         <object_component_ref idref="oc-340"/>
      </symbol>
      <symbol id="sm-371">
         <name>SONAR</name>
         <value>0xc940</value>
         <object_component_ref idref="oc-2d1"/>
      </symbol>
      <symbol id="sm-372">
         <name>ultraSONAR</name>
         <value>0x2f2</value>
         <object_component_ref idref="oc-159"/>
      </symbol>
      <symbol id="sm-373">
         <name>avgAnomalyDistance</name>
         <value>0x228</value>
         <object_component_ref idref="oc-29a"/>
      </symbol>
      <symbol id="sm-374">
         <name>findDistanceAverage</name>
         <value>0xda94</value>
         <object_component_ref idref="oc-2bf"/>
      </symbol>
      <symbol id="sm-375">
         <name>timeToCanAlignSec</name>
         <value>0x21c</value>
         <object_component_ref idref="oc-29a"/>
      </symbol>
      <symbol id="sm-376">
         <name>canAnomaly</name>
         <value>0x223</value>
         <object_component_ref idref="oc-29a"/>
      </symbol>
      <symbol id="sm-377">
         <name>Timer1_A1_ISR</name>
         <value>0xd592</value>
         <object_component_ref idref="oc-f3"/>
      </symbol>
      <symbol id="sm-378">
         <name>circumnavigate</name>
         <value>0xd4c0</value>
         <object_component_ref idref="oc-2e3"/>
      </symbol>
      <symbol id="sm-379">
         <name>IR</name>
         <value>0x32c</value>
         <object_component_ref idref="oc-1e9"/>
      </symbol>
      <symbol id="sm-37a">
         <name>main</name>
         <value>0xd3bc</value>
         <object_component_ref idref="oc-177"/>
      </symbol>
      <symbol id="sm-37b">
         <name>anomalyNumber</name>
         <value>0x222</value>
         <object_component_ref idref="oc-29a"/>
      </symbol>
      <symbol id="sm-37c">
         <name>startButton</name>
         <value>0x332</value>
         <object_component_ref idref="oc-1b3"/>
      </symbol>
      <symbol id="sm-37d">
         <name>readingsOnAngle</name>
         <value>0x220</value>
         <object_component_ref idref="oc-29a"/>
      </symbol>
      <symbol id="sm-37e">
         <name>canPosition</name>
         <value>0x213</value>
         <object_component_ref idref="oc-29a"/>
      </symbol>
      <symbol id="sm-37f">
         <name>changingState</name>
         <value>0xc610</value>
         <object_component_ref idref="oc-2ac"/>
      </symbol>
      <symbol id="sm-380">
         <name>Timer1_A0_ISR</name>
         <value>0xdc6e</value>
         <object_component_ref idref="oc-f9"/>
      </symbol>
      <symbol id="sm-381">
         <name>startSide</name>
         <value>0x20e</value>
         <object_component_ref idref="oc-29a"/>
      </symbol>
      <symbol id="sm-382">
         <name>search</name>
         <value>0x214</value>
         <object_component_ref idref="oc-29a"/>
      </symbol>
      <symbol id="sm-383">
         <name>lostCount</name>
         <value>0x226</value>
         <object_component_ref idref="oc-29a"/>
      </symbol>
      <symbol id="sm-384">
         <name>motorSteer</name>
         <value>0x294</value>
         <object_component_ref idref="oc-1e0"/>
      </symbol>
      <symbol id="sm-385">
         <name>anglesChecked</name>
         <value>0x221</value>
         <object_component_ref idref="oc-29a"/>
      </symbol>
      <symbol id="sm-386">
         <name>wallDistancesRight</name>
         <value>0x306</value>
         <object_component_ref idref="oc-2a0"/>
      </symbol>
      <symbol id="sm-387">
         <name>alignToWall</name>
         <value>0xd27a</value>
         <object_component_ref idref="oc-2cb"/>
      </symbol>
      <symbol id="sm-388">
         <name>anomalyEnd</name>
         <value>0x2a4</value>
         <object_component_ref idref="oc-343"/>
      </symbol>
      <symbol id="sm-389">
         <name>currentTime</name>
         <value>0x328</value>
         <object_component_ref idref="oc-15d"/>
      </symbol>
      <symbol id="sm-38a">
         <name>LEDRed</name>
         <value>0x324</value>
         <object_component_ref idref="oc-1c5"/>
      </symbol>
      <symbol id="sm-38b">
         <name>nextState</name>
         <value>0x20c</value>
         <object_component_ref idref="oc-29a"/>
      </symbol>
      <symbol id="sm-38c">
         <name>lostCan</name>
         <value>0x224</value>
         <object_component_ref idref="oc-29a"/>
      </symbol>
      <symbol id="sm-38d">
         <name>buttonPressed</name>
         <value>0x232</value>
         <object_component_ref idref="oc-29a"/>
      </symbol>
      <symbol id="sm-38e">
         <name>wallDistancesLeft</name>
         <value>0x2fc</value>
         <object_component_ref idref="oc-29d"/>
      </symbol>
      <symbol id="sm-38f">
         <name>checkFlags</name>
         <value>0xce2c</value>
         <object_component_ref idref="oc-210"/>
      </symbol>
      <symbol id="sm-390">
         <name>setupTimerSchedule</name>
         <value>0xdbde</value>
         <object_component_ref idref="oc-201"/>
      </symbol>
      <symbol id="sm-391">
         <name>checkSchedule</name>
         <value>0xd064</value>
         <object_component_ref idref="oc-21c"/>
      </symbol>
      <symbol id="sm-392">
         <name>avgOldReading</name>
         <value>0x202</value>
         <object_component_ref idref="oc-29a"/>
      </symbol>
      <symbol id="sm-393">
         <name>timeIncrement</name>
         <value>0xd952</value>
         <object_component_ref idref="oc-20a"/>
      </symbol>
      <symbol id="sm-394">
         <name>LEDBlue</name>
         <value>0x320</value>
         <object_component_ref idref="oc-1ce"/>
      </symbol>
      <symbol id="sm-395">
         <name>flag</name>
         <value>0x310</value>
         <object_component_ref idref="oc-155"/>
      </symbol>
      <symbol id="sm-396">
         <name>avgReading</name>
         <value>0x200</value>
         <object_component_ref idref="oc-29a"/>
      </symbol>
      <symbol id="sm-397">
         <name>sideSelect</name>
         <value>0x32f</value>
         <object_component_ref idref="oc-1bc"/>
      </symbol>
      <symbol id="sm-398">
         <name>turnState</name>
         <value>0x212</value>
         <object_component_ref idref="oc-29a"/>
      </symbol>
      <symbol id="sm-399">
         <name>expectedCanDistance</name>
         <value>0x22a</value>
         <object_component_ref idref="oc-29a"/>
      </symbol>
      <symbol id="sm-3a3">
         <name>__mspabi_remu</name>
         <value>0xdc88</value>
         <object_component_ref idref="oc-352"/>
      </symbol>
      <symbol id="sm-3a4">
         <name>__mspabi_divu</name>
         <value>0xdc88</value>
         <object_component_ref idref="oc-352"/>
      </symbol>
      <symbol id="sm-3a7">
         <name>__TI_int00</name>
         <value>0xffe0</value>
         <object_component_ref idref="oc-40"/>
      </symbol>
      <symbol id="sm-3aa">
         <name>__TI_int03</name>
         <value>0xffe6</value>
         <object_component_ref idref="oc-42"/>
      </symbol>
      <symbol id="sm-3ad">
         <name>__TI_int05</name>
         <value>0xffea</value>
         <object_component_ref idref="oc-43"/>
      </symbol>
      <symbol id="sm-3b0">
         <name>__TI_int06</name>
         <value>0xffec</value>
         <object_component_ref idref="oc-44"/>
      </symbol>
      <symbol id="sm-3b3">
         <name>__TI_int07</name>
         <value>0xffee</value>
         <object_component_ref idref="oc-45"/>
      </symbol>
      <symbol id="sm-3b6">
         <name>__TI_int10</name>
         <value>0xfff4</value>
         <object_component_ref idref="oc-48"/>
      </symbol>
      <symbol id="sm-3b9">
         <name>__TI_int11</name>
         <value>0xfff6</value>
         <object_component_ref idref="oc-49"/>
      </symbol>
      <symbol id="sm-3bc">
         <name>__TI_int14</name>
         <value>0xfffc</value>
         <object_component_ref idref="oc-4c"/>
      </symbol>
      <symbol id="sm-3c4">
         <name>__TI_ISR_TRAP</name>
         <value>0xdd04</value>
         <object_component_ref idref="oc-dc"/>
      </symbol>
      <symbol id="sm-3cc">
         <name>__mspabi_srli_8</name>
         <value>0xd8e4</value>
         <object_component_ref idref="oc-ba"/>
      </symbol>
      <symbol id="sm-3cd">
         <name>__mspabi_srli_9</name>
         <value>0xd8e0</value>
         <object_component_ref idref="oc-ba"/>
      </symbol>
      <symbol id="sm-3ce">
         <name>__mspabi_srli_6</name>
         <value>0xd8ec</value>
         <object_component_ref idref="oc-ba"/>
      </symbol>
      <symbol id="sm-3cf">
         <name>__mspabi_srli_7</name>
         <value>0xd8e8</value>
         <object_component_ref idref="oc-ba"/>
      </symbol>
      <symbol id="sm-3d0">
         <name>__mspabi_srli_4</name>
         <value>0xd8f4</value>
         <object_component_ref idref="oc-ba"/>
      </symbol>
      <symbol id="sm-3d1">
         <name>__mspabi_srli_5</name>
         <value>0xd8f0</value>
         <object_component_ref idref="oc-ba"/>
      </symbol>
      <symbol id="sm-3d2">
         <name>__mspabi_srli_2</name>
         <value>0xd8fc</value>
         <object_component_ref idref="oc-ba"/>
      </symbol>
      <symbol id="sm-3d3">
         <name>__mspabi_srli_3</name>
         <value>0xd8f8</value>
         <object_component_ref idref="oc-ba"/>
      </symbol>
      <symbol id="sm-3d4">
         <name>__mspabi_srli_1</name>
         <value>0xd900</value>
         <object_component_ref idref="oc-ba"/>
      </symbol>
      <symbol id="sm-3d5">
         <name>__mspabi_srli</name>
         <value>0xd8ba</value>
         <object_component_ref idref="oc-ba"/>
      </symbol>
      <symbol id="sm-3d6">
         <name>__mspabi_srli_15</name>
         <value>0xd8c8</value>
         <object_component_ref idref="oc-ba"/>
      </symbol>
      <symbol id="sm-3d7">
         <name>__mspabi_srli_14</name>
         <value>0xd8cc</value>
         <object_component_ref idref="oc-ba"/>
      </symbol>
      <symbol id="sm-3d8">
         <name>__mspabi_srli_13</name>
         <value>0xd8d0</value>
         <object_component_ref idref="oc-ba"/>
      </symbol>
      <symbol id="sm-3d9">
         <name>__mspabi_srli_12</name>
         <value>0xd8d4</value>
         <object_component_ref idref="oc-ba"/>
      </symbol>
      <symbol id="sm-3da">
         <name>__mspabi_srli_11</name>
         <value>0xd8d8</value>
         <object_component_ref idref="oc-ba"/>
      </symbol>
      <symbol id="sm-3db">
         <name>__mspabi_srli_10</name>
         <value>0xd8dc</value>
         <object_component_ref idref="oc-ba"/>
      </symbol>
      <symbol id="sm-3eb">
         <name>_stack</name>
         <value>0x3b0</value>
         <object_component_ref idref="oc-b1"/>
      </symbol>
      <symbol id="sm-3ec">
         <name>_c_int00_noargs</name>
         <value>0xdc1a</value>
         <object_component_ref idref="oc-111"/>
      </symbol>
      <symbol id="sm-3ed">
         <name>_reset_vector</name>
         <value>0xfffe</value>
         <object_component_ref idref="oc-b4"/>
      </symbol>
      <symbol id="sm-40f">
         <name>__TI_auto_init_nobinit_nopinit</name>
         <value>0xd99a</value>
         <object_component_ref idref="oc-22f"/>
      </symbol>
      <symbol id="sm-427">
         <name>__TI_zero_init_nomemset</name>
         <value>0xdc9e</value>
         <object_component_ref idref="oc-ff"/>
      </symbol>
      <symbol id="sm-432">
         <name>_system_pre_init</name>
         <value>0xdd1a</value>
         <object_component_ref idref="oc-171"/>
      </symbol>
      <symbol id="sm-43b">
         <name>_system_post_cinit</name>
         <value>0xdd1e</value>
         <object_component_ref idref="oc-303"/>
      </symbol>
      <symbol id="sm-451">
         <name>__TI_decompress_none</name>
         <value>0xdcb2</value>
         <object_component_ref idref="oc-3a"/>
      </symbol>
      <symbol id="sm-474">
         <name>__TI_decompress_lzss</name>
         <value>0xd6cc</value>
         <object_component_ref idref="oc-34"/>
      </symbol>
      <symbol id="sm-47e">
         <name>C$$EXIT</name>
         <value>0xdd14</value>
         <object_component_ref idref="oc-223"/>
      </symbol>
      <symbol id="sm-47f">
         <name>abort</name>
         <value>0xdd14</value>
         <object_component_ref idref="oc-223"/>
      </symbol>
      <symbol id="sm-48f">
         <name>memcpy</name>
         <value>0xdcc4</value>
         <object_component_ref idref="oc-cf"/>
      </symbol>
      <symbol id="sm-498">
         <name>__mspabi_func_epilog_2</name>
         <value>0xdcf0</value>
         <object_component_ref idref="oc-bf"/>
      </symbol>
      <symbol id="sm-499">
         <name>__mspabi_func_epilog_3</name>
         <value>0xdcee</value>
         <object_component_ref idref="oc-bf"/>
      </symbol>
      <symbol id="sm-49a">
         <name>__mspabi_func_epilog_1</name>
         <value>0xdcf2</value>
         <object_component_ref idref="oc-bf"/>
      </symbol>
      <symbol id="sm-49b">
         <name>__mspabi_func_epilog_6</name>
         <value>0xdce8</value>
         <object_component_ref idref="oc-bf"/>
      </symbol>
      <symbol id="sm-49c">
         <name>__mspabi_func_epilog_7</name>
         <value>0xdce6</value>
         <object_component_ref idref="oc-bf"/>
      </symbol>
      <symbol id="sm-49d">
         <name>__mspabi_func_epilog_4</name>
         <value>0xdcec</value>
         <object_component_ref idref="oc-bf"/>
      </symbol>
      <symbol id="sm-49e">
         <name>__mspabi_func_epilog_5</name>
         <value>0xdcea</value>
         <object_component_ref idref="oc-bf"/>
      </symbol>
      <symbol id="sm-4a6">
         <name>__mspabi_slli</name>
         <value>0xdb64</value>
         <object_component_ref idref="oc-b5"/>
      </symbol>
      <symbol id="sm-4a7">
         <name>__mspabi_slli_9</name>
         <value>0xdb7c</value>
         <object_component_ref idref="oc-b5"/>
      </symbol>
      <symbol id="sm-4a8">
         <name>__mspabi_slli_8</name>
         <value>0xdb7e</value>
         <object_component_ref idref="oc-b5"/>
      </symbol>
      <symbol id="sm-4a9">
         <name>__mspabi_slli_7</name>
         <value>0xdb80</value>
         <object_component_ref idref="oc-b5"/>
      </symbol>
      <symbol id="sm-4aa">
         <name>__mspabi_slli_6</name>
         <value>0xdb82</value>
         <object_component_ref idref="oc-b5"/>
      </symbol>
      <symbol id="sm-4ab">
         <name>__mspabi_slli_5</name>
         <value>0xdb84</value>
         <object_component_ref idref="oc-b5"/>
      </symbol>
      <symbol id="sm-4ac">
         <name>__mspabi_slli_4</name>
         <value>0xdb86</value>
         <object_component_ref idref="oc-b5"/>
      </symbol>
      <symbol id="sm-4ad">
         <name>__mspabi_slli_3</name>
         <value>0xdb88</value>
         <object_component_ref idref="oc-b5"/>
      </symbol>
      <symbol id="sm-4ae">
         <name>__mspabi_slli_2</name>
         <value>0xdb8a</value>
         <object_component_ref idref="oc-b5"/>
      </symbol>
      <symbol id="sm-4af">
         <name>__mspabi_slli_1</name>
         <value>0xdb8c</value>
         <object_component_ref idref="oc-b5"/>
      </symbol>
      <symbol id="sm-4b0">
         <name>__mspabi_slli_15</name>
         <value>0xdb70</value>
         <object_component_ref idref="oc-b5"/>
      </symbol>
      <symbol id="sm-4b1">
         <name>__mspabi_slli_14</name>
         <value>0xdb72</value>
         <object_component_ref idref="oc-b5"/>
      </symbol>
      <symbol id="sm-4b2">
         <name>__mspabi_slli_13</name>
         <value>0xdb74</value>
         <object_component_ref idref="oc-b5"/>
      </symbol>
      <symbol id="sm-4b3">
         <name>__mspabi_slli_12</name>
         <value>0xdb76</value>
         <object_component_ref idref="oc-b5"/>
      </symbol>
      <symbol id="sm-4b4">
         <name>__mspabi_slli_11</name>
         <value>0xdb78</value>
         <object_component_ref idref="oc-b5"/>
      </symbol>
      <symbol id="sm-4b5">
         <name>__mspabi_slli_10</name>
         <value>0xdb7a</value>
         <object_component_ref idref="oc-b5"/>
      </symbol>
   </symbol_table>
   <title>Link successful</title>
</link_info>
