******************************************************************************
                  MSP430 Linker PC v21.6.1                     
******************************************************************************
>> Linked Thu May  2 16:17:51 2024

OUTPUT FILE NAME:   <HardwareTests.out>
ENTRY POINT SYMBOL: "_c_int00_noargs"  address: 0000cf56


MEMORY CONFIGURATION

         name            origin    length      used     unused   attr    fill
----------------------  --------  ---------  --------  --------  ----  --------
  SFR                   00000000   00000010  00000000  00000010  RWIX
  PERIPHERALS_8BIT      00000010   000000f0  00000000  000000f0  RWIX
  PERIPHERALS_16BIT     00000100   00000100  00000000  00000100  RWIX
  RAM                   00000200   00000200  000000e0  00000120  RWIX
  INFOD                 00001000   00000040  00000000  00000040  RWIX
  INFOC                 00001040   00000040  00000000  00000040  RWIX
  INFOB                 00001080   00000040  00000000  00000040  RWIX
  INFOA                 000010c0   00000040  00000000  00000040  RWIX
  FLASH                 0000c000   00003fde  000010c0  00002f1e  RWIX
  BSLSIGNATURE          0000ffde   00000002  00000002  00000000  RWIX  ffff 
  INT00                 0000ffe0   00000002  00000002  00000000  RWIX
  INT01                 0000ffe2   00000002  00000000  00000002  RWIX
  INT02                 0000ffe4   00000002  00000002  00000000  RWIX
  INT03                 0000ffe6   00000002  00000002  00000000  RWIX
  INT04                 0000ffe8   00000002  00000000  00000002  RWIX
  INT05                 0000ffea   00000002  00000002  00000000  RWIX
  INT06                 0000ffec   00000002  00000002  00000000  RWIX
  INT07                 0000ffee   00000002  00000002  00000000  RWIX
  INT08                 0000fff0   00000002  00000002  00000000  RWIX
  INT09                 0000fff2   00000002  00000002  00000000  RWIX
  INT10                 0000fff4   00000002  00000002  00000000  RWIX
  INT11                 0000fff6   00000002  00000002  00000000  RWIX
  INT12                 0000fff8   00000002  00000002  00000000  RWIX
  INT13                 0000fffa   00000002  00000002  00000000  RWIX
  INT14                 0000fffc   00000002  00000002  00000000  RWIX
  RESET                 0000fffe   00000002  00000002  00000000  RWIX


SECTION ALLOCATION MAP

 output                                  attributes/
section   page    origin      length       input sections
--------  ----  ----------  ----------   ----------------
.bss       0    00000200    0000005a     UNINITIALIZED
                  00000200    00000010     (.common:motorDrive)
                  00000210    00000010     (.common:motorSteer)
                  00000220    0000000a     (.common:ultraLeft)
                  0000022a    0000000a     (.common:ultraRight)
                  00000234    0000000a     (.common:ultraSONAR)
                  0000023e    00000006     (.common:servoA)
                  00000244    00000004     (.common:blueLED)
                  00000248    00000004     (.common:redLED)
                  0000024c    00000003     (.common:irFront)
                  0000024f    00000003     (.common:sideSelect)
                  00000252    00000003     (.common:startButton)
                  00000255    00000001     (.common:compUsed)
                  00000256    00000002     (.common:movementStage)
                  00000258    00000002     (.common:movementStageSteer)

.data      0    0000025a    00000036     UNINITIALIZED
                  0000025a    00000028     Common.obj (.data:Schedule)
                  00000282    00000009     Common.obj (.data:flag)
                  0000028b    00000001     --HOLE--
                  0000028c    00000004     Common.obj (.data:currentTime)

.stack     0    000003b0    00000050     UNINITIALIZED
                  000003b0    00000002     rts430_eabi.lib : boot.c.obj (.stack)
                  000003b2    0000004e     --HOLE--

.text      0    0000c000    000010a2     
                  0000c000    000002b0     Common.obj (.text:checkSchedule)
                  0000c2b0    0000011c     Common.obj (.text:checkFlags)
                  0000c3cc    00000116     main.obj (.text:selectComponent)
                  0000c4e2    000000b8     Common.obj (.text:Timer1_A1_ISR)
                  0000c59a    00000082     Common.obj (.text:driveTest)
                  0000c61c    0000007e     Ultrasonic.obj (.text:ultrasonicSetup)
                  0000c69a    0000007c     rts430_eabi.lib : copy_decompress_lzss.c.obj (.text:decompress:lzss:__TI_decompress_lzss)
                  0000c716    0000007c     Common.obj (.text:steerTest)
                  0000c792    00000070     Common.obj (.text:sonarTest)
                  0000c802    00000070     Ultrasonic.obj (.text:ultrasonicTrigger)
                  0000c872    0000006c     Common.obj (.text:leftTest)
                  0000c8de    0000006c     Common.obj (.text:rightTest)
                  0000c94a    00000062     Common.obj (.text:irTest)
                  0000c9ac    0000005e     Common.obj (.text:Timer0_A1_ISR)
                  0000ca0a    0000005e     Common.obj (.text:sideSelectSwitchTest)
                  0000ca68    00000058     UserInterface.obj (.text:setupButton)
                  0000cac0    00000056     Common.obj (.text:Timer0_A0_ISR)
                  0000cb16    00000056     Common.obj (.text:servoTest)
                  0000cb6c    0000004e     Common.obj (.text:startButtonTest)
                  0000cbba    0000004c     DCMotor.obj (.text:motorOutput)
                  0000cc06    0000004c     rts430_eabi.lib : lsr16.asm.obj (.text)
                  0000cc52    00000048     Common.obj (.text:timeIncrement)
                  0000cc9a    00000042     rts430_eabi.lib : autoinit.c.obj (.text:__TI_auto_init_nobinit_nopinit:__TI_auto_init_nobinit_nopinit)
                  0000ccdc    00000040     UserInterface.obj (.text:indicatorLEDSetup)
                  0000cd1c    00000040     Servo.obj (.text:servoSetup)
                  0000cd5c    0000003e     UserInterface.obj (.text:readSwitch)
                  0000cd9a    0000003c     UserInterface.obj (.text:readButton)
                  0000cdd6    0000003c     Infrared.obj (.text:readIR)
                  0000ce12    00000038     Common.obj (.text:indicatorLEDsTest)
                  0000ce4a    00000034     Servo.obj (.text:servoTurn)
                  0000ce7e    00000034     UserInterface.obj (.text:setupSwitch)
                  0000ceb2    0000002c     rts430_eabi.lib : lsl16.asm.obj (.text)
                  0000cede    0000002c     Common.obj (.text:setupTimerRADAR)
                  0000cf0a    0000002c     Common.obj (.text:setupTimerSONAR)
                  0000cf36    00000020     Common.obj (.text:setupTimerSchedule)
                  0000cf56    0000001c     rts430_eabi.lib : boot.c.obj (.text:_c_int00_noargs)
                  0000cf72    0000001c     UserInterface.obj (.text:indicatorLEDOff)
                  0000cf8e    0000001c     UserInterface.obj (.text:indicatorLEDOn)
                  0000cfaa    0000001c     UserInterface.obj (.text:indicatorLEDToggle)
                  0000cfc6    0000001c     Infrared.obj (.text:setupIR)
                  0000cfe2    00000014     rts430_eabi.lib : copy_zero_init.c.obj (.text:decompress:ZI:__TI_zero_init_nomemset:__TI_zero_init_nomemset)
                  0000cff6    00000012     Common.obj (.text:Port1_ISR)
                  0000d008    00000012     rts430_eabi.lib : copy_decompress_none.c.obj (.text:decompress:none:__TI_decompress_none)
                  0000d01a    00000012     Common.obj (.text:initLEDsPHY)
                  0000d02c    00000012     rts430_eabi.lib : memcpy.c.obj (.text:memcpy)
                  0000d03e    00000010                     : epilog.asm.obj (.text)
                  0000d04e    0000000e     Common.obj (.text:Timer1_A0_ISR)
                  0000d05c    0000000e     Common.obj (.text:initStartButtonPHY)
                  0000d06a    0000000e     main.obj (.text:main)
                  0000d078    0000000e     DCMotor.obj (.text:motorSetup)
                  0000d086    00000008     rts430_eabi.lib : isr_trap.asm.obj (.text:_isr:__TI_ISR_TRAP)
                  0000d08e    00000008     Servo.obj (.text:servoCenter)
                  0000d096    00000006     rts430_eabi.lib : exit.c.obj (.text:abort)
                  0000d09c    00000004                     : pre_init.c.obj (.text:_system_pre_init)
                  0000d0a0    00000002                     : startup.c.obj (.text:_system_post_cinit)

.cinit     0    0000d0a2    0000001e     
                  0000d0a2    0000000c     (.cinit..data.load) [load image, compression = lzss]
                  0000d0ae    00000006     (__TI_handler_table)
                  0000d0b4    00000004     (.cinit..bss.load) [load image, compression = zero_init]
                  0000d0b8    00000008     (__TI_cinit_table)

.binit     0    0000c000    00000000     

.init_array 
*          0    0000c000    00000000     UNINITIALIZED

TRAPINT    0    0000ffe0    00000002     
                  0000ffe0    00000002     rts430_eabi.lib : int00.asm.obj (.int00)

PORT1      0    0000ffe4    00000002     
                  0000ffe4    00000002     Common.obj (.int02)

PORT2      0    0000ffe6    00000002     
                  0000ffe6    00000002     rts430_eabi.lib : int03.asm.obj (.int03)

ADC10      0    0000ffea    00000002     
                  0000ffea    00000002     rts430_eabi.lib : int05.asm.obj (.int05)

USCIAB0TX 
*          0    0000ffec    00000002     
                  0000ffec    00000002     rts430_eabi.lib : int06.asm.obj (.int06)

USCIAB0RX 
*          0    0000ffee    00000002     
                  0000ffee    00000002     rts430_eabi.lib : int07.asm.obj (.int07)

TIMER0_A1 
*          0    0000fff0    00000002     
                  0000fff0    00000002     Common.obj (.int08)

TIMER0_A0 
*          0    0000fff2    00000002     
                  0000fff2    00000002     Common.obj (.int09)

WDT        0    0000fff4    00000002     
                  0000fff4    00000002     rts430_eabi.lib : int10.asm.obj (.int10)

COMPARATORA 
*          0    0000fff6    00000002     
                  0000fff6    00000002     rts430_eabi.lib : int11.asm.obj (.int11)

TIMER1_A1 
*          0    0000fff8    00000002     
                  0000fff8    00000002     Common.obj (.int12)

TIMER1_A0 
*          0    0000fffa    00000002     
                  0000fffa    00000002     Common.obj (.int13)

NMI        0    0000fffc    00000002     
                  0000fffc    00000002     rts430_eabi.lib : int14.asm.obj (.int14)

.reset     0    0000fffe    00000002     
                  0000fffe    00000002     rts430_eabi.lib : boot.c.obj (.reset)

$fill000   0    0000ffde    00000002     
                  0000ffde    00000002     --HOLE-- [fill = ffff]

MODULE SUMMARY

       Module                       code   ro data   rw data
       ------                       ----   -------   -------
    .\
       Common.obj                   2586   10        143    
       UserInterface.obj            410    0         0      
       main.obj                     292    0         0      
       Ultrasonic.obj               238    0         0      
       Servo.obj                    124    0         0      
       DCMotor.obj                  90     0         0      
       Infrared.obj                 88     0         0      
    +--+----------------------------+------+---------+---------+
       Total:                       3828   10        143    
                                                            
    C:\ti\ccs1270\ccs\tools\compiler\ti-cgt-msp430_21.6.1.LTS\lib\rts430_eabi.lib
       copy_decompress_lzss.c.obj   124    0         0      
       lsr16.asm.obj                76     0         0      
       autoinit.c.obj               66     0         0      
       lsl16.asm.obj                44     0         0      
       boot.c.obj                   28     2         0      
       copy_zero_init.c.obj         20     0         0      
       copy_decompress_none.c.obj   18     0         0      
       memcpy.c.obj                 18     0         0      
       epilog.asm.obj               16     0         0      
       isr_trap.asm.obj             8      0         0      
       exit.c.obj                   6      0         0      
       pre_init.c.obj               4      0         0      
       int00.asm.obj                0      2         0      
       int03.asm.obj                0      2         0      
       int05.asm.obj                0      2         0      
       int06.asm.obj                0      2         0      
       int07.asm.obj                0      2         0      
       int10.asm.obj                0      2         0      
       int11.asm.obj                0      2         0      
       int14.asm.obj                0      2         0      
       startup.c.obj                2      0         0      
    +--+----------------------------+------+---------+---------+
       Total:                       430    18        0      
                                                            
       Stack:                       0      0         80     
       Linker Generated:            0      30        0      
    +--+----------------------------+------+---------+---------+
       Grand Total:                 4258   58        223    


LINKER GENERATED COPY TABLES

__TI_cinit_table @ 0000d0b8 records: 2, size/record: 4, table size: 8
	.data: load addr=0000d0a2, load size=0000000c bytes, run addr=0000025a, run size=00000036 bytes, compression=lzss
	.bss: load addr=0000d0b4, load size=00000004 bytes, run addr=00000200, run size=0000005a bytes, compression=zero_init


LINKER GENERATED HANDLER TABLE

__TI_handler_table @ 0000d0ae records: 3, size/record: 2, table size: 6
	index: 0, handler: __TI_zero_init
	index: 1, handler: __TI_decompress_lzss
	index: 2, handler: __TI_decompress_none


GLOBAL SYMBOLS: SORTED ALPHABETICALLY BY Name 

address   name                          
-------   ----                          
0000004a  ADC10AE0                      
000001b0  ADC10CTL0                     
000001b2  ADC10CTL1                     
00000048  ADC10DTC0                     
00000049  ADC10DTC1                     
000001b4  ADC10MEM                      
000001bc  ADC10SA                       
00000057  BCSCTL1                       
00000058  BCSCTL2                       
00000053  BCSCTL3                       
0000d096  C$$EXIT                       
00000059  CACTL1                        
0000005a  CACTL2                        
000010fb  CALBC1_12MHZ                  
000010f9  CALBC1_16MHZ                  
000010ff  CALBC1_1MHZ                   
000010fd  CALBC1_8MHZ                   
000010fa  CALDCO_12MHZ                  
000010f8  CALDCO_16MHZ                  
000010fe  CALDCO_1MHZ                   
000010fc  CALDCO_8MHZ                   
0000005b  CAPD                          
00000056  DCOCTL                        
00000128  FCTL1                         
0000012a  FCTL2                         
0000012c  FCTL3                         
00000000  IE1                           
00000001  IE2                           
00000002  IFG1                          
00000003  IFG2                          
00000022  P1DIR                         
00000025  P1IE                          
00000024  P1IES                         
00000023  P1IFG                         
00000020  P1IN                          
00000021  P1OUT                         
00000027  P1REN                         
00000026  P1SEL                         
00000041  P1SEL2                        
0000002a  P2DIR                         
0000002d  P2IE                          
0000002c  P2IES                         
0000002b  P2IFG                         
00000028  P2IN                          
00000029  P2OUT                         
0000002f  P2REN                         
0000002e  P2SEL                         
00000042  P2SEL2                        
0000001a  P3DIR                         
00000018  P3IN                          
00000019  P3OUT                         
00000010  P3REN                         
0000001b  P3SEL                         
00000043  P3SEL2                        
0000cff6  Port1_ISR                     
0000025a  Schedule                      
00000172  TA0CCR0                       
00000174  TA0CCR1                       
00000176  TA0CCR2                       
00000162  TA0CCTL0                      
00000164  TA0CCTL1                      
00000166  TA0CCTL2                      
00000160  TA0CTL                        
0000012e  TA0IV                         
00000170  TA0R                          
00000192  TA1CCR0                       
00000194  TA1CCR1                       
00000196  TA1CCR2                       
00000182  TA1CCTL0                      
00000184  TA1CCTL1                      
00000186  TA1CCTL2                      
00000180  TA1CTL                        
0000011e  TA1IV                         
00000190  TA1R                          
000010db  TLV_ADC10_1_LEN               
000010da  TLV_ADC10_1_TAG               
000010c0  TLV_CHECKSUM                  
000010f7  TLV_DCO_30_LEN                
000010f6  TLV_DCO_30_TAG                
0000cac0  Timer0_A0_ISR                 
0000c9ac  Timer0_A1_ISR                 
0000d04e  Timer1_A0_ISR                 
0000c4e2  Timer1_A1_ISR                 
0000005d  UCA0ABCTL                     
00000062  UCA0BR0                       
00000063  UCA0BR1                       
00000060  UCA0CTL0                      
00000061  UCA0CTL1                      
0000005f  UCA0IRRCTL                    
0000005e  UCA0IRTCTL                    
00000064  UCA0MCTL                      
00000066  UCA0RXBUF                     
00000065  UCA0STAT                      
00000067  UCA0TXBUF                     
0000006a  UCB0BR0                       
0000006b  UCB0BR1                       
00000068  UCB0CTL0                      
00000069  UCB0CTL1                      
0000006c  UCB0I2CIE                     
00000118  UCB0I2COA                     
0000011a  UCB0I2CSA                     
0000006e  UCB0RXBUF                     
0000006d  UCB0STAT                      
0000006f  UCB0TXBUF                     
00000120  WDTCTL                        
00000400  __STACK_END                   
00000050  __STACK_SIZE                  
0000d0b8  __TI_CINIT_Base               
0000d0c0  __TI_CINIT_Limit              
0000d0c0  __TI_CINIT_Warm               
0000d0ae  __TI_Handler_Table_Base       
0000d0b4  __TI_Handler_Table_Limit      
0000d086  __TI_ISR_TRAP                 
0000cc9a  __TI_auto_init_nobinit_nopinit
0000c69a  __TI_decompress_lzss          
0000d008  __TI_decompress_none          
0000ffe0  __TI_int00                    
0000ffe4  __TI_int02                    
0000ffe6  __TI_int03                    
0000ffea  __TI_int05                    
0000ffec  __TI_int06                    
0000ffee  __TI_int07                    
0000fff0  __TI_int08                    
0000fff2  __TI_int09                    
0000fff4  __TI_int10                    
0000fff6  __TI_int11                    
0000fff8  __TI_int12                    
0000fffa  __TI_int13                    
0000fffc  __TI_int14                    
ffffffff  __TI_pprof_out_hndl           
ffffffff  __TI_prof_data_size           
ffffffff  __TI_prof_data_start          
0000cfe2  __TI_zero_init_nomemset       
ffffffff  __c_args__                    
0000d04a  __mspabi_func_epilog_1        
0000d048  __mspabi_func_epilog_2        
0000d046  __mspabi_func_epilog_3        
0000d044  __mspabi_func_epilog_4        
0000d042  __mspabi_func_epilog_5        
0000d040  __mspabi_func_epilog_6        
0000d03e  __mspabi_func_epilog_7        
0000ceb2  __mspabi_slli                 
0000ceda  __mspabi_slli_1               
0000cec8  __mspabi_slli_10              
0000cec6  __mspabi_slli_11              
0000cec4  __mspabi_slli_12              
0000cec2  __mspabi_slli_13              
0000cec0  __mspabi_slli_14              
0000cebe  __mspabi_slli_15              
0000ced8  __mspabi_slli_2               
0000ced6  __mspabi_slli_3               
0000ced4  __mspabi_slli_4               
0000ced2  __mspabi_slli_5               
0000ced0  __mspabi_slli_6               
0000cece  __mspabi_slli_7               
0000cecc  __mspabi_slli_8               
0000ceca  __mspabi_slli_9               
0000cc06  __mspabi_srli                 
0000cc4c  __mspabi_srli_1               
0000cc28  __mspabi_srli_10              
0000cc24  __mspabi_srli_11              
0000cc20  __mspabi_srli_12              
0000cc1c  __mspabi_srli_13              
0000cc18  __mspabi_srli_14              
0000cc14  __mspabi_srli_15              
0000cc48  __mspabi_srli_2               
0000cc44  __mspabi_srli_3               
0000cc40  __mspabi_srli_4               
0000cc3c  __mspabi_srli_5               
0000cc38  __mspabi_srli_6               
0000cc34  __mspabi_srli_7               
0000cc30  __mspabi_srli_8               
0000cc2c  __mspabi_srli_9               
0000cf56  _c_int00_noargs               
0000fffe  _reset_vector                 
000003b0  _stack                        
0000d0a0  _system_post_cinit            
0000d09c  _system_pre_init              
0000d096  abort                         
00000244  blueLED                       
0000c2b0  checkFlags                    
0000c000  checkSchedule                 
00000255  compUsed                      
0000028c  currentTime                   
0000c59a  driveTest                     
00000282  flag                          
0000cf72  indicatorLEDOff               
0000cf8e  indicatorLEDOn                
0000ccdc  indicatorLEDSetup             
0000cfaa  indicatorLEDToggle            
0000ce12  indicatorLEDsTest             
0000d01a  initLEDsPHY                   
0000d05c  initStartButtonPHY            
0000024c  irFront                       
0000c94a  irTest                        
0000c872  leftTest                      
0000d06a  main                          
0000d02c  memcpy                        
00000200  motorDrive                    
0000cbba  motorOutput                   
0000d078  motorSetup                    
00000210  motorSteer                    
00000256  movementStage                 
00000258  movementStageSteer            
0000cd9a  readButton                    
0000cdd6  readIR                        
0000cd5c  readSwitch                    
00000248  redLED                        
0000c8de  rightTest                     
0000c3cc  selectComponent               
0000023e  servoA                        
0000d08e  servoCenter                   
0000cd1c  servoSetup                    
0000cb16  servoTest                     
0000ce4a  servoTurn                     
0000ca68  setupButton                   
0000cfc6  setupIR                       
0000ce7e  setupSwitch                   
0000cede  setupTimerRADAR               
0000cf0a  setupTimerSONAR               
0000cf36  setupTimerSchedule            
0000024f  sideSelect                    
0000ca0a  sideSelectSwitchTest          
0000c792  sonarTest                     
00000252  startButton                   
0000cb6c  startButtonTest               
0000c716  steerTest                     
0000cc52  timeIncrement                 
00000220  ultraLeft                     
0000022a  ultraRight                    
00000234  ultraSONAR                    
0000c61c  ultrasonicSetup               
0000c802  ultrasonicTrigger             


GLOBAL SYMBOLS: SORTED BY Symbol Address 

address   name                          
-------   ----                          
00000000  IE1                           
00000001  IE2                           
00000002  IFG1                          
00000003  IFG2                          
00000010  P3REN                         
00000018  P3IN                          
00000019  P3OUT                         
0000001a  P3DIR                         
0000001b  P3SEL                         
00000020  P1IN                          
00000021  P1OUT                         
00000022  P1DIR                         
00000023  P1IFG                         
00000024  P1IES                         
00000025  P1IE                          
00000026  P1SEL                         
00000027  P1REN                         
00000028  P2IN                          
00000029  P2OUT                         
0000002a  P2DIR                         
0000002b  P2IFG                         
0000002c  P2IES                         
0000002d  P2IE                          
0000002e  P2SEL                         
0000002f  P2REN                         
00000041  P1SEL2                        
00000042  P2SEL2                        
00000043  P3SEL2                        
00000048  ADC10DTC0                     
00000049  ADC10DTC1                     
0000004a  ADC10AE0                      
00000050  __STACK_SIZE                  
00000053  BCSCTL3                       
00000056  DCOCTL                        
00000057  BCSCTL1                       
00000058  BCSCTL2                       
00000059  CACTL1                        
0000005a  CACTL2                        
0000005b  CAPD                          
0000005d  UCA0ABCTL                     
0000005e  UCA0IRTCTL                    
0000005f  UCA0IRRCTL                    
00000060  UCA0CTL0                      
00000061  UCA0CTL1                      
00000062  UCA0BR0                       
00000063  UCA0BR1                       
00000064  UCA0MCTL                      
00000065  UCA0STAT                      
00000066  UCA0RXBUF                     
00000067  UCA0TXBUF                     
00000068  UCB0CTL0                      
00000069  UCB0CTL1                      
0000006a  UCB0BR0                       
0000006b  UCB0BR1                       
0000006c  UCB0I2CIE                     
0000006d  UCB0STAT                      
0000006e  UCB0RXBUF                     
0000006f  UCB0TXBUF                     
00000118  UCB0I2COA                     
0000011a  UCB0I2CSA                     
0000011e  TA1IV                         
00000120  WDTCTL                        
00000128  FCTL1                         
0000012a  FCTL2                         
0000012c  FCTL3                         
0000012e  TA0IV                         
00000160  TA0CTL                        
00000162  TA0CCTL0                      
00000164  TA0CCTL1                      
00000166  TA0CCTL2                      
00000170  TA0R                          
00000172  TA0CCR0                       
00000174  TA0CCR1                       
00000176  TA0CCR2                       
00000180  TA1CTL                        
00000182  TA1CCTL0                      
00000184  TA1CCTL1                      
00000186  TA1CCTL2                      
00000190  TA1R                          
00000192  TA1CCR0                       
00000194  TA1CCR1                       
00000196  TA1CCR2                       
000001b0  ADC10CTL0                     
000001b2  ADC10CTL1                     
000001b4  ADC10MEM                      
000001bc  ADC10SA                       
00000200  motorDrive                    
00000210  motorSteer                    
00000220  ultraLeft                     
0000022a  ultraRight                    
00000234  ultraSONAR                    
0000023e  servoA                        
00000244  blueLED                       
00000248  redLED                        
0000024c  irFront                       
0000024f  sideSelect                    
00000252  startButton                   
00000255  compUsed                      
00000256  movementStage                 
00000258  movementStageSteer            
0000025a  Schedule                      
00000282  flag                          
0000028c  currentTime                   
000003b0  _stack                        
00000400  __STACK_END                   
000010c0  TLV_CHECKSUM                  
000010da  TLV_ADC10_1_TAG               
000010db  TLV_ADC10_1_LEN               
000010f6  TLV_DCO_30_TAG                
000010f7  TLV_DCO_30_LEN                
000010f8  CALDCO_16MHZ                  
000010f9  CALBC1_16MHZ                  
000010fa  CALDCO_12MHZ                  
000010fb  CALBC1_12MHZ                  
000010fc  CALDCO_8MHZ                   
000010fd  CALBC1_8MHZ                   
000010fe  CALDCO_1MHZ                   
000010ff  CALBC1_1MHZ                   
0000c000  checkSchedule                 
0000c2b0  checkFlags                    
0000c3cc  selectComponent               
0000c4e2  Timer1_A1_ISR                 
0000c59a  driveTest                     
0000c61c  ultrasonicSetup               
0000c69a  __TI_decompress_lzss          
0000c716  steerTest                     
0000c792  sonarTest                     
0000c802  ultrasonicTrigger             
0000c872  leftTest                      
0000c8de  rightTest                     
0000c94a  irTest                        
0000c9ac  Timer0_A1_ISR                 
0000ca0a  sideSelectSwitchTest          
0000ca68  setupButton                   
0000cac0  Timer0_A0_ISR                 
0000cb16  servoTest                     
0000cb6c  startButtonTest               
0000cbba  motorOutput                   
0000cc06  __mspabi_srli                 
0000cc14  __mspabi_srli_15              
0000cc18  __mspabi_srli_14              
0000cc1c  __mspabi_srli_13              
0000cc20  __mspabi_srli_12              
0000cc24  __mspabi_srli_11              
0000cc28  __mspabi_srli_10              
0000cc2c  __mspabi_srli_9               
0000cc30  __mspabi_srli_8               
0000cc34  __mspabi_srli_7               
0000cc38  __mspabi_srli_6               
0000cc3c  __mspabi_srli_5               
0000cc40  __mspabi_srli_4               
0000cc44  __mspabi_srli_3               
0000cc48  __mspabi_srli_2               
0000cc4c  __mspabi_srli_1               
0000cc52  timeIncrement                 
0000cc9a  __TI_auto_init_nobinit_nopinit
0000ccdc  indicatorLEDSetup             
0000cd1c  servoSetup                    
0000cd5c  readSwitch                    
0000cd9a  readButton                    
0000cdd6  readIR                        
0000ce12  indicatorLEDsTest             
0000ce4a  servoTurn                     
0000ce7e  setupSwitch                   
0000ceb2  __mspabi_slli                 
0000cebe  __mspabi_slli_15              
0000cec0  __mspabi_slli_14              
0000cec2  __mspabi_slli_13              
0000cec4  __mspabi_slli_12              
0000cec6  __mspabi_slli_11              
0000cec8  __mspabi_slli_10              
0000ceca  __mspabi_slli_9               
0000cecc  __mspabi_slli_8               
0000cece  __mspabi_slli_7               
0000ced0  __mspabi_slli_6               
0000ced2  __mspabi_slli_5               
0000ced4  __mspabi_slli_4               
0000ced6  __mspabi_slli_3               
0000ced8  __mspabi_slli_2               
0000ceda  __mspabi_slli_1               
0000cede  setupTimerRADAR               
0000cf0a  setupTimerSONAR               
0000cf36  setupTimerSchedule            
0000cf56  _c_int00_noargs               
0000cf72  indicatorLEDOff               
0000cf8e  indicatorLEDOn                
0000cfaa  indicatorLEDToggle            
0000cfc6  setupIR                       
0000cfe2  __TI_zero_init_nomemset       
0000cff6  Port1_ISR                     
0000d008  __TI_decompress_none          
0000d01a  initLEDsPHY                   
0000d02c  memcpy                        
0000d03e  __mspabi_func_epilog_7        
0000d040  __mspabi_func_epilog_6        
0000d042  __mspabi_func_epilog_5        
0000d044  __mspabi_func_epilog_4        
0000d046  __mspabi_func_epilog_3        
0000d048  __mspabi_func_epilog_2        
0000d04a  __mspabi_func_epilog_1        
0000d04e  Timer1_A0_ISR                 
0000d05c  initStartButtonPHY            
0000d06a  main                          
0000d078  motorSetup                    
0000d086  __TI_ISR_TRAP                 
0000d08e  servoCenter                   
0000d096  C$$EXIT                       
0000d096  abort                         
0000d09c  _system_pre_init              
0000d0a0  _system_post_cinit            
0000d0ae  __TI_Handler_Table_Base       
0000d0b4  __TI_Handler_Table_Limit      
0000d0b8  __TI_CINIT_Base               
0000d0c0  __TI_CINIT_Limit              
0000d0c0  __TI_CINIT_Warm               
0000ffe0  __TI_int00                    
0000ffe4  __TI_int02                    
0000ffe6  __TI_int03                    
0000ffea  __TI_int05                    
0000ffec  __TI_int06                    
0000ffee  __TI_int07                    
0000fff0  __TI_int08                    
0000fff2  __TI_int09                    
0000fff4  __TI_int10                    
0000fff6  __TI_int11                    
0000fff8  __TI_int12                    
0000fffa  __TI_int13                    
0000fffc  __TI_int14                    
0000fffe  _reset_vector                 
ffffffff  __TI_pprof_out_hndl           
ffffffff  __TI_prof_data_size           
ffffffff  __TI_prof_data_start          
ffffffff  __c_args__                    

[233 symbols]
